[2022-11-03T18:46:40.374+0900][gc] Using G1
[2022-11-03T18:46:40.381+0900][gc,init] Version: 17.0.2+8-86 (release)
[2022-11-03T18:46:40.381+0900][gc,init] CPUs: 8 total, 8 available
[2022-11-03T18:46:40.381+0900][gc,init] Memory: 16384M
[2022-11-03T18:46:40.381+0900][gc,init] Large Page Support: Disabled
[2022-11-03T18:46:40.381+0900][gc,init] NUMA Support: Disabled
[2022-11-03T18:46:40.381+0900][gc,init] Compressed Oops: Enabled (Zero based)
[2022-11-03T18:46:40.381+0900][gc,init] Heap Region Size: 1M
[2022-11-03T18:46:40.381+0900][gc,init] Heap Min Capacity: 1G
[2022-11-03T18:46:40.381+0900][gc,init] Heap Initial Capacity: 1G
[2022-11-03T18:46:40.381+0900][gc,init] Heap Max Capacity: 1G
[2022-11-03T18:46:40.381+0900][gc,init] Pre-touch: Disabled
[2022-11-03T18:46:40.381+0900][gc,init] Parallel Workers: 8
[2022-11-03T18:46:40.381+0900][gc,init] Concurrent Workers: 2
[2022-11-03T18:46:40.381+0900][gc,init] Concurrent Refinement Workers: 8
[2022-11-03T18:46:40.381+0900][gc,init] Periodic GC: Disabled
[2022-11-03T18:46:40.381+0900][gc,metaspace] CDS archive(s) mapped at: [0x0000000800000000-0x0000000800bd4000-0x0000000800bd4000), size 12402688, SharedBaseAddress: 0x0000000800000000, ArchiveRelocationMode: 0.
[2022-11-03T18:46:40.381+0900][gc,metaspace] Compressed class space mapped at: 0x0000000800c00000-0x0000000840c00000, reserved size: 1073741824
[2022-11-03T18:46:40.381+0900][gc,metaspace] Narrow klass base: 0x0000000800000000, Narrow klass shift: 0, Narrow klass range: 0x100000000
[2022-11-03T18:46:43.736+0900][gc,start    ] GC(0) Pause Young (Normal) (G1 Evacuation Pause)
[2022-11-03T18:46:43.737+0900][gc,task     ] GC(0) Using 8 workers of 8 for evacuation
[2022-11-03T18:46:43.762+0900][gc,mmu      ] GC(0) MMU target violated: 21.0ms (20.0ms/21.0ms)
[2022-11-03T18:46:43.762+0900][gc,phases   ] GC(0)   Pre Evacuate Collection Set: 0.3ms
[2022-11-03T18:46:43.762+0900][gc,phases   ] GC(0)   Merge Heap Roots: 0.2ms
[2022-11-03T18:46:43.762+0900][gc,phases   ] GC(0)   Evacuate Collection Set: 23.1ms
[2022-11-03T18:46:43.762+0900][gc,phases   ] GC(0)   Post Evacuate Collection Set: 0.8ms
[2022-11-03T18:46:43.762+0900][gc,phases   ] GC(0)   Other: 1.3ms
[2022-11-03T18:46:43.762+0900][gc,heap     ] GC(0) Eden regions: 51->0(44)
[2022-11-03T18:46:43.762+0900][gc,heap     ] GC(0) Survivor regions: 0->7(7)
[2022-11-03T18:46:43.762+0900][gc,heap     ] GC(0) Old regions: 0->1
[2022-11-03T18:46:43.762+0900][gc,heap     ] GC(0) Archive regions: 2->2
[2022-11-03T18:46:43.762+0900][gc,heap     ] GC(0) Humongous regions: 0->0
[2022-11-03T18:46:43.762+0900][gc,metaspace] GC(0) Metaspace: 18900K(19136K)->18900K(19136K) NonClass: 16446K(16576K)->16446K(16576K) Class: 2454K(2560K)->2454K(2560K)
[2022-11-03T18:46:43.762+0900][gc          ] GC(0) Pause Young (Normal) (G1 Evacuation Pause) 51M->8M(1024M) 25.779ms
[2022-11-03T18:46:43.762+0900][gc,cpu      ] GC(0) User=0.02s Sys=0.02s Real=0.03s
[2022-11-03T18:46:44.287+0900][gc,start    ] GC(1) Pause Young (Concurrent Start) (Metadata GC Threshold)
[2022-11-03T18:46:44.287+0900][gc,task     ] GC(1) Using 8 workers of 8 for evacuation
[2022-11-03T18:46:44.325+0900][gc,mmu      ] GC(1) MMU target violated: 21.0ms (20.0ms/21.0ms)
[2022-11-03T18:46:44.325+0900][gc,phases   ] GC(1)   Pre Evacuate Collection Set: 0.2ms
[2022-11-03T18:46:44.325+0900][gc,phases   ] GC(1)   Merge Heap Roots: 0.1ms
[2022-11-03T18:46:44.325+0900][gc,phases   ] GC(1)   Evacuate Collection Set: 36.7ms
[2022-11-03T18:46:44.325+0900][gc,phases   ] GC(1)   Post Evacuate Collection Set: 0.6ms
[2022-11-03T18:46:44.325+0900][gc,phases   ] GC(1)   Other: 0.5ms
[2022-11-03T18:46:44.325+0900][gc,heap     ] GC(1) Eden regions: 10->0(50)
[2022-11-03T18:46:44.325+0900][gc,heap     ] GC(1) Survivor regions: 7->1(7)
[2022-11-03T18:46:44.325+0900][gc,heap     ] GC(1) Old regions: 1->7
[2022-11-03T18:46:44.325+0900][gc,heap     ] GC(1) Archive regions: 2->2
[2022-11-03T18:46:44.325+0900][gc,heap     ] GC(1) Humongous regions: 0->0
[2022-11-03T18:46:44.325+0900][gc,metaspace] GC(1) Metaspace: 21264K(21504K)->21264K(21504K) NonClass: 18401K(18496K)->18401K(18496K) Class: 2863K(3008K)->2863K(3008K)
[2022-11-03T18:46:44.325+0900][gc          ] GC(1) Pause Young (Concurrent Start) (Metadata GC Threshold) 17M->8M(1024M) 38.099ms
[2022-11-03T18:46:44.325+0900][gc,cpu      ] GC(1) User=0.03s Sys=0.01s Real=0.04s
[2022-11-03T18:46:44.326+0900][gc          ] GC(2) Concurrent Mark Cycle
[2022-11-03T18:46:44.326+0900][gc,marking  ] GC(2) Concurrent Clear Claimed Marks
[2022-11-03T18:46:44.326+0900][gc,marking  ] GC(2) Concurrent Clear Claimed Marks 0.019ms
[2022-11-03T18:46:44.326+0900][gc,marking  ] GC(2) Concurrent Scan Root Regions
[2022-11-03T18:46:44.333+0900][gc,marking  ] GC(2) Concurrent Scan Root Regions 6.867ms
[2022-11-03T18:46:44.334+0900][gc,marking  ] GC(2) Concurrent Mark
[2022-11-03T18:46:44.336+0900][gc,marking  ] GC(2) Concurrent Mark From Roots
[2022-11-03T18:46:44.337+0900][gc,task     ] GC(2) Using 2 workers of 2 for marking
[2022-11-03T18:46:44.344+0900][gc,marking  ] GC(2) Concurrent Mark From Roots 8.460ms
[2022-11-03T18:46:44.344+0900][gc,marking  ] GC(2) Concurrent Preclean
[2022-11-03T18:46:44.345+0900][gc,marking  ] GC(2) Concurrent Preclean 0.037ms
[2022-11-03T18:46:44.348+0900][gc,start    ] GC(2) Pause Remark
[2022-11-03T18:46:44.377+0900][gc,mmu      ] GC(2) MMU target violated: 21.0ms (20.0ms/21.0ms)
[2022-11-03T18:46:44.377+0900][gc          ] GC(2) Pause Remark 9M->9M(1024M) 28.829ms
[2022-11-03T18:46:44.377+0900][gc,cpu      ] GC(2) User=0.02s Sys=0.02s Real=0.03s
[2022-11-03T18:46:44.378+0900][gc,marking  ] GC(2) Concurrent Mark 44.259ms
[2022-11-03T18:46:44.378+0900][gc,marking  ] GC(2) Concurrent Rebuild Remembered Sets
[2022-11-03T18:46:44.378+0900][gc,marking  ] GC(2) Concurrent Rebuild Remembered Sets 0.018ms
[2022-11-03T18:46:44.379+0900][gc,start    ] GC(2) Pause Cleanup
[2022-11-03T18:46:44.380+0900][gc          ] GC(2) Pause Cleanup 9M->9M(1024M) 0.065ms
[2022-11-03T18:46:44.380+0900][gc,cpu      ] GC(2) User=0.00s Sys=0.00s Real=0.01s
[2022-11-03T18:46:44.380+0900][gc,marking  ] GC(2) Concurrent Cleanup for Next Mark
[2022-11-03T18:46:44.387+0900][gc,marking  ] GC(2) Concurrent Cleanup for Next Mark 6.882ms
[2022-11-03T18:46:44.387+0900][gc          ] GC(2) Concurrent Mark Cycle 61.453ms
[2022-11-03T18:46:47.694+0900][gc,start    ] GC(3) Pause Young (Normal) (G1 Evacuation Pause)
[2022-11-03T18:46:47.694+0900][gc,task     ] GC(3) Using 8 workers of 8 for evacuation
[2022-11-03T18:46:47.704+0900][gc,phases   ] GC(3)   Pre Evacuate Collection Set: 0.2ms
[2022-11-03T18:46:47.704+0900][gc,phases   ] GC(3)   Merge Heap Roots: 0.7ms
[2022-11-03T18:46:47.704+0900][gc,phases   ] GC(3)   Evacuate Collection Set: 6.9ms
[2022-11-03T18:46:47.704+0900][gc,phases   ] GC(3)   Post Evacuate Collection Set: 1.8ms
[2022-11-03T18:46:47.704+0900][gc,phases   ] GC(3)   Other: 0.3ms
[2022-11-03T18:46:47.704+0900][gc,heap     ] GC(3) Eden regions: 50->0(45)
[2022-11-03T18:46:47.704+0900][gc,heap     ] GC(3) Survivor regions: 1->6(7)
[2022-11-03T18:46:47.704+0900][gc,heap     ] GC(3) Old regions: 7->7
[2022-11-03T18:46:47.704+0900][gc,heap     ] GC(3) Archive regions: 2->2
[2022-11-03T18:46:47.704+0900][gc,heap     ] GC(3) Humongous regions: 129->129
[2022-11-03T18:46:47.704+0900][gc,metaspace] GC(3) Metaspace: 32622K(32896K)->32622K(32896K) NonClass: 28663K(28800K)->28663K(28800K) Class: 3959K(4096K)->3959K(4096K)
[2022-11-03T18:46:47.704+0900][gc          ] GC(3) Pause Young (Normal) (G1 Evacuation Pause) 187M->142M(1024M) 9.987ms
[2022-11-03T18:46:47.704+0900][gc,cpu      ] GC(3) User=0.02s Sys=0.01s Real=0.01s
[2022-11-03T18:46:49.495+0900][gc,start    ] GC(4) Pause Young (Concurrent Start) (Metadata GC Threshold)
[2022-11-03T18:46:49.495+0900][gc,task     ] GC(4) Using 8 workers of 8 for evacuation
[2022-11-03T18:46:49.505+0900][gc,phases   ] GC(4)   Pre Evacuate Collection Set: 0.2ms
[2022-11-03T18:46:49.505+0900][gc,phases   ] GC(4)   Merge Heap Roots: 0.1ms
[2022-11-03T18:46:49.505+0900][gc,phases   ] GC(4)   Evacuate Collection Set: 8.9ms
[2022-11-03T18:46:49.505+0900][gc,phases   ] GC(4)   Post Evacuate Collection Set: 0.7ms
[2022-11-03T18:46:49.505+0900][gc,phases   ] GC(4)   Other: 0.2ms
[2022-11-03T18:46:49.505+0900][gc,heap     ] GC(4) Eden regions: 15->0(49)
[2022-11-03T18:46:49.505+0900][gc,heap     ] GC(4) Survivor regions: 6->2(7)
[2022-11-03T18:46:49.505+0900][gc,heap     ] GC(4) Old regions: 7->13
[2022-11-03T18:46:49.505+0900][gc,heap     ] GC(4) Archive regions: 2->2
[2022-11-03T18:46:49.505+0900][gc,heap     ] GC(4) Humongous regions: 129->129
[2022-11-03T18:46:49.505+0900][gc,metaspace] GC(4) Metaspace: 35683K(35968K)->35683K(35968K) NonClass: 31248K(31424K)->31248K(31424K) Class: 4434K(4544K)->4434K(4544K)
[2022-11-03T18:46:49.505+0900][gc          ] GC(4) Pause Young (Concurrent Start) (Metadata GC Threshold) 156M->143M(1024M) 10.145ms
[2022-11-03T18:46:49.505+0900][gc,cpu      ] GC(4) User=0.02s Sys=0.01s Real=0.01s
[2022-11-03T18:46:49.505+0900][gc          ] GC(5) Concurrent Mark Cycle
[2022-11-03T18:46:49.505+0900][gc,marking  ] GC(5) Concurrent Clear Claimed Marks
[2022-11-03T18:46:49.506+0900][gc,marking  ] GC(5) Concurrent Clear Claimed Marks 0.100ms
[2022-11-03T18:46:49.506+0900][gc,marking  ] GC(5) Concurrent Scan Root Regions
[2022-11-03T18:46:49.508+0900][gc,marking  ] GC(5) Concurrent Scan Root Regions 2.841ms
[2022-11-03T18:46:49.526+0900][gc,marking  ] GC(5) Concurrent Mark
[2022-11-03T18:46:49.526+0900][gc,marking  ] GC(5) Concurrent Mark From Roots
[2022-11-03T18:46:49.526+0900][gc,task     ] GC(5) Using 2 workers of 2 for marking
[2022-11-03T18:46:49.532+0900][gc,marking  ] GC(5) Concurrent Mark From Roots 5.895ms
[2022-11-03T18:46:49.547+0900][gc,marking  ] GC(5) Concurrent Preclean
[2022-11-03T18:46:49.548+0900][gc,marking  ] GC(5) Concurrent Preclean 0.232ms
[2022-11-03T18:46:49.548+0900][gc,start    ] GC(5) Pause Remark
[2022-11-03T18:46:49.570+0900][gc,mmu      ] GC(5) MMU target violated: 21.0ms (20.0ms/21.0ms)
[2022-11-03T18:46:49.570+0900][gc          ] GC(5) Pause Remark 143M->143M(1024M) 21.630ms
[2022-11-03T18:46:49.570+0900][gc,cpu      ] GC(5) User=0.02s Sys=0.02s Real=0.03s
[2022-11-03T18:46:49.570+0900][gc,marking  ] GC(5) Concurrent Mark 43.698ms
[2022-11-03T18:46:49.570+0900][gc,marking  ] GC(5) Concurrent Rebuild Remembered Sets
[2022-11-03T18:46:49.576+0900][gc,marking  ] GC(5) Concurrent Rebuild Remembered Sets 5.821ms
[2022-11-03T18:46:49.590+0900][gc,start    ] GC(5) Pause Cleanup
[2022-11-03T18:46:49.590+0900][gc          ] GC(5) Pause Cleanup 143M->143M(1024M) 0.157ms
[2022-11-03T18:46:49.590+0900][gc,cpu      ] GC(5) User=0.00s Sys=0.00s Real=0.00s
[2022-11-03T18:46:49.590+0900][gc,marking  ] GC(5) Concurrent Cleanup for Next Mark
[2022-11-03T18:46:49.597+0900][gc,marking  ] GC(5) Concurrent Cleanup for Next Mark 6.223ms
[2022-11-03T18:46:49.597+0900][gc          ] GC(5) Concurrent Mark Cycle 91.284ms
[2022-11-03T19:02:06.459+0900][gc,start    ] GC(6) Pause Young (Normal) (G1 Evacuation Pause)
[2022-11-03T19:02:06.460+0900][gc,task     ] GC(6) Using 8 workers of 8 for evacuation
[2022-11-03T19:02:06.488+0900][gc,mmu      ] GC(6) MMU target violated: 21.0ms (20.0ms/21.0ms)
[2022-11-03T19:02:06.488+0900][gc,phases   ] GC(6)   Pre Evacuate Collection Set: 0.9ms
[2022-11-03T19:02:06.488+0900][gc,phases   ] GC(6)   Merge Heap Roots: 0.3ms
[2022-11-03T19:02:06.488+0900][gc,phases   ] GC(6)   Evacuate Collection Set: 25.2ms
[2022-11-03T19:02:06.488+0900][gc,phases   ] GC(6)   Post Evacuate Collection Set: 1.1ms
[2022-11-03T19:02:06.488+0900][gc,phases   ] GC(6)   Other: 2.2ms
[2022-11-03T19:02:06.488+0900][gc,heap     ] GC(6) Eden regions: 49->0(47)
[2022-11-03T19:02:06.488+0900][gc,heap     ] GC(6) Survivor regions: 2->4(7)
[2022-11-03T19:02:06.488+0900][gc,heap     ] GC(6) Old regions: 13->13
[2022-11-03T19:02:06.488+0900][gc,heap     ] GC(6) Archive regions: 2->2
[2022-11-03T19:02:06.488+0900][gc,heap     ] GC(6) Humongous regions: 129->129
[2022-11-03T19:02:06.488+0900][gc,metaspace] GC(6) Metaspace: 37891K(38336K)->37891K(38336K) NonClass: 33239K(33536K)->33239K(33536K) Class: 4651K(4800K)->4651K(4800K)
[2022-11-03T19:02:06.488+0900][gc          ] GC(6) Pause Young (Normal) (G1 Evacuation Pause) 192M->145M(1024M) 29.672ms
[2022-11-03T19:02:06.488+0900][gc,cpu      ] GC(6) User=0.05s Sys=0.03s Real=0.03s
[2022-11-03T19:20:32.869+0900][gc,start    ] GC(7) Pause Young (Normal) (G1 Evacuation Pause)
[2022-11-03T19:20:32.869+0900][gc,task     ] GC(7) Using 8 workers of 8 for evacuation
[2022-11-03T19:20:32.896+0900][gc,mmu      ] GC(7) MMU target violated: 21.0ms (20.0ms/21.0ms)
[2022-11-03T19:20:32.896+0900][gc,phases   ] GC(7)   Pre Evacuate Collection Set: 0.4ms
[2022-11-03T19:20:32.896+0900][gc,phases   ] GC(7)   Merge Heap Roots: 0.1ms
[2022-11-03T19:20:32.896+0900][gc,phases   ] GC(7)   Evacuate Collection Set: 25.0ms
[2022-11-03T19:20:32.896+0900][gc,phases   ] GC(7)   Post Evacuate Collection Set: 0.7ms
[2022-11-03T19:20:32.896+0900][gc,phases   ] GC(7)   Other: 0.7ms
[2022-11-03T19:20:32.896+0900][gc,heap     ] GC(7) Eden regions: 47->0(46)
[2022-11-03T19:20:32.896+0900][gc,heap     ] GC(7) Survivor regions: 4->5(7)
[2022-11-03T19:20:32.896+0900][gc,heap     ] GC(7) Old regions: 13->13
[2022-11-03T19:20:32.896+0900][gc,heap     ] GC(7) Archive regions: 2->2
[2022-11-03T19:20:32.896+0900][gc,heap     ] GC(7) Humongous regions: 129->129
[2022-11-03T19:20:32.896+0900][gc,metaspace] GC(7) Metaspace: 38029K(38464K)->38029K(38464K) NonClass: 33378K(33664K)->33378K(33664K) Class: 4651K(4800K)->4651K(4800K)
[2022-11-03T19:20:32.896+0900][gc          ] GC(7) Pause Young (Normal) (G1 Evacuation Pause) 192M->146M(1024M) 26.933ms
[2022-11-03T19:20:32.896+0900][gc,cpu      ] GC(7) User=0.04s Sys=0.03s Real=0.03s
[2022-11-03T19:39:41.333+0900][gc,start    ] GC(8) Pause Young (Normal) (G1 Evacuation Pause)
[2022-11-03T19:39:41.334+0900][gc,task     ] GC(8) Using 8 workers of 8 for evacuation
[2022-11-03T19:39:41.354+0900][gc,mmu      ] GC(8) MMU target violated: 20.4ms (20.0ms/21.0ms)
[2022-11-03T19:39:41.355+0900][gc,phases   ] GC(8)   Pre Evacuate Collection Set: 0.6ms
[2022-11-03T19:39:41.355+0900][gc,phases   ] GC(8)   Merge Heap Roots: 0.1ms
[2022-11-03T19:39:41.355+0900][gc,phases   ] GC(8)   Evacuate Collection Set: 18.6ms
[2022-11-03T19:39:41.355+0900][gc,phases   ] GC(8)   Post Evacuate Collection Set: 1.1ms
[2022-11-03T19:39:41.355+0900][gc,phases   ] GC(8)   Other: 1.6ms
[2022-11-03T19:39:41.355+0900][gc,heap     ] GC(8) Eden regions: 46->0(48)
[2022-11-03T19:39:41.355+0900][gc,heap     ] GC(8) Survivor regions: 5->3(7)
[2022-11-03T19:39:41.355+0900][gc,heap     ] GC(8) Old regions: 13->13
[2022-11-03T19:39:41.355+0900][gc,heap     ] GC(8) Archive regions: 2->2
[2022-11-03T19:39:41.355+0900][gc,heap     ] GC(8) Humongous regions: 129->129
[2022-11-03T19:39:41.355+0900][gc,metaspace] GC(8) Metaspace: 38101K(38528K)->38101K(38528K) NonClass: 33448K(33728K)->33448K(33728K) Class: 4652K(4800K)->4652K(4800K)
[2022-11-03T19:39:41.355+0900][gc          ] GC(8) Pause Young (Normal) (G1 Evacuation Pause) 192M->145M(1024M) 22.306ms
[2022-11-03T19:39:41.355+0900][gc,cpu      ] GC(8) User=0.04s Sys=0.02s Real=0.02s
[2022-11-03T19:45:02.847+0900][gc,start    ] GC(9) Pause Young (Normal) (G1 Evacuation Pause)
[2022-11-03T19:45:02.849+0900][gc,task     ] GC(9) Using 8 workers of 8 for evacuation
[2022-11-03T19:45:02.899+0900][gc,mmu      ] GC(9) MMU target violated: 21.0ms (20.0ms/21.0ms)
[2022-11-03T19:45:02.899+0900][gc,phases   ] GC(9)   Pre Evacuate Collection Set: 1.1ms
[2022-11-03T19:45:02.899+0900][gc,phases   ] GC(9)   Merge Heap Roots: 0.1ms
[2022-11-03T19:45:02.899+0900][gc,phases   ] GC(9)   Evacuate Collection Set: 48.2ms
[2022-11-03T19:45:02.899+0900][gc,phases   ] GC(9)   Post Evacuate Collection Set: 1.0ms
[2022-11-03T19:45:02.899+0900][gc,phases   ] GC(9)   Other: 1.8ms
[2022-11-03T19:45:02.900+0900][gc,heap     ] GC(9) Eden regions: 48->0(46)
[2022-11-03T19:45:02.900+0900][gc,heap     ] GC(9) Survivor regions: 3->5(7)
[2022-11-03T19:45:02.900+0900][gc,heap     ] GC(9) Old regions: 13->13
[2022-11-03T19:45:02.900+0900][gc,heap     ] GC(9) Archive regions: 2->2
[2022-11-03T19:45:02.900+0900][gc,heap     ] GC(9) Humongous regions: 129->129
[2022-11-03T19:45:02.900+0900][gc,metaspace] GC(9) Metaspace: 39968K(40512K)->39968K(40512K) NonClass: 35023K(35328K)->35023K(35328K) Class: 4944K(5184K)->4944K(5184K)
[2022-11-03T19:45:02.900+0900][gc          ] GC(9) Pause Young (Normal) (G1 Evacuation Pause) 193M->147M(1024M) 52.300ms
[2022-11-03T19:45:02.900+0900][gc,cpu      ] GC(9) User=0.06s Sys=0.08s Real=0.06s
[2022-11-03T20:00:11.266+0900][gc,start    ] GC(10) Pause Young (Normal) (G1 Evacuation Pause)
[2022-11-03T20:00:11.266+0900][gc,task     ] GC(10) Using 8 workers of 8 for evacuation
[2022-11-03T20:00:11.290+0900][gc,mmu      ] GC(10) MMU target violated: 21.0ms (20.0ms/21.0ms)
[2022-11-03T20:00:11.291+0900][gc,phases   ] GC(10)   Pre Evacuate Collection Set: 0.4ms
[2022-11-03T20:00:11.291+0900][gc,phases   ] GC(10)   Merge Heap Roots: 0.1ms
[2022-11-03T20:00:11.291+0900][gc,phases   ] GC(10)   Evacuate Collection Set: 23.0ms
[2022-11-03T20:00:11.291+0900][gc,phases   ] GC(10)   Post Evacuate Collection Set: 0.8ms
[2022-11-03T20:00:11.291+0900][gc,phases   ] GC(10)   Other: 0.6ms
[2022-11-03T20:00:11.291+0900][gc,heap     ] GC(10) Eden regions: 46->0(48)
[2022-11-03T20:00:11.291+0900][gc,heap     ] GC(10) Survivor regions: 5->3(7)
[2022-11-03T20:00:11.291+0900][gc,heap     ] GC(10) Old regions: 13->15
[2022-11-03T20:00:11.291+0900][gc,heap     ] GC(10) Archive regions: 2->2
[2022-11-03T20:00:11.291+0900][gc,heap     ] GC(10) Humongous regions: 129->129
[2022-11-03T20:00:11.291+0900][gc,metaspace] GC(10) Metaspace: 40057K(40576K)->40057K(40576K) NonClass: 35109K(35392K)->35109K(35392K) Class: 4948K(5184K)->4948K(5184K)
[2022-11-03T20:00:11.291+0900][gc          ] GC(10) Pause Young (Normal) (G1 Evacuation Pause) 193M->147M(1024M) 25.148ms
[2022-11-03T20:00:11.291+0900][gc,cpu      ] GC(10) User=0.06s Sys=0.02s Real=0.03s
