[2022-11-05T13:44:24.606+0900][gc] Using G1
[2022-11-05T13:44:24.615+0900][gc,init] Version: 17.0.2+8-86 (release)
[2022-11-05T13:44:24.615+0900][gc,init] CPUs: 8 total, 8 available
[2022-11-05T13:44:24.615+0900][gc,init] Memory: 16384M
[2022-11-05T13:44:24.615+0900][gc,init] Large Page Support: Disabled
[2022-11-05T13:44:24.615+0900][gc,init] NUMA Support: Disabled
[2022-11-05T13:44:24.615+0900][gc,init] Compressed Oops: Enabled (Zero based)
[2022-11-05T13:44:24.615+0900][gc,init] Heap Region Size: 1M
[2022-11-05T13:44:24.615+0900][gc,init] Heap Min Capacity: 1G
[2022-11-05T13:44:24.615+0900][gc,init] Heap Initial Capacity: 1G
[2022-11-05T13:44:24.615+0900][gc,init] Heap Max Capacity: 1G
[2022-11-05T13:44:24.615+0900][gc,init] Pre-touch: Disabled
[2022-11-05T13:44:24.615+0900][gc,init] Parallel Workers: 8
[2022-11-05T13:44:24.615+0900][gc,init] Concurrent Workers: 2
[2022-11-05T13:44:24.615+0900][gc,init] Concurrent Refinement Workers: 8
[2022-11-05T13:44:24.615+0900][gc,init] Periodic GC: Disabled
[2022-11-05T13:44:24.616+0900][gc,metaspace] CDS archive(s) mapped at: [0x0000000800000000-0x0000000800bd4000-0x0000000800bd4000), size 12402688, SharedBaseAddress: 0x0000000800000000, ArchiveRelocationMode: 0.
[2022-11-05T13:44:24.616+0900][gc,metaspace] Compressed class space mapped at: 0x0000000800c00000-0x0000000840c00000, reserved size: 1073741824
[2022-11-05T13:44:24.616+0900][gc,metaspace] Narrow klass base: 0x0000000800000000, Narrow klass shift: 0, Narrow klass range: 0x100000000
[2022-11-05T13:44:49.676+0900][gc,start    ] GC(0) Pause Young (Normal) (G1 Evacuation Pause)
[2022-11-05T13:44:49.677+0900][gc,task     ] GC(0) Using 8 workers of 8 for evacuation
[2022-11-05T13:44:49.706+0900][gc,mmu      ] GC(0) MMU target violated: 21.0ms (20.0ms/21.0ms)
[2022-11-05T13:44:49.706+0900][gc,phases   ] GC(0)   Pre Evacuate Collection Set: 0.4ms
[2022-11-05T13:44:49.706+0900][gc,phases   ] GC(0)   Merge Heap Roots: 0.1ms
[2022-11-05T13:44:49.706+0900][gc,phases   ] GC(0)   Evacuate Collection Set: 26.7ms
[2022-11-05T13:44:49.706+0900][gc,phases   ] GC(0)   Post Evacuate Collection Set: 1.1ms
[2022-11-05T13:44:49.706+0900][gc,phases   ] GC(0)   Other: 1.8ms
[2022-11-05T13:44:49.706+0900][gc,heap     ] GC(0) Eden regions: 51->0(44)
[2022-11-05T13:44:49.706+0900][gc,heap     ] GC(0) Survivor regions: 0->7(7)
[2022-11-05T13:44:49.706+0900][gc,heap     ] GC(0) Old regions: 0->1
[2022-11-05T13:44:49.706+0900][gc,heap     ] GC(0) Archive regions: 2->2
[2022-11-05T13:44:49.706+0900][gc,heap     ] GC(0) Humongous regions: 0->0
[2022-11-05T13:44:49.706+0900][gc,metaspace] GC(0) Metaspace: 18812K(19008K)->18812K(19008K) NonClass: 16358K(16448K)->16358K(16448K) Class: 2454K(2560K)->2454K(2560K)
[2022-11-05T13:44:49.706+0900][gc          ] GC(0) Pause Young (Normal) (G1 Evacuation Pause) 51M->8M(1024M) 30.120ms
[2022-11-05T13:44:49.706+0900][gc,cpu      ] GC(0) User=0.04s Sys=0.03s Real=0.03s
[2022-11-05T13:44:50.215+0900][gc,start    ] GC(1) Pause Young (Concurrent Start) (Metadata GC Threshold)
[2022-11-05T13:44:50.215+0900][gc,task     ] GC(1) Using 8 workers of 8 for evacuation
[2022-11-05T13:44:50.234+0900][gc,phases   ] GC(1)   Pre Evacuate Collection Set: 0.9ms
[2022-11-05T13:44:50.234+0900][gc,phases   ] GC(1)   Merge Heap Roots: 0.1ms
[2022-11-05T13:44:50.234+0900][gc,phases   ] GC(1)   Evacuate Collection Set: 16.1ms
[2022-11-05T13:44:50.234+0900][gc,phases   ] GC(1)   Post Evacuate Collection Set: 0.9ms
[2022-11-05T13:44:50.234+0900][gc,phases   ] GC(1)   Other: 0.4ms
[2022-11-05T13:44:50.234+0900][gc,heap     ] GC(1) Eden regions: 11->0(49)
[2022-11-05T13:44:50.234+0900][gc,heap     ] GC(1) Survivor regions: 7->2(7)
[2022-11-05T13:44:50.234+0900][gc,heap     ] GC(1) Old regions: 1->8
[2022-11-05T13:44:50.234+0900][gc,heap     ] GC(1) Archive regions: 2->2
[2022-11-05T13:44:50.234+0900][gc,heap     ] GC(1) Humongous regions: 129->129
[2022-11-05T13:44:50.234+0900][gc,metaspace] GC(1) Metaspace: 21276K(21504K)->21276K(21504K) NonClass: 18412K(18496K)->18412K(18496K) Class: 2863K(3008K)->2863K(3008K)
[2022-11-05T13:44:50.234+0900][gc          ] GC(1) Pause Young (Concurrent Start) (Metadata GC Threshold) 148M->138M(1024M) 18.830ms
[2022-11-05T13:44:50.234+0900][gc,cpu      ] GC(1) User=0.03s Sys=0.01s Real=0.02s
[2022-11-05T13:44:50.236+0900][gc          ] GC(2) Concurrent Mark Cycle
[2022-11-05T13:44:50.236+0900][gc,marking  ] GC(2) Concurrent Clear Claimed Marks
[2022-11-05T13:44:50.236+0900][gc,marking  ] GC(2) Concurrent Clear Claimed Marks 0.021ms
[2022-11-05T13:44:50.236+0900][gc,marking  ] GC(2) Concurrent Scan Root Regions
[2022-11-05T13:44:50.244+0900][gc,marking  ] GC(2) Concurrent Scan Root Regions 8.664ms
[2022-11-05T13:44:50.247+0900][gc,marking  ] GC(2) Concurrent Mark
[2022-11-05T13:44:50.247+0900][gc,marking  ] GC(2) Concurrent Mark From Roots
[2022-11-05T13:44:50.247+0900][gc,task     ] GC(2) Using 2 workers of 2 for marking
[2022-11-05T13:44:50.252+0900][gc,marking  ] GC(2) Concurrent Mark From Roots 4.954ms
[2022-11-05T13:44:50.252+0900][gc,marking  ] GC(2) Concurrent Preclean
[2022-11-05T13:44:50.252+0900][gc,marking  ] GC(2) Concurrent Preclean 0.093ms
[2022-11-05T13:44:50.253+0900][gc,start    ] GC(2) Pause Remark
[2022-11-05T13:44:50.272+0900][gc          ] GC(2) Pause Remark 139M->139M(1024M) 19.011ms
[2022-11-05T13:44:50.272+0900][gc,cpu      ] GC(2) User=0.01s Sys=0.01s Real=0.02s
[2022-11-05T13:44:50.273+0900][gc,marking  ] GC(2) Concurrent Mark 25.426ms
[2022-11-05T13:44:50.273+0900][gc,marking  ] GC(2) Concurrent Rebuild Remembered Sets
[2022-11-05T13:44:50.275+0900][gc,marking  ] GC(2) Concurrent Rebuild Remembered Sets 2.047ms
[2022-11-05T13:44:50.275+0900][gc,start    ] GC(2) Pause Cleanup
[2022-11-05T13:44:50.275+0900][gc          ] GC(2) Pause Cleanup 139M->139M(1024M) 0.137ms
[2022-11-05T13:44:50.275+0900][gc,cpu      ] GC(2) User=0.00s Sys=0.00s Real=0.00s
[2022-11-05T13:44:50.275+0900][gc,marking  ] GC(2) Concurrent Cleanup for Next Mark
[2022-11-05T13:44:50.279+0900][gc,marking  ] GC(2) Concurrent Cleanup for Next Mark 3.541ms
[2022-11-05T13:44:50.279+0900][gc          ] GC(2) Concurrent Mark Cycle 43.172ms
[2022-11-05T13:44:51.561+0900][gc,start    ] GC(3) Pause Young (Normal) (G1 Evacuation Pause)
[2022-11-05T13:44:51.561+0900][gc,task     ] GC(3) Using 8 workers of 8 for evacuation
[2022-11-05T13:44:51.566+0900][gc,phases   ] GC(3)   Pre Evacuate Collection Set: 0.1ms
[2022-11-05T13:44:51.566+0900][gc,phases   ] GC(3)   Merge Heap Roots: 0.1ms
[2022-11-05T13:44:51.566+0900][gc,phases   ] GC(3)   Evacuate Collection Set: 4.0ms
[2022-11-05T13:44:51.566+0900][gc,phases   ] GC(3)   Post Evacuate Collection Set: 0.5ms
[2022-11-05T13:44:51.566+0900][gc,phases   ] GC(3)   Other: 0.1ms
[2022-11-05T13:44:51.566+0900][gc,heap     ] GC(3) Eden regions: 49->0(45)
[2022-11-05T13:44:51.566+0900][gc,heap     ] GC(3) Survivor regions: 2->6(7)
[2022-11-05T13:44:51.566+0900][gc,heap     ] GC(3) Old regions: 8->8
[2022-11-05T13:44:51.566+0900][gc,heap     ] GC(3) Archive regions: 2->2
[2022-11-05T13:44:51.566+0900][gc,heap     ] GC(3) Humongous regions: 129->129
[2022-11-05T13:44:51.566+0900][gc,metaspace] GC(3) Metaspace: 32919K(33152K)->32919K(33152K) NonClass: 28913K(29056K)->28913K(29056K) Class: 4006K(4096K)->4006K(4096K)
[2022-11-05T13:44:51.566+0900][gc          ] GC(3) Pause Young (Normal) (G1 Evacuation Pause) 187M->142M(1024M) 4.850ms
[2022-11-05T13:44:51.566+0900][gc,cpu      ] GC(3) User=0.02s Sys=0.00s Real=0.00s
[2022-11-05T13:44:52.529+0900][gc,start    ] GC(4) Pause Young (Concurrent Start) (Metadata GC Threshold)
[2022-11-05T13:44:52.529+0900][gc,task     ] GC(4) Using 8 workers of 8 for evacuation
[2022-11-05T13:44:52.535+0900][gc,phases   ] GC(4)   Pre Evacuate Collection Set: 0.2ms
[2022-11-05T13:44:52.535+0900][gc,phases   ] GC(4)   Merge Heap Roots: 0.1ms
[2022-11-05T13:44:52.535+0900][gc,phases   ] GC(4)   Evacuate Collection Set: 5.3ms
[2022-11-05T13:44:52.535+0900][gc,phases   ] GC(4)   Post Evacuate Collection Set: 0.6ms
[2022-11-05T13:44:52.535+0900][gc,phases   ] GC(4)   Other: 0.2ms
[2022-11-05T13:44:52.535+0900][gc,heap     ] GC(4) Eden regions: 13->0(49)
[2022-11-05T13:44:52.535+0900][gc,heap     ] GC(4) Survivor regions: 6->2(7)
[2022-11-05T13:44:52.535+0900][gc,heap     ] GC(4) Old regions: 8->13
[2022-11-05T13:44:52.535+0900][gc,heap     ] GC(4) Archive regions: 2->2
[2022-11-05T13:44:52.535+0900][gc,heap     ] GC(4) Humongous regions: 129->129
[2022-11-05T13:44:52.535+0900][gc,metaspace] GC(4) Metaspace: 35569K(35968K)->35569K(35968K) NonClass: 31142K(31360K)->31142K(31360K) Class: 4426K(4608K)->4426K(4608K)
[2022-11-05T13:44:52.535+0900][gc          ] GC(4) Pause Young (Concurrent Start) (Metadata GC Threshold) 154M->143M(1024M) 6.406ms
[2022-11-05T13:44:52.535+0900][gc,cpu      ] GC(4) User=0.03s Sys=0.01s Real=0.01s
[2022-11-05T13:44:52.535+0900][gc          ] GC(5) Concurrent Mark Cycle
[2022-11-05T13:44:52.535+0900][gc,marking  ] GC(5) Concurrent Clear Claimed Marks
[2022-11-05T13:44:52.535+0900][gc,marking  ] GC(5) Concurrent Clear Claimed Marks 0.054ms
[2022-11-05T13:44:52.535+0900][gc,marking  ] GC(5) Concurrent Scan Root Regions
[2022-11-05T13:44:52.537+0900][gc,marking  ] GC(5) Concurrent Scan Root Regions 2.067ms
[2022-11-05T13:44:52.537+0900][gc,marking  ] GC(5) Concurrent Mark
[2022-11-05T13:44:52.537+0900][gc,marking  ] GC(5) Concurrent Mark From Roots
[2022-11-05T13:44:52.537+0900][gc,task     ] GC(5) Using 2 workers of 2 for marking
[2022-11-05T13:44:52.542+0900][gc,marking  ] GC(5) Concurrent Mark From Roots 4.642ms
[2022-11-05T13:44:52.542+0900][gc,marking  ] GC(5) Concurrent Preclean
[2022-11-05T13:44:52.542+0900][gc,marking  ] GC(5) Concurrent Preclean 0.085ms
[2022-11-05T13:44:52.542+0900][gc,start    ] GC(5) Pause Remark
[2022-11-05T13:44:52.556+0900][gc          ] GC(5) Pause Remark 143M->143M(1024M) 13.345ms
[2022-11-05T13:44:52.556+0900][gc,cpu      ] GC(5) User=0.01s Sys=0.02s Real=0.01s
[2022-11-05T13:44:52.556+0900][gc,marking  ] GC(5) Concurrent Mark 18.637ms
[2022-11-05T13:44:52.556+0900][gc,marking  ] GC(5) Concurrent Rebuild Remembered Sets
[2022-11-05T13:44:52.560+0900][gc,marking  ] GC(5) Concurrent Rebuild Remembered Sets 3.828ms
[2022-11-05T13:44:52.560+0900][gc,start    ] GC(5) Pause Cleanup
[2022-11-05T13:44:52.560+0900][gc          ] GC(5) Pause Cleanup 143M->143M(1024M) 0.168ms
[2022-11-05T13:44:52.560+0900][gc,cpu      ] GC(5) User=0.00s Sys=0.00s Real=0.00s
[2022-11-05T13:44:52.561+0900][gc,marking  ] GC(5) Concurrent Cleanup for Next Mark
[2022-11-05T13:44:52.564+0900][gc,marking  ] GC(5) Concurrent Cleanup for Next Mark 3.200ms
[2022-11-05T13:44:52.564+0900][gc          ] GC(5) Concurrent Mark Cycle 28.680ms
[2022-11-05T13:55:18.562+0900][gc,start    ] GC(6) Pause Young (Normal) (G1 Evacuation Pause)
[2022-11-05T13:55:18.562+0900][gc,task     ] GC(6) Using 8 workers of 8 for evacuation
[2022-11-05T13:55:18.614+0900][gc,mmu      ] GC(6) MMU target violated: 21.0ms (20.0ms/21.0ms)
[2022-11-05T13:55:18.614+0900][gc,phases   ] GC(6)   Pre Evacuate Collection Set: 1.4ms
[2022-11-05T13:55:18.614+0900][gc,phases   ] GC(6)   Merge Heap Roots: 0.5ms
[2022-11-05T13:55:18.614+0900][gc,phases   ] GC(6)   Evacuate Collection Set: 48.7ms
[2022-11-05T13:55:18.614+0900][gc,phases   ] GC(6)   Post Evacuate Collection Set: 1.0ms
[2022-11-05T13:55:18.614+0900][gc,phases   ] GC(6)   Other: 0.8ms
[2022-11-05T13:55:18.614+0900][gc,heap     ] GC(6) Eden regions: 49->0(47)
[2022-11-05T13:55:18.614+0900][gc,heap     ] GC(6) Survivor regions: 2->4(7)
[2022-11-05T13:55:18.614+0900][gc,heap     ] GC(6) Old regions: 13->13
[2022-11-05T13:55:18.614+0900][gc,heap     ] GC(6) Archive regions: 2->2
[2022-11-05T13:55:18.614+0900][gc,heap     ] GC(6) Humongous regions: 129->129
[2022-11-05T13:55:18.614+0900][gc,metaspace] GC(6) Metaspace: 38999K(39488K)->38999K(39488K) NonClass: 34186K(34432K)->34186K(34432K) Class: 4812K(5056K)->4812K(5056K)
[2022-11-05T13:55:18.614+0900][gc          ] GC(6) Pause Young (Normal) (G1 Evacuation Pause) 192M->145M(1024M) 52.509ms
[2022-11-05T13:55:18.614+0900][gc,cpu      ] GC(6) User=0.04s Sys=0.10s Real=0.05s
[2022-11-05T14:12:35.612+0900][gc,start    ] GC(7) Pause Young (Normal) (G1 Evacuation Pause)
[2022-11-05T14:12:35.613+0900][gc,task     ] GC(7) Using 8 workers of 8 for evacuation
[2022-11-05T14:12:35.656+0900][gc,mmu      ] GC(7) MMU target violated: 21.0ms (20.0ms/21.0ms)
[2022-11-05T14:12:35.656+0900][gc,phases   ] GC(7)   Pre Evacuate Collection Set: 1.0ms
[2022-11-05T14:12:35.656+0900][gc,phases   ] GC(7)   Merge Heap Roots: 0.2ms
[2022-11-05T14:12:35.656+0900][gc,phases   ] GC(7)   Evacuate Collection Set: 39.9ms
[2022-11-05T14:12:35.656+0900][gc,phases   ] GC(7)   Post Evacuate Collection Set: 1.0ms
[2022-11-05T14:12:35.656+0900][gc,phases   ] GC(7)   Other: 2.1ms
[2022-11-05T14:12:35.656+0900][gc,heap     ] GC(7) Eden regions: 47->0(47)
[2022-11-05T14:12:35.656+0900][gc,heap     ] GC(7) Survivor regions: 4->4(7)
[2022-11-05T14:12:35.656+0900][gc,heap     ] GC(7) Old regions: 13->13
[2022-11-05T14:12:35.656+0900][gc,heap     ] GC(7) Archive regions: 2->2
[2022-11-05T14:12:35.656+0900][gc,heap     ] GC(7) Humongous regions: 129->129
[2022-11-05T14:12:35.656+0900][gc,metaspace] GC(7) Metaspace: 39093K(39616K)->39093K(39616K) NonClass: 34280K(34560K)->34280K(34560K) Class: 4812K(5056K)->4812K(5056K)
[2022-11-05T14:12:35.656+0900][gc          ] GC(7) Pause Young (Normal) (G1 Evacuation Pause) 192M->145M(1024M) 44.296ms
[2022-11-05T14:12:35.656+0900][gc,cpu      ] GC(7) User=0.05s Sys=0.06s Real=0.04s
[2022-11-05T14:31:06.976+0900][gc,start    ] GC(8) Pause Young (Normal) (G1 Evacuation Pause)
[2022-11-05T14:31:06.976+0900][gc,task     ] GC(8) Using 8 workers of 8 for evacuation
[2022-11-05T14:31:07.000+0900][gc,mmu      ] GC(8) MMU target violated: 21.0ms (20.0ms/21.0ms)
[2022-11-05T14:31:07.001+0900][gc,phases   ] GC(8)   Pre Evacuate Collection Set: 0.7ms
[2022-11-05T14:31:07.001+0900][gc,phases   ] GC(8)   Merge Heap Roots: 0.2ms
[2022-11-05T14:31:07.001+0900][gc,phases   ] GC(8)   Evacuate Collection Set: 22.6ms
[2022-11-05T14:31:07.001+0900][gc,phases   ] GC(8)   Post Evacuate Collection Set: 0.8ms
[2022-11-05T14:31:07.001+0900][gc,phases   ] GC(8)   Other: 1.0ms
[2022-11-05T14:31:07.001+0900][gc,heap     ] GC(8) Eden regions: 47->0(47)
[2022-11-05T14:31:07.001+0900][gc,heap     ] GC(8) Survivor regions: 4->4(7)
[2022-11-05T14:31:07.001+0900][gc,heap     ] GC(8) Old regions: 13->13
[2022-11-05T14:31:07.001+0900][gc,heap     ] GC(8) Archive regions: 2->2
[2022-11-05T14:31:07.001+0900][gc,heap     ] GC(8) Humongous regions: 129->129
[2022-11-05T14:31:07.001+0900][gc,metaspace] GC(8) Metaspace: 39152K(39616K)->39152K(39616K) NonClass: 34339K(34560K)->34339K(34560K) Class: 4813K(5056K)->4813K(5056K)
[2022-11-05T14:31:07.001+0900][gc          ] GC(8) Pause Young (Normal) (G1 Evacuation Pause) 192M->145M(1024M) 25.164ms
[2022-11-05T14:31:07.001+0900][gc,cpu      ] GC(8) User=0.03s Sys=0.04s Real=0.03s
[2022-11-05T14:49:35.773+0900][gc,start    ] GC(9) Pause Young (Normal) (G1 Evacuation Pause)
[2022-11-05T14:49:35.775+0900][gc,task     ] GC(9) Using 8 workers of 8 for evacuation
[2022-11-05T14:49:35.826+0900][gc,mmu      ] GC(9) MMU target violated: 21.0ms (20.0ms/21.0ms)
[2022-11-05T14:49:35.826+0900][gc,phases   ] GC(9)   Pre Evacuate Collection Set: 1.0ms
[2022-11-05T14:49:35.826+0900][gc,phases   ] GC(9)   Merge Heap Roots: 0.5ms
[2022-11-05T14:49:35.826+0900][gc,phases   ] GC(9)   Evacuate Collection Set: 47.0ms
[2022-11-05T14:49:35.826+0900][gc,phases   ] GC(9)   Post Evacuate Collection Set: 2.3ms
[2022-11-05T14:49:35.826+0900][gc,phases   ] GC(9)   Other: 2.9ms
[2022-11-05T14:49:35.826+0900][gc,heap     ] GC(9) Eden regions: 47->0(47)
[2022-11-05T14:49:35.826+0900][gc,heap     ] GC(9) Survivor regions: 4->4(7)
[2022-11-05T14:49:35.826+0900][gc,heap     ] GC(9) Old regions: 13->13
[2022-11-05T14:49:35.826+0900][gc,heap     ] GC(9) Archive regions: 2->2
[2022-11-05T14:49:35.826+0900][gc,heap     ] GC(9) Humongous regions: 129->129
[2022-11-05T14:49:35.826+0900][gc,metaspace] GC(9) Metaspace: 39256K(39808K)->39256K(39808K) NonClass: 34438K(34752K)->34438K(34752K) Class: 4818K(5056K)->4818K(5056K)
[2022-11-05T14:49:35.826+0900][gc          ] GC(9) Pause Young (Normal) (G1 Evacuation Pause) 192M->146M(1024M) 53.641ms
[2022-11-05T14:49:35.826+0900][gc,cpu      ] GC(9) User=0.05s Sys=0.06s Real=0.05s
[2022-11-05T15:30:07.957+0900][gc,start    ] GC(10) Pause Young (Normal) (G1 Evacuation Pause)
[2022-11-05T15:30:07.958+0900][gc,task     ] GC(10) Using 8 workers of 8 for evacuation
[2022-11-05T15:30:07.982+0900][gc,mmu      ] GC(10) MMU target violated: 21.0ms (20.0ms/21.0ms)
[2022-11-05T15:30:07.983+0900][gc,phases   ] GC(10)   Pre Evacuate Collection Set: 0.5ms
[2022-11-05T15:30:07.983+0900][gc,phases   ] GC(10)   Merge Heap Roots: 0.2ms
[2022-11-05T15:30:07.983+0900][gc,phases   ] GC(10)   Evacuate Collection Set: 21.9ms
[2022-11-05T15:30:07.983+0900][gc,phases   ] GC(10)   Post Evacuate Collection Set: 1.3ms
[2022-11-05T15:30:07.983+0900][gc,phases   ] GC(10)   Other: 1.5ms
[2022-11-05T15:30:07.983+0900][gc,heap     ] GC(10) Eden regions: 47->0(47)
[2022-11-05T15:30:07.983+0900][gc,heap     ] GC(10) Survivor regions: 4->4(7)
[2022-11-05T15:30:07.983+0900][gc,heap     ] GC(10) Old regions: 13->13
[2022-11-05T15:30:07.983+0900][gc,heap     ] GC(10) Archive regions: 2->2
[2022-11-05T15:30:07.983+0900][gc,heap     ] GC(10) Humongous regions: 129->129
[2022-11-05T15:30:07.983+0900][gc,metaspace] GC(10) Metaspace: 40169K(40704K)->40169K(40704K) NonClass: 35193K(35456K)->35193K(35456K) Class: 4975K(5248K)->4975K(5248K)
[2022-11-05T15:30:07.983+0900][gc          ] GC(10) Pause Young (Normal) (G1 Evacuation Pause) 193M->145M(1024M) 25.598ms
[2022-11-05T15:30:07.983+0900][gc,cpu      ] GC(10) User=0.03s Sys=0.03s Real=0.03s
[2022-11-05T15:47:32.535+0900][gc,start    ] GC(11) Pause Young (Normal) (G1 Evacuation Pause)
[2022-11-05T15:47:32.536+0900][gc,task     ] GC(11) Using 8 workers of 8 for evacuation
[2022-11-05T15:47:32.586+0900][gc,mmu      ] GC(11) MMU target violated: 21.0ms (20.0ms/21.0ms)
[2022-11-05T15:47:32.600+0900][gc,phases   ] GC(11)   Pre Evacuate Collection Set: 0.7ms
[2022-11-05T15:47:32.600+0900][gc,phases   ] GC(11)   Merge Heap Roots: 0.3ms
[2022-11-05T15:47:32.600+0900][gc,phases   ] GC(11)   Evacuate Collection Set: 47.6ms
[2022-11-05T15:47:32.600+0900][gc,phases   ] GC(11)   Post Evacuate Collection Set: 0.9ms
[2022-11-05T15:47:32.600+0900][gc,phases   ] GC(11)   Other: 15.0ms
[2022-11-05T15:47:32.600+0900][gc,heap     ] GC(11) Eden regions: 47->0(46)
[2022-11-05T15:47:32.600+0900][gc,heap     ] GC(11) Survivor regions: 4->5(7)
[2022-11-05T15:47:32.600+0900][gc,heap     ] GC(11) Old regions: 13->13
[2022-11-05T15:47:32.600+0900][gc,heap     ] GC(11) Archive regions: 2->2
[2022-11-05T15:47:32.600+0900][gc,heap     ] GC(11) Humongous regions: 129->129
[2022-11-05T15:47:32.600+0900][gc,metaspace] GC(11) Metaspace: 40220K(40768K)->40220K(40768K) NonClass: 35240K(35520K)->35240K(35520K) Class: 4980K(5248K)->4980K(5248K)
[2022-11-05T15:47:32.600+0900][gc          ] GC(11) Pause Young (Normal) (G1 Evacuation Pause) 192M->147M(1024M) 64.713ms
[2022-11-05T15:47:32.600+0900][gc,cpu      ] GC(11) User=0.05s Sys=0.06s Real=0.07s
[2022-11-05T16:04:51.973+0900][gc,start    ] GC(12) Pause Young (Normal) (G1 Evacuation Pause)
[2022-11-05T16:04:51.975+0900][gc,task     ] GC(12) Using 8 workers of 8 for evacuation
[2022-11-05T16:04:52.005+0900][gc,mmu      ] GC(12) MMU target violated: 21.0ms (20.0ms/21.0ms)
[2022-11-05T16:04:52.005+0900][gc,phases   ] GC(12)   Pre Evacuate Collection Set: 0.8ms
[2022-11-05T16:04:52.005+0900][gc,phases   ] GC(12)   Merge Heap Roots: 0.2ms
[2022-11-05T16:04:52.005+0900][gc,phases   ] GC(12)   Evacuate Collection Set: 27.2ms
[2022-11-05T16:04:52.005+0900][gc,phases   ] GC(12)   Post Evacuate Collection Set: 2.2ms
[2022-11-05T16:04:52.005+0900][gc,phases   ] GC(12)   Other: 1.7ms
[2022-11-05T16:04:52.005+0900][gc,heap     ] GC(12) Eden regions: 46->0(54)
[2022-11-05T16:04:52.005+0900][gc,heap     ] GC(12) Survivor regions: 5->4(7)
[2022-11-05T16:04:52.005+0900][gc,heap     ] GC(12) Old regions: 13->14
[2022-11-05T16:04:52.005+0900][gc,heap     ] GC(12) Archive regions: 2->2
[2022-11-05T16:04:52.005+0900][gc,heap     ] GC(12) Humongous regions: 129->129
[2022-11-05T16:04:52.005+0900][gc,metaspace] GC(12) Metaspace: 40229K(40832K)->40229K(40832K) NonClass: 35248K(35584K)->35248K(35584K) Class: 4980K(5248K)->4980K(5248K)
[2022-11-05T16:04:52.005+0900][gc          ] GC(12) Pause Young (Normal) (G1 Evacuation Pause) 193M->147M(1024M) 32.041ms
[2022-11-05T16:04:52.005+0900][gc,cpu      ] GC(12) User=0.04s Sys=0.05s Real=0.03s
