[2022-11-03T18:46:40.375+0900][gc] Using G1
[2022-11-03T18:46:40.381+0900][gc,init] Version: 17.0.2+8-86 (release)
[2022-11-03T18:46:40.381+0900][gc,init] CPUs: 8 total, 8 available
[2022-11-03T18:46:40.381+0900][gc,init] Memory: 16384M
[2022-11-03T18:46:40.381+0900][gc,init] Large Page Support: Disabled
[2022-11-03T18:46:40.381+0900][gc,init] NUMA Support: Disabled
[2022-11-03T18:46:40.381+0900][gc,init] Compressed Oops: Enabled (Zero based)
[2022-11-03T18:46:40.381+0900][gc,init] Heap Region Size: 1M
[2022-11-03T18:46:40.381+0900][gc,init] Heap Min Capacity: 1G
[2022-11-03T18:46:40.381+0900][gc,init] Heap Initial Capacity: 1G
[2022-11-03T18:46:40.381+0900][gc,init] Heap Max Capacity: 1G
[2022-11-03T18:46:40.381+0900][gc,init] Pre-touch: Disabled
[2022-11-03T18:46:40.381+0900][gc,init] Parallel Workers: 8
[2022-11-03T18:46:40.381+0900][gc,init] Concurrent Workers: 2
[2022-11-03T18:46:40.381+0900][gc,init] Concurrent Refinement Workers: 8
[2022-11-03T18:46:40.381+0900][gc,init] Periodic GC: Disabled
[2022-11-03T18:46:40.381+0900][gc,metaspace] CDS archive(s) mapped at: [0x0000000800000000-0x0000000800bd4000-0x0000000800bd4000), size 12402688, SharedBaseAddress: 0x0000000800000000, ArchiveRelocationMode: 0.
[2022-11-03T18:46:40.381+0900][gc,metaspace] Compressed class space mapped at: 0x0000000800c00000-0x0000000840c00000, reserved size: 1073741824
[2022-11-03T18:46:40.381+0900][gc,metaspace] Narrow klass base: 0x0000000800000000, Narrow klass shift: 0, Narrow klass range: 0x100000000
[2022-11-03T18:46:43.749+0900][gc,start    ] GC(0) Pause Young (Normal) (G1 Evacuation Pause)
[2022-11-03T18:46:43.750+0900][gc,task     ] GC(0) Using 8 workers of 8 for evacuation
[2022-11-03T18:46:43.767+0900][gc,phases   ] GC(0)   Pre Evacuate Collection Set: 0.2ms
[2022-11-03T18:46:43.767+0900][gc,phases   ] GC(0)   Merge Heap Roots: 0.1ms
[2022-11-03T18:46:43.767+0900][gc,phases   ] GC(0)   Evacuate Collection Set: 15.6ms
[2022-11-03T18:46:43.767+0900][gc,phases   ] GC(0)   Post Evacuate Collection Set: 0.5ms
[2022-11-03T18:46:43.767+0900][gc,phases   ] GC(0)   Other: 1.1ms
[2022-11-03T18:46:43.767+0900][gc,heap     ] GC(0) Eden regions: 51->0(44)
[2022-11-03T18:46:43.767+0900][gc,heap     ] GC(0) Survivor regions: 0->7(7)
[2022-11-03T18:46:43.767+0900][gc,heap     ] GC(0) Old regions: 0->1
[2022-11-03T18:46:43.767+0900][gc,heap     ] GC(0) Archive regions: 2->2
[2022-11-03T18:46:43.767+0900][gc,heap     ] GC(0) Humongous regions: 0->0
[2022-11-03T18:46:43.767+0900][gc,metaspace] GC(0) Metaspace: 18896K(19072K)->18896K(19072K) NonClass: 16390K(16512K)->16390K(16512K) Class: 2505K(2560K)->2505K(2560K)
[2022-11-03T18:46:43.767+0900][gc          ] GC(0) Pause Young (Normal) (G1 Evacuation Pause) 51M->8M(1024M) 17.637ms
[2022-11-03T18:46:43.767+0900][gc,cpu      ] GC(0) User=0.03s Sys=0.02s Real=0.02s
[2022-11-03T18:46:44.303+0900][gc,start    ] GC(1) Pause Young (Concurrent Start) (Metadata GC Threshold)
[2022-11-03T18:46:44.303+0900][gc,task     ] GC(1) Using 8 workers of 8 for evacuation
[2022-11-03T18:46:44.338+0900][gc,mmu      ] GC(1) MMU target violated: 21.0ms (20.0ms/21.0ms)
[2022-11-03T18:46:44.338+0900][gc,phases   ] GC(1)   Pre Evacuate Collection Set: 0.4ms
[2022-11-03T18:46:44.338+0900][gc,phases   ] GC(1)   Merge Heap Roots: 0.3ms
[2022-11-03T18:46:44.338+0900][gc,phases   ] GC(1)   Evacuate Collection Set: 28.5ms
[2022-11-03T18:46:44.338+0900][gc,phases   ] GC(1)   Post Evacuate Collection Set: 5.6ms
[2022-11-03T18:46:44.338+0900][gc,phases   ] GC(1)   Other: 0.4ms
[2022-11-03T18:46:44.338+0900][gc,heap     ] GC(1) Eden regions: 11->0(49)
[2022-11-03T18:46:44.338+0900][gc,heap     ] GC(1) Survivor regions: 7->2(7)
[2022-11-03T18:46:44.338+0900][gc,heap     ] GC(1) Old regions: 1->8
[2022-11-03T18:46:44.338+0900][gc,heap     ] GC(1) Archive regions: 2->2
[2022-11-03T18:46:44.338+0900][gc,heap     ] GC(1) Humongous regions: 129->129
[2022-11-03T18:46:44.338+0900][gc,metaspace] GC(1) Metaspace: 21274K(21504K)->21274K(21504K) NonClass: 18408K(18496K)->18408K(18496K) Class: 2865K(3008K)->2865K(3008K)
[2022-11-03T18:46:44.338+0900][gc          ] GC(1) Pause Young (Concurrent Start) (Metadata GC Threshold) 147M->138M(1024M) 35.245ms
[2022-11-03T18:46:44.338+0900][gc,cpu      ] GC(1) User=0.03s Sys=0.01s Real=0.03s
[2022-11-03T18:46:44.339+0900][gc          ] GC(2) Concurrent Mark Cycle
[2022-11-03T18:46:44.339+0900][gc,marking  ] GC(2) Concurrent Clear Claimed Marks
[2022-11-03T18:46:44.339+0900][gc,marking  ] GC(2) Concurrent Clear Claimed Marks 0.020ms
[2022-11-03T18:46:44.339+0900][gc,marking  ] GC(2) Concurrent Scan Root Regions
[2022-11-03T18:46:44.342+0900][gc,marking  ] GC(2) Concurrent Scan Root Regions 3.435ms
[2022-11-03T18:46:44.342+0900][gc,marking  ] GC(2) Concurrent Mark
[2022-11-03T18:46:44.342+0900][gc,marking  ] GC(2) Concurrent Mark From Roots
[2022-11-03T18:46:44.342+0900][gc,task     ] GC(2) Using 2 workers of 2 for marking
[2022-11-03T18:46:44.375+0900][gc,marking  ] GC(2) Concurrent Mark From Roots 32.430ms
[2022-11-03T18:46:44.376+0900][gc,marking  ] GC(2) Concurrent Preclean
[2022-11-03T18:46:44.377+0900][gc,marking  ] GC(2) Concurrent Preclean 0.559ms
[2022-11-03T18:46:44.379+0900][gc,start    ] GC(2) Pause Remark
[2022-11-03T18:46:44.416+0900][gc,mmu      ] GC(2) MMU target violated: 21.0ms (20.0ms/21.0ms)
[2022-11-03T18:46:44.416+0900][gc          ] GC(2) Pause Remark 139M->139M(1024M) 37.039ms
[2022-11-03T18:46:44.416+0900][gc,cpu      ] GC(2) User=0.02s Sys=0.02s Real=0.04s
[2022-11-03T18:46:44.419+0900][gc,marking  ] GC(2) Concurrent Mark 76.740ms
[2022-11-03T18:46:44.419+0900][gc,marking  ] GC(2) Concurrent Rebuild Remembered Sets
[2022-11-03T18:46:44.432+0900][gc,marking  ] GC(2) Concurrent Rebuild Remembered Sets 12.641ms
[2022-11-03T18:46:44.432+0900][gc,start    ] GC(2) Pause Cleanup
[2022-11-03T18:46:44.432+0900][gc          ] GC(2) Pause Cleanup 139M->139M(1024M) 0.183ms
[2022-11-03T18:46:44.432+0900][gc,cpu      ] GC(2) User=0.00s Sys=0.00s Real=0.00s
[2022-11-03T18:46:44.442+0900][gc,marking  ] GC(2) Concurrent Cleanup for Next Mark
[2022-11-03T18:46:44.449+0900][gc,marking  ] GC(2) Concurrent Cleanup for Next Mark 6.760ms
[2022-11-03T18:46:44.449+0900][gc          ] GC(2) Concurrent Mark Cycle 110.738ms
[2022-11-03T18:46:47.483+0900][gc,start    ] GC(3) Pause Young (Normal) (G1 Evacuation Pause)
[2022-11-03T18:46:47.483+0900][gc,task     ] GC(3) Using 8 workers of 8 for evacuation
[2022-11-03T18:46:47.501+0900][gc,phases   ] GC(3)   Pre Evacuate Collection Set: 0.2ms
[2022-11-03T18:46:47.501+0900][gc,phases   ] GC(3)   Merge Heap Roots: 0.1ms
[2022-11-03T18:46:47.501+0900][gc,phases   ] GC(3)   Evacuate Collection Set: 16.4ms
[2022-11-03T18:46:47.501+0900][gc,phases   ] GC(3)   Post Evacuate Collection Set: 1.0ms
[2022-11-03T18:46:47.501+0900][gc,phases   ] GC(3)   Other: 0.2ms
[2022-11-03T18:46:47.501+0900][gc,heap     ] GC(3) Eden regions: 49->0(45)
[2022-11-03T18:46:47.501+0900][gc,heap     ] GC(3) Survivor regions: 2->6(7)
[2022-11-03T18:46:47.501+0900][gc,heap     ] GC(3) Old regions: 8->8
[2022-11-03T18:46:47.501+0900][gc,heap     ] GC(3) Archive regions: 2->2
[2022-11-03T18:46:47.501+0900][gc,heap     ] GC(3) Humongous regions: 129->129
[2022-11-03T18:46:47.501+0900][gc,metaspace] GC(3) Metaspace: 32687K(32960K)->32687K(32960K) NonClass: 28716K(28864K)->28716K(28864K) Class: 3970K(4096K)->3970K(4096K)
[2022-11-03T18:46:47.501+0900][gc          ] GC(3) Pause Young (Normal) (G1 Evacuation Pause) 187M->142M(1024M) 18.015ms
[2022-11-03T18:46:47.501+0900][gc,cpu      ] GC(3) User=0.02s Sys=0.01s Real=0.02s
[2022-11-03T18:46:49.098+0900][gc,start    ] GC(4) Pause Young (Concurrent Start) (Metadata GC Threshold)
[2022-11-03T18:46:49.098+0900][gc,task     ] GC(4) Using 8 workers of 8 for evacuation
[2022-11-03T18:46:49.113+0900][gc,phases   ] GC(4)   Pre Evacuate Collection Set: 0.6ms
[2022-11-03T18:46:49.113+0900][gc,phases   ] GC(4)   Merge Heap Roots: 0.3ms
[2022-11-03T18:46:49.113+0900][gc,phases   ] GC(4)   Evacuate Collection Set: 11.2ms
[2022-11-03T18:46:49.113+0900][gc,phases   ] GC(4)   Post Evacuate Collection Set: 1.9ms
[2022-11-03T18:46:49.113+0900][gc,phases   ] GC(4)   Other: 0.6ms
[2022-11-03T18:46:49.113+0900][gc,heap     ] GC(4) Eden regions: 16->0(49)
[2022-11-03T18:46:49.113+0900][gc,heap     ] GC(4) Survivor regions: 6->2(7)
[2022-11-03T18:46:49.113+0900][gc,heap     ] GC(4) Old regions: 8->13
[2022-11-03T18:46:49.113+0900][gc,heap     ] GC(4) Archive regions: 2->2
[2022-11-03T18:46:49.113+0900][gc,heap     ] GC(4) Humongous regions: 129->129
[2022-11-03T18:46:49.113+0900][gc,metaspace] GC(4) Metaspace: 35595K(35968K)->35595K(35968K) NonClass: 31024K(31232K)->31024K(31232K) Class: 4571K(4736K)->4571K(4736K)
[2022-11-03T18:46:49.113+0900][gc          ] GC(4) Pause Young (Concurrent Start) (Metadata GC Threshold) 157M->143M(1024M) 14.864ms
[2022-11-03T18:46:49.113+0900][gc,cpu      ] GC(4) User=0.03s Sys=0.00s Real=0.02s
[2022-11-03T18:46:49.113+0900][gc          ] GC(5) Concurrent Mark Cycle
[2022-11-03T18:46:49.113+0900][gc,marking  ] GC(5) Concurrent Clear Claimed Marks
[2022-11-03T18:46:49.113+0900][gc,marking  ] GC(5) Concurrent Clear Claimed Marks 0.023ms
[2022-11-03T18:46:49.113+0900][gc,marking  ] GC(5) Concurrent Scan Root Regions
[2022-11-03T18:46:49.119+0900][gc,marking  ] GC(5) Concurrent Scan Root Regions 5.841ms
[2022-11-03T18:46:49.119+0900][gc,marking  ] GC(5) Concurrent Mark
[2022-11-03T18:46:49.119+0900][gc,marking  ] GC(5) Concurrent Mark From Roots
[2022-11-03T18:46:49.119+0900][gc,task     ] GC(5) Using 2 workers of 2 for marking
[2022-11-03T18:46:49.132+0900][gc,marking  ] GC(5) Concurrent Mark From Roots 12.983ms
[2022-11-03T18:46:49.132+0900][gc,marking  ] GC(5) Concurrent Preclean
[2022-11-03T18:46:49.132+0900][gc,marking  ] GC(5) Concurrent Preclean 0.137ms
[2022-11-03T18:46:49.135+0900][gc,start    ] GC(5) Pause Remark
[2022-11-03T18:46:49.170+0900][gc,mmu      ] GC(5) MMU target violated: 21.0ms (20.0ms/21.0ms)
[2022-11-03T18:46:49.170+0900][gc          ] GC(5) Pause Remark 143M->143M(1024M) 34.840ms
[2022-11-03T18:46:49.170+0900][gc,cpu      ] GC(5) User=0.02s Sys=0.03s Real=0.04s
[2022-11-03T18:46:49.170+0900][gc,marking  ] GC(5) Concurrent Mark 50.443ms
[2022-11-03T18:46:49.170+0900][gc,marking  ] GC(5) Concurrent Rebuild Remembered Sets
[2022-11-03T18:46:49.175+0900][gc,marking  ] GC(5) Concurrent Rebuild Remembered Sets 5.645ms
[2022-11-03T18:46:49.176+0900][gc,start    ] GC(5) Pause Cleanup
[2022-11-03T18:46:49.176+0900][gc          ] GC(5) Pause Cleanup 143M->143M(1024M) 0.108ms
[2022-11-03T18:46:49.176+0900][gc,cpu      ] GC(5) User=0.00s Sys=0.00s Real=0.00s
[2022-11-03T18:46:49.176+0900][gc,marking  ] GC(5) Concurrent Cleanup for Next Mark
[2022-11-03T18:46:49.185+0900][gc,marking  ] GC(5) Concurrent Cleanup for Next Mark 8.751ms
[2022-11-03T18:46:49.185+0900][gc          ] GC(5) Concurrent Mark Cycle 71.849ms
[2022-11-03T19:08:23.476+0900][gc,start    ] GC(6) Pause Young (Normal) (G1 Evacuation Pause)
[2022-11-03T19:08:23.477+0900][gc,task     ] GC(6) Using 8 workers of 8 for evacuation
[2022-11-03T19:08:23.506+0900][gc,mmu      ] GC(6) MMU target violated: 21.0ms (20.0ms/21.0ms)
[2022-11-03T19:08:23.506+0900][gc,phases   ] GC(6)   Pre Evacuate Collection Set: 0.6ms
[2022-11-03T19:08:23.506+0900][gc,phases   ] GC(6)   Merge Heap Roots: 0.1ms
[2022-11-03T19:08:23.506+0900][gc,phases   ] GC(6)   Evacuate Collection Set: 26.6ms
[2022-11-03T19:08:23.506+0900][gc,phases   ] GC(6)   Post Evacuate Collection Set: 1.0ms
[2022-11-03T19:08:23.506+0900][gc,phases   ] GC(6)   Other: 1.4ms
[2022-11-03T19:08:23.506+0900][gc,heap     ] GC(6) Eden regions: 49->0(49)
[2022-11-03T19:08:23.506+0900][gc,heap     ] GC(6) Survivor regions: 2->2(7)
[2022-11-03T19:08:23.506+0900][gc,heap     ] GC(6) Old regions: 13->13
[2022-11-03T19:08:23.506+0900][gc,heap     ] GC(6) Archive regions: 2->2
[2022-11-03T19:08:23.506+0900][gc,heap     ] GC(6) Humongous regions: 129->129
[2022-11-03T19:08:23.506+0900][gc,metaspace] GC(6) Metaspace: 38882K(39232K)->38882K(39232K) NonClass: 33904K(34112K)->33904K(34112K) Class: 4978K(5120K)->4978K(5120K)
[2022-11-03T19:08:23.506+0900][gc          ] GC(6) Pause Young (Normal) (G1 Evacuation Pause) 192M->144M(1024M) 29.840ms
[2022-11-03T19:08:23.506+0900][gc,cpu      ] GC(6) User=0.04s Sys=0.03s Real=0.03s
[2022-11-03T19:40:20.429+0900][gc,start    ] GC(7) Pause Young (Normal) (G1 Evacuation Pause)
[2022-11-03T19:40:20.430+0900][gc,task     ] GC(7) Using 8 workers of 8 for evacuation
[2022-11-03T19:40:20.460+0900][gc,mmu      ] GC(7) MMU target violated: 21.0ms (20.0ms/21.0ms)
[2022-11-03T19:40:20.460+0900][gc,phases   ] GC(7)   Pre Evacuate Collection Set: 1.0ms
[2022-11-03T19:40:20.460+0900][gc,phases   ] GC(7)   Merge Heap Roots: 0.5ms
[2022-11-03T19:40:20.460+0900][gc,phases   ] GC(7)   Evacuate Collection Set: 27.0ms
[2022-11-03T19:40:20.460+0900][gc,phases   ] GC(7)   Post Evacuate Collection Set: 1.3ms
[2022-11-03T19:40:20.460+0900][gc,phases   ] GC(7)   Other: 2.1ms
[2022-11-03T19:40:20.460+0900][gc,heap     ] GC(7) Eden regions: 49->0(49)
[2022-11-03T19:40:20.460+0900][gc,heap     ] GC(7) Survivor regions: 2->2(7)
[2022-11-03T19:40:20.461+0900][gc,heap     ] GC(7) Old regions: 13->13
[2022-11-03T19:40:20.461+0900][gc,heap     ] GC(7) Archive regions: 2->2
[2022-11-03T19:40:20.461+0900][gc,heap     ] GC(7) Humongous regions: 129->129
[2022-11-03T19:40:20.461+0900][gc,metaspace] GC(7) Metaspace: 39002K(39360K)->39002K(39360K) NonClass: 34023K(34240K)->34023K(34240K) Class: 4978K(5120K)->4978K(5120K)
[2022-11-03T19:40:20.461+0900][gc          ] GC(7) Pause Young (Normal) (G1 Evacuation Pause) 193M->143M(1024M) 31.973ms
[2022-11-03T19:40:20.461+0900][gc,cpu      ] GC(7) User=0.04s Sys=0.04s Real=0.04s
[2022-11-03T19:53:56.436+0900][gc,start    ] GC(8) Pause Young (Normal) (G1 Evacuation Pause)
[2022-11-03T19:53:56.437+0900][gc,task     ] GC(8) Using 8 workers of 8 for evacuation
[2022-11-03T19:53:56.477+0900][gc,mmu      ] GC(8) MMU target violated: 21.0ms (20.0ms/21.0ms)
[2022-11-03T19:53:56.477+0900][gc,phases   ] GC(8)   Pre Evacuate Collection Set: 1.2ms
[2022-11-03T19:53:56.477+0900][gc,phases   ] GC(8)   Merge Heap Roots: 0.4ms
[2022-11-03T19:53:56.478+0900][gc,phases   ] GC(8)   Evacuate Collection Set: 37.7ms
[2022-11-03T19:53:56.478+0900][gc,phases   ] GC(8)   Post Evacuate Collection Set: 1.0ms
[2022-11-03T19:53:56.478+0900][gc,phases   ] GC(8)   Other: 1.7ms
[2022-11-03T19:53:56.478+0900][gc,heap     ] GC(8) Eden regions: 49->0(47)
[2022-11-03T19:53:56.478+0900][gc,heap     ] GC(8) Survivor regions: 2->4(7)
[2022-11-03T19:53:56.478+0900][gc,heap     ] GC(8) Old regions: 13->13
[2022-11-03T19:53:56.478+0900][gc,heap     ] GC(8) Archive regions: 2->2
[2022-11-03T19:53:56.478+0900][gc,heap     ] GC(8) Humongous regions: 129->129
[2022-11-03T19:53:56.478+0900][gc,metaspace] GC(8) Metaspace: 42014K(42624K)->42014K(42624K) NonClass: 36485K(36800K)->36485K(36800K) Class: 5529K(5824K)->5529K(5824K)
[2022-11-03T19:53:56.478+0900][gc          ] GC(8) Pause Young (Normal) (G1 Evacuation Pause) 192M->145M(1024M) 42.164ms
[2022-11-03T19:53:56.478+0900][gc,cpu      ] GC(8) User=0.06s Sys=0.07s Real=0.04s
