[2022-11-01T22:38:52.158+0900][gc] Using G1
[2022-11-01T22:38:52.164+0900][gc,init] Version: 17.0.2+8-86 (release)
[2022-11-01T22:38:52.164+0900][gc,init] CPUs: 8 total, 8 available
[2022-11-01T22:38:52.164+0900][gc,init] Memory: 16384M
[2022-11-01T22:38:52.164+0900][gc,init] Large Page Support: Disabled
[2022-11-01T22:38:52.164+0900][gc,init] NUMA Support: Disabled
[2022-11-01T22:38:52.164+0900][gc,init] Compressed Oops: Enabled (Zero based)
[2022-11-01T22:38:52.164+0900][gc,init] Heap Region Size: 1M
[2022-11-01T22:38:52.164+0900][gc,init] Heap Min Capacity: 1G
[2022-11-01T22:38:52.164+0900][gc,init] Heap Initial Capacity: 1G
[2022-11-01T22:38:52.164+0900][gc,init] Heap Max Capacity: 1G
[2022-11-01T22:38:52.164+0900][gc,init] Pre-touch: Disabled
[2022-11-01T22:38:52.164+0900][gc,init] Parallel Workers: 8
[2022-11-01T22:38:52.164+0900][gc,init] Concurrent Workers: 2
[2022-11-01T22:38:52.164+0900][gc,init] Concurrent Refinement Workers: 8
[2022-11-01T22:38:52.164+0900][gc,init] Periodic GC: Disabled
[2022-11-01T22:38:52.165+0900][gc,metaspace] CDS archive(s) mapped at: [0x0000000800000000-0x0000000800bd4000-0x0000000800bd4000), size 12402688, SharedBaseAddress: 0x0000000800000000, ArchiveRelocationMode: 0.
[2022-11-01T22:38:52.165+0900][gc,metaspace] Compressed class space mapped at: 0x0000000800c00000-0x0000000840c00000, reserved size: 1073741824
[2022-11-01T22:38:52.165+0900][gc,metaspace] Narrow klass base: 0x0000000800000000, Narrow klass shift: 0, Narrow klass range: 0x100000000
[2022-11-01T22:38:55.387+0900][gc,start    ] GC(0) Pause Young (Normal) (G1 Evacuation Pause)
[2022-11-01T22:38:55.387+0900][gc,task     ] GC(0) Using 8 workers of 8 for evacuation
[2022-11-01T22:38:55.399+0900][gc,phases   ] GC(0)   Pre Evacuate Collection Set: 0.1ms
[2022-11-01T22:38:55.399+0900][gc,phases   ] GC(0)   Merge Heap Roots: 0.1ms
[2022-11-01T22:38:55.399+0900][gc,phases   ] GC(0)   Evacuate Collection Set: 10.6ms
[2022-11-01T22:38:55.399+0900][gc,phases   ] GC(0)   Post Evacuate Collection Set: 0.5ms
[2022-11-01T22:38:55.399+0900][gc,phases   ] GC(0)   Other: 0.8ms
[2022-11-01T22:38:55.399+0900][gc,heap     ] GC(0) Eden regions: 51->0(44)
[2022-11-01T22:38:55.399+0900][gc,heap     ] GC(0) Survivor regions: 0->7(7)
[2022-11-01T22:38:55.399+0900][gc,heap     ] GC(0) Old regions: 0->1
[2022-11-01T22:38:55.399+0900][gc,heap     ] GC(0) Archive regions: 2->2
[2022-11-01T22:38:55.399+0900][gc,heap     ] GC(0) Humongous regions: 0->0
[2022-11-01T22:38:55.399+0900][gc,metaspace] GC(0) Metaspace: 18892K(19072K)->18892K(19072K) NonClass: 16440K(16512K)->16440K(16512K) Class: 2452K(2560K)->2452K(2560K)
[2022-11-01T22:38:55.399+0900][gc          ] GC(0) Pause Young (Normal) (G1 Evacuation Pause) 51M->8M(1024M) 12.117ms
[2022-11-01T22:38:55.399+0900][gc,cpu      ] GC(0) User=0.02s Sys=0.01s Real=0.01s
[2022-11-01T22:38:55.699+0900][gc,start    ] GC(1) Pause Young (Concurrent Start) (Metadata GC Threshold)
[2022-11-01T22:38:55.699+0900][gc,task     ] GC(1) Using 8 workers of 8 for evacuation
[2022-11-01T22:38:55.711+0900][gc,phases   ] GC(1)   Pre Evacuate Collection Set: 0.1ms
[2022-11-01T22:38:55.711+0900][gc,phases   ] GC(1)   Merge Heap Roots: 0.0ms
[2022-11-01T22:38:55.711+0900][gc,phases   ] GC(1)   Evacuate Collection Set: 10.7ms
[2022-11-01T22:38:55.711+0900][gc,phases   ] GC(1)   Post Evacuate Collection Set: 0.3ms
[2022-11-01T22:38:55.711+0900][gc,phases   ] GC(1)   Other: 0.2ms
[2022-11-01T22:38:55.711+0900][gc,heap     ] GC(1) Eden regions: 10->0(50)
[2022-11-01T22:38:55.711+0900][gc,heap     ] GC(1) Survivor regions: 7->1(7)
[2022-11-01T22:38:55.711+0900][gc,heap     ] GC(1) Old regions: 1->7
[2022-11-01T22:38:55.711+0900][gc,heap     ] GC(1) Archive regions: 2->2
[2022-11-01T22:38:55.711+0900][gc,heap     ] GC(1) Humongous regions: 0->0
[2022-11-01T22:38:55.711+0900][gc,metaspace] GC(1) Metaspace: 21269K(21504K)->21269K(21504K) NonClass: 18408K(18496K)->18408K(18496K) Class: 2861K(3008K)->2861K(3008K)
[2022-11-01T22:38:55.711+0900][gc          ] GC(1) Pause Young (Concurrent Start) (Metadata GC Threshold) 17M->8M(1024M) 11.475ms
[2022-11-01T22:38:55.711+0900][gc,cpu      ] GC(1) User=0.02s Sys=0.01s Real=0.02s
[2022-11-01T22:38:55.711+0900][gc          ] GC(2) Concurrent Mark Cycle
[2022-11-01T22:38:55.711+0900][gc,marking  ] GC(2) Concurrent Clear Claimed Marks
[2022-11-01T22:38:55.711+0900][gc,marking  ] GC(2) Concurrent Clear Claimed Marks 0.025ms
[2022-11-01T22:38:55.711+0900][gc,marking  ] GC(2) Concurrent Scan Root Regions
[2022-11-01T22:38:55.714+0900][gc,marking  ] GC(2) Concurrent Scan Root Regions 2.354ms
[2022-11-01T22:38:55.714+0900][gc,marking  ] GC(2) Concurrent Mark
[2022-11-01T22:38:55.714+0900][gc,marking  ] GC(2) Concurrent Mark From Roots
[2022-11-01T22:38:55.714+0900][gc,task     ] GC(2) Using 2 workers of 2 for marking
[2022-11-01T22:38:55.715+0900][gc,marking  ] GC(2) Concurrent Mark From Roots 1.261ms
[2022-11-01T22:38:55.715+0900][gc,marking  ] GC(2) Concurrent Preclean
[2022-11-01T22:38:55.715+0900][gc,marking  ] GC(2) Concurrent Preclean 0.031ms
[2022-11-01T22:38:55.715+0900][gc,start    ] GC(2) Pause Remark
[2022-11-01T22:38:55.722+0900][gc          ] GC(2) Pause Remark 9M->9M(1024M) 6.460ms
[2022-11-01T22:38:55.722+0900][gc,cpu      ] GC(2) User=0.01s Sys=0.00s Real=0.01s
[2022-11-01T22:38:55.722+0900][gc,marking  ] GC(2) Concurrent Mark 8.162ms
[2022-11-01T22:38:55.722+0900][gc,marking  ] GC(2) Concurrent Rebuild Remembered Sets
[2022-11-01T22:38:55.722+0900][gc,marking  ] GC(2) Concurrent Rebuild Remembered Sets 0.008ms
[2022-11-01T22:38:55.722+0900][gc,start    ] GC(2) Pause Cleanup
[2022-11-01T22:38:55.722+0900][gc          ] GC(2) Pause Cleanup 9M->9M(1024M) 0.020ms
[2022-11-01T22:38:55.722+0900][gc,cpu      ] GC(2) User=0.00s Sys=0.01s Real=0.00s
[2022-11-01T22:38:55.722+0900][gc,marking  ] GC(2) Concurrent Cleanup for Next Mark
[2022-11-01T22:38:55.727+0900][gc,marking  ] GC(2) Concurrent Cleanup for Next Mark 4.339ms
[2022-11-01T22:38:55.727+0900][gc          ] GC(2) Concurrent Mark Cycle 15.772ms
[2022-11-01T22:38:56.931+0900][gc,start    ] GC(3) Pause Young (Normal) (G1 Evacuation Pause)
[2022-11-01T22:38:56.937+0900][gc,task     ] GC(3) Using 8 workers of 8 for evacuation
[2022-11-01T22:38:56.942+0900][gc,phases   ] GC(3)   Pre Evacuate Collection Set: 0.2ms
[2022-11-01T22:38:56.943+0900][gc,phases   ] GC(3)   Merge Heap Roots: 0.1ms
[2022-11-01T22:38:56.943+0900][gc,phases   ] GC(3)   Evacuate Collection Set: 4.4ms
[2022-11-01T22:38:56.943+0900][gc,phases   ] GC(3)   Post Evacuate Collection Set: 0.5ms
[2022-11-01T22:38:56.943+0900][gc,phases   ] GC(3)   Other: 6.8ms
[2022-11-01T22:38:56.943+0900][gc,heap     ] GC(3) Eden regions: 50->0(45)
[2022-11-01T22:38:56.943+0900][gc,heap     ] GC(3) Survivor regions: 1->6(7)
[2022-11-01T22:38:56.943+0900][gc,heap     ] GC(3) Old regions: 7->7
[2022-11-01T22:38:56.943+0900][gc,heap     ] GC(3) Archive regions: 2->2
[2022-11-01T22:38:56.943+0900][gc,heap     ] GC(3) Humongous regions: 129->129
[2022-11-01T22:38:56.943+0900][gc,metaspace] GC(3) Metaspace: 32914K(33152K)->32914K(33152K) NonClass: 28910K(29056K)->28910K(29056K) Class: 4004K(4096K)->4004K(4096K)
[2022-11-01T22:38:56.943+0900][gc          ] GC(3) Pause Young (Normal) (G1 Evacuation Pause) 187M->142M(1024M) 12.073ms
[2022-11-01T22:38:56.943+0900][gc,cpu      ] GC(3) User=0.02s Sys=0.01s Real=0.01s
[2022-11-01T22:38:57.974+0900][gc,start    ] GC(4) Pause Young (Concurrent Start) (Metadata GC Threshold)
[2022-11-01T22:38:57.974+0900][gc,task     ] GC(4) Using 8 workers of 8 for evacuation
[2022-11-01T22:38:57.980+0900][gc,phases   ] GC(4)   Pre Evacuate Collection Set: 0.5ms
[2022-11-01T22:38:57.980+0900][gc,phases   ] GC(4)   Merge Heap Roots: 0.1ms
[2022-11-01T22:38:57.980+0900][gc,phases   ] GC(4)   Evacuate Collection Set: 4.7ms
[2022-11-01T22:38:57.980+0900][gc,phases   ] GC(4)   Post Evacuate Collection Set: 0.5ms
[2022-11-01T22:38:57.980+0900][gc,phases   ] GC(4)   Other: 0.2ms
[2022-11-01T22:38:57.980+0900][gc,heap     ] GC(4) Eden regions: 13->0(49)
[2022-11-01T22:38:57.980+0900][gc,heap     ] GC(4) Survivor regions: 6->2(7)
[2022-11-01T22:38:57.980+0900][gc,heap     ] GC(4) Old regions: 7->13
[2022-11-01T22:38:57.980+0900][gc,heap     ] GC(4) Archive regions: 2->2
[2022-11-01T22:38:57.980+0900][gc,heap     ] GC(4) Humongous regions: 129->129
[2022-11-01T22:38:57.980+0900][gc,metaspace] GC(4) Metaspace: 35677K(35968K)->35677K(35968K) NonClass: 31274K(31424K)->31274K(31424K) Class: 4402K(4544K)->4402K(4544K)
[2022-11-01T22:38:57.980+0900][gc          ] GC(4) Pause Young (Concurrent Start) (Metadata GC Threshold) 154M->143M(1024M) 6.036ms
[2022-11-01T22:38:57.980+0900][gc,cpu      ] GC(4) User=0.02s Sys=0.00s Real=0.01s
[2022-11-01T22:38:57.980+0900][gc          ] GC(5) Concurrent Mark Cycle
[2022-11-01T22:38:57.980+0900][gc,marking  ] GC(5) Concurrent Clear Claimed Marks
[2022-11-01T22:38:57.980+0900][gc,marking  ] GC(5) Concurrent Clear Claimed Marks 0.032ms
[2022-11-01T22:38:57.980+0900][gc,marking  ] GC(5) Concurrent Scan Root Regions
[2022-11-01T22:38:57.983+0900][gc,marking  ] GC(5) Concurrent Scan Root Regions 2.310ms
[2022-11-01T22:38:57.983+0900][gc,marking  ] GC(5) Concurrent Mark
[2022-11-01T22:38:57.983+0900][gc,marking  ] GC(5) Concurrent Mark From Roots
[2022-11-01T22:38:57.983+0900][gc,task     ] GC(5) Using 2 workers of 2 for marking
[2022-11-01T22:38:57.987+0900][gc,marking  ] GC(5) Concurrent Mark From Roots 4.052ms
[2022-11-01T22:38:57.987+0900][gc,marking  ] GC(5) Concurrent Preclean
[2022-11-01T22:38:57.987+0900][gc,marking  ] GC(5) Concurrent Preclean 0.061ms
[2022-11-01T22:38:57.987+0900][gc,start    ] GC(5) Pause Remark
[2022-11-01T22:38:57.999+0900][gc          ] GC(5) Pause Remark 143M->143M(1024M) 12.046ms
[2022-11-01T22:38:58.011+0900][gc,cpu      ] GC(5) User=0.01s Sys=0.02s Real=0.03s
[2022-11-01T22:38:58.012+0900][gc,marking  ] GC(5) Concurrent Mark 29.046ms
[2022-11-01T22:38:58.012+0900][gc,marking  ] GC(5) Concurrent Rebuild Remembered Sets
[2022-11-01T22:38:58.015+0900][gc,marking  ] GC(5) Concurrent Rebuild Remembered Sets 3.453ms
[2022-11-01T22:38:58.016+0900][gc,start    ] GC(5) Pause Cleanup
[2022-11-01T22:38:58.016+0900][gc          ] GC(5) Pause Cleanup 143M->143M(1024M) 0.134ms
[2022-11-01T22:38:58.016+0900][gc,cpu      ] GC(5) User=0.00s Sys=0.00s Real=0.00s
[2022-11-01T22:38:58.016+0900][gc,marking  ] GC(5) Concurrent Cleanup for Next Mark
[2022-11-01T22:38:58.019+0900][gc,marking  ] GC(5) Concurrent Cleanup for Next Mark 3.458ms
[2022-11-01T22:38:58.020+0900][gc          ] GC(5) Concurrent Mark Cycle 39.310ms
[2022-11-01T22:44:16.166+0900][gc,start    ] GC(6) Pause Young (Normal) (G1 Evacuation Pause)
[2022-11-01T22:44:16.168+0900][gc,task     ] GC(6) Using 8 workers of 8 for evacuation
[2022-11-01T22:44:16.215+0900][gc,mmu      ] GC(6) MMU target violated: 21.0ms (20.0ms/21.0ms)
[2022-11-01T22:44:16.215+0900][gc,phases   ] GC(6)   Pre Evacuate Collection Set: 1.1ms
[2022-11-01T22:44:16.215+0900][gc,phases   ] GC(6)   Merge Heap Roots: 0.2ms
[2022-11-01T22:44:16.215+0900][gc,phases   ] GC(6)   Evacuate Collection Set: 44.6ms
[2022-11-01T22:44:16.215+0900][gc,phases   ] GC(6)   Post Evacuate Collection Set: 0.9ms
[2022-11-01T22:44:16.215+0900][gc,phases   ] GC(6)   Other: 2.2ms
[2022-11-01T22:44:16.215+0900][gc,heap     ] GC(6) Eden regions: 49->0(47)
[2022-11-01T22:44:16.215+0900][gc,heap     ] GC(6) Survivor regions: 2->4(7)
[2022-11-01T22:44:16.215+0900][gc,heap     ] GC(6) Old regions: 13->13
[2022-11-01T22:44:16.215+0900][gc,heap     ] GC(6) Archive regions: 2->2
[2022-11-01T22:44:16.215+0900][gc,heap     ] GC(6) Humongous regions: 129->129
[2022-11-01T22:44:16.215+0900][gc,metaspace] GC(6) Metaspace: 39483K(40000K)->39483K(40000K) NonClass: 34618K(34880K)->34618K(34880K) Class: 4865K(5120K)->4865K(5120K)
[2022-11-01T22:44:16.215+0900][gc          ] GC(6) Pause Young (Normal) (G1 Evacuation Pause) 192M->145M(1024M) 48.977ms
[2022-11-01T22:44:16.215+0900][gc,cpu      ] GC(6) User=0.05s Sys=0.07s Real=0.05s
[2022-11-01T22:52:48.041+0900][gc,start    ] GC(7) Pause Young (Normal) (G1 Evacuation Pause)
[2022-11-01T22:52:48.042+0900][gc,task     ] GC(7) Using 8 workers of 8 for evacuation
[2022-11-01T22:52:48.083+0900][gc,mmu      ] GC(7) MMU target violated: 21.0ms (20.0ms/21.0ms)
[2022-11-01T22:52:48.083+0900][gc,phases   ] GC(7)   Pre Evacuate Collection Set: 0.8ms
[2022-11-01T22:52:48.083+0900][gc,phases   ] GC(7)   Merge Heap Roots: 0.2ms
[2022-11-01T22:52:48.083+0900][gc,phases   ] GC(7)   Evacuate Collection Set: 39.4ms
[2022-11-01T22:52:48.083+0900][gc,phases   ] GC(7)   Post Evacuate Collection Set: 0.8ms
[2022-11-01T22:52:48.083+0900][gc,phases   ] GC(7)   Other: 1.4ms
[2022-11-01T22:52:48.083+0900][gc,heap     ] GC(7) Eden regions: 47->0(46)
[2022-11-01T22:52:48.084+0900][gc,heap     ] GC(7) Survivor regions: 4->5(7)
[2022-11-01T22:52:48.084+0900][gc,heap     ] GC(7) Old regions: 13->13
[2022-11-01T22:52:48.084+0900][gc,heap     ] GC(7) Archive regions: 2->2
[2022-11-01T22:52:48.084+0900][gc,heap     ] GC(7) Humongous regions: 129->129
[2022-11-01T22:52:48.084+0900][gc,metaspace] GC(7) Metaspace: 39667K(40192K)->39667K(40192K) NonClass: 34792K(35072K)->34792K(35072K) Class: 4874K(5120K)->4874K(5120K)
[2022-11-01T22:52:48.084+0900][gc          ] GC(7) Pause Young (Normal) (G1 Evacuation Pause) 192M->146M(1024M) 42.754ms
[2022-11-01T22:52:48.084+0900][gc,cpu      ] GC(7) User=0.06s Sys=0.05s Real=0.04s
[2022-11-01T23:02:03.018+0900][gc,start    ] GC(8) Pause Young (Normal) (G1 Evacuation Pause)
[2022-11-01T23:02:03.019+0900][gc,task     ] GC(8) Using 8 workers of 8 for evacuation
[2022-11-01T23:02:03.050+0900][gc,mmu      ] GC(8) MMU target violated: 21.0ms (20.0ms/21.0ms)
[2022-11-01T23:02:03.050+0900][gc,phases   ] GC(8)   Pre Evacuate Collection Set: 1.0ms
[2022-11-01T23:02:03.050+0900][gc,phases   ] GC(8)   Merge Heap Roots: 0.2ms
[2022-11-01T23:02:03.050+0900][gc,phases   ] GC(8)   Evacuate Collection Set: 29.0ms
[2022-11-01T23:02:03.050+0900][gc,phases   ] GC(8)   Post Evacuate Collection Set: 0.9ms
[2022-11-01T23:02:03.050+0900][gc,phases   ] GC(8)   Other: 1.2ms
[2022-11-01T23:02:03.050+0900][gc,heap     ] GC(8) Eden regions: 46->0(46)
[2022-11-01T23:02:03.050+0900][gc,heap     ] GC(8) Survivor regions: 5->5(7)
[2022-11-01T23:02:03.050+0900][gc,heap     ] GC(8) Old regions: 13->13
[2022-11-01T23:02:03.050+0900][gc,heap     ] GC(8) Archive regions: 2->2
[2022-11-01T23:02:03.050+0900][gc,heap     ] GC(8) Humongous regions: 129->129
[2022-11-01T23:02:03.050+0900][gc,metaspace] GC(8) Metaspace: 39705K(40192K)->39705K(40192K) NonClass: 34830K(35072K)->34830K(35072K) Class: 4874K(5120K)->4874K(5120K)
[2022-11-01T23:02:03.050+0900][gc          ] GC(8) Pause Young (Normal) (G1 Evacuation Pause) 192M->146M(1024M) 32.321ms
[2022-11-01T23:02:03.050+0900][gc,cpu      ] GC(8) User=0.07s Sys=0.05s Real=0.04s
[2022-11-01T23:11:47.991+0900][gc,start    ] GC(9) Pause Young (Normal) (G1 Evacuation Pause)
[2022-11-01T23:11:47.992+0900][gc,task     ] GC(9) Using 8 workers of 8 for evacuation
[2022-11-01T23:11:48.031+0900][gc,mmu      ] GC(9) MMU target violated: 21.0ms (20.0ms/21.0ms)
[2022-11-01T23:11:48.031+0900][gc,phases   ] GC(9)   Pre Evacuate Collection Set: 0.9ms
[2022-11-01T23:11:48.031+0900][gc,phases   ] GC(9)   Merge Heap Roots: 0.1ms
[2022-11-01T23:11:48.031+0900][gc,phases   ] GC(9)   Evacuate Collection Set: 33.5ms
[2022-11-01T23:11:48.031+0900][gc,phases   ] GC(9)   Post Evacuate Collection Set: 3.5ms
[2022-11-01T23:11:48.031+0900][gc,phases   ] GC(9)   Other: 1.8ms
[2022-11-01T23:11:48.031+0900][gc,heap     ] GC(9) Eden regions: 46->0(47)
[2022-11-01T23:11:48.031+0900][gc,heap     ] GC(9) Survivor regions: 5->4(7)
[2022-11-01T23:11:48.031+0900][gc,heap     ] GC(9) Old regions: 13->15
[2022-11-01T23:11:48.031+0900][gc,heap     ] GC(9) Archive regions: 2->2
[2022-11-01T23:11:48.031+0900][gc,heap     ] GC(9) Humongous regions: 129->129
[2022-11-01T23:11:48.031+0900][gc,metaspace] GC(9) Metaspace: 39749K(40256K)->39749K(40256K) NonClass: 34874K(35136K)->34874K(35136K) Class: 4875K(5120K)->4875K(5120K)
[2022-11-01T23:11:48.031+0900][gc          ] GC(9) Pause Young (Normal) (G1 Evacuation Pause) 192M->147M(1024M) 39.899ms
[2022-11-01T23:11:48.031+0900][gc,cpu      ] GC(9) User=0.06s Sys=0.06s Real=0.04s
[2022-11-01T23:21:53.267+0900][gc,start    ] GC(10) Pause Young (Normal) (G1 Evacuation Pause)
[2022-11-01T23:21:53.268+0900][gc,task     ] GC(10) Using 8 workers of 8 for evacuation
[2022-11-01T23:21:53.284+0900][gc,phases   ] GC(10)   Pre Evacuate Collection Set: 0.9ms
[2022-11-01T23:21:53.284+0900][gc,phases   ] GC(10)   Merge Heap Roots: 0.2ms
[2022-11-01T23:21:53.284+0900][gc,phases   ] GC(10)   Evacuate Collection Set: 13.4ms
[2022-11-01T23:21:53.284+0900][gc,phases   ] GC(10)   Post Evacuate Collection Set: 0.7ms
[2022-11-01T23:21:53.284+0900][gc,phases   ] GC(10)   Other: 2.3ms
[2022-11-01T23:21:53.284+0900][gc,heap     ] GC(10) Eden regions: 47->0(50)
[2022-11-01T23:21:53.284+0900][gc,heap     ] GC(10) Survivor regions: 4->3(7)
[2022-11-01T23:21:53.284+0900][gc,heap     ] GC(10) Old regions: 15->15
[2022-11-01T23:21:53.284+0900][gc,heap     ] GC(10) Archive regions: 2->2
[2022-11-01T23:21:53.284+0900][gc,heap     ] GC(10) Humongous regions: 129->129
[2022-11-01T23:21:53.284+0900][gc,metaspace] GC(10) Metaspace: 39773K(40256K)->39773K(40256K) NonClass: 34897K(35136K)->34897K(35136K) Class: 4875K(5120K)->4875K(5120K)
[2022-11-01T23:21:53.284+0900][gc          ] GC(10) Pause Young (Normal) (G1 Evacuation Pause) 194M->146M(1024M) 17.682ms
[2022-11-01T23:21:53.284+0900][gc,cpu      ] GC(10) User=0.03s Sys=0.02s Real=0.02s
[2022-11-01T23:32:32.956+0900][gc,start    ] GC(11) Pause Young (Normal) (G1 Evacuation Pause)
[2022-11-01T23:32:32.957+0900][gc,task     ] GC(11) Using 8 workers of 8 for evacuation
[2022-11-01T23:32:32.971+0900][gc,phases   ] GC(11)   Pre Evacuate Collection Set: 0.7ms
[2022-11-01T23:32:32.971+0900][gc,phases   ] GC(11)   Merge Heap Roots: 0.1ms
[2022-11-01T23:32:32.971+0900][gc,phases   ] GC(11)   Evacuate Collection Set: 11.9ms
[2022-11-01T23:32:32.971+0900][gc,phases   ] GC(11)   Post Evacuate Collection Set: 1.1ms
[2022-11-01T23:32:32.971+0900][gc,phases   ] GC(11)   Other: 1.3ms
[2022-11-01T23:32:32.972+0900][gc,heap     ] GC(11) Eden regions: 50->0(66)
[2022-11-01T23:32:32.972+0900][gc,heap     ] GC(11) Survivor regions: 3->3(7)
[2022-11-01T23:32:32.972+0900][gc,heap     ] GC(11) Old regions: 15->15
[2022-11-01T23:32:32.972+0900][gc,heap     ] GC(11) Archive regions: 2->2
[2022-11-01T23:32:32.972+0900][gc,heap     ] GC(11) Humongous regions: 129->129
[2022-11-01T23:32:32.972+0900][gc,metaspace] GC(11) Metaspace: 40156K(40704K)->40156K(40704K) NonClass: 35215K(35520K)->35215K(35520K) Class: 4940K(5184K)->4940K(5184K)
[2022-11-01T23:32:32.972+0900][gc          ] GC(11) Pause Young (Normal) (G1 Evacuation Pause) 196M->147M(1024M) 15.422ms
[2022-11-01T23:32:32.972+0900][gc,cpu      ] GC(11) User=0.03s Sys=0.03s Real=0.02s
[2022-11-01T23:46:26.968+0900][gc,start    ] GC(12) Pause Young (Normal) (G1 Evacuation Pause)
[2022-11-01T23:46:26.970+0900][gc,task     ] GC(12) Using 8 workers of 8 for evacuation
[2022-11-01T23:46:26.988+0900][gc,phases   ] GC(12)   Pre Evacuate Collection Set: 1.0ms
[2022-11-01T23:46:26.988+0900][gc,phases   ] GC(12)   Merge Heap Roots: 0.2ms
[2022-11-01T23:46:26.988+0900][gc,phases   ] GC(12)   Evacuate Collection Set: 15.8ms
[2022-11-01T23:46:26.988+0900][gc,phases   ] GC(12)   Post Evacuate Collection Set: 1.1ms
[2022-11-01T23:46:26.988+0900][gc,phases   ] GC(12)   Other: 2.5ms
[2022-11-01T23:46:26.989+0900][gc,heap     ] GC(12) Eden regions: 66->0(357)
[2022-11-01T23:46:26.989+0900][gc,heap     ] GC(12) Survivor regions: 3->4(9)
[2022-11-01T23:46:26.989+0900][gc,heap     ] GC(12) Old regions: 15->15
[2022-11-01T23:46:26.989+0900][gc,heap     ] GC(12) Archive regions: 2->2
[2022-11-01T23:46:26.989+0900][gc,heap     ] GC(12) Humongous regions: 129->129
[2022-11-01T23:46:26.989+0900][gc,metaspace] GC(12) Metaspace: 40209K(40704K)->40209K(40704K) NonClass: 35265K(35520K)->35265K(35520K) Class: 4944K(5184K)->4944K(5184K)
[2022-11-01T23:46:26.989+0900][gc          ] GC(12) Pause Young (Normal) (G1 Evacuation Pause) 213M->147M(1024M) 20.896ms
[2022-11-01T23:46:26.989+0900][gc,cpu      ] GC(12) User=0.03s Sys=0.03s Real=0.02s
