[2022-10-30T12:19:59.081+0900][gc] Using G1
[2022-10-30T12:19:59.088+0900][gc,init] Version: 17.0.2+8-86 (release)
[2022-10-30T12:19:59.088+0900][gc,init] CPUs: 8 total, 8 available
[2022-10-30T12:19:59.088+0900][gc,init] Memory: 16384M
[2022-10-30T12:19:59.088+0900][gc,init] Large Page Support: Disabled
[2022-10-30T12:19:59.088+0900][gc,init] NUMA Support: Disabled
[2022-10-30T12:19:59.088+0900][gc,init] Compressed Oops: Enabled (Zero based)
[2022-10-30T12:19:59.088+0900][gc,init] Heap Region Size: 1M
[2022-10-30T12:19:59.088+0900][gc,init] Heap Min Capacity: 1G
[2022-10-30T12:19:59.088+0900][gc,init] Heap Initial Capacity: 1G
[2022-10-30T12:19:59.088+0900][gc,init] Heap Max Capacity: 1G
[2022-10-30T12:19:59.088+0900][gc,init] Pre-touch: Disabled
[2022-10-30T12:19:59.088+0900][gc,init] Parallel Workers: 8
[2022-10-30T12:19:59.088+0900][gc,init] Concurrent Workers: 2
[2022-10-30T12:19:59.088+0900][gc,init] Concurrent Refinement Workers: 8
[2022-10-30T12:19:59.088+0900][gc,init] Periodic GC: Disabled
[2022-10-30T12:19:59.088+0900][gc,metaspace] CDS archive(s) mapped at: [0x0000000800000000-0x0000000800bd4000-0x0000000800bd4000), size 12402688, SharedBaseAddress: 0x0000000800000000, ArchiveRelocationMode: 0.
[2022-10-30T12:19:59.088+0900][gc,metaspace] Compressed class space mapped at: 0x0000000800c00000-0x0000000840c00000, reserved size: 1073741824
[2022-10-30T12:19:59.088+0900][gc,metaspace] Narrow klass base: 0x0000000800000000, Narrow klass shift: 0, Narrow klass range: 0x100000000
[2022-10-30T12:20:02.252+0900][gc,start    ] GC(0) Pause Young (Normal) (G1 Evacuation Pause)
[2022-10-30T12:20:02.252+0900][gc,task     ] GC(0) Using 8 workers of 8 for evacuation
[2022-10-30T12:20:02.266+0900][gc,phases   ] GC(0)   Pre Evacuate Collection Set: 0.2ms
[2022-10-30T12:20:02.266+0900][gc,phases   ] GC(0)   Merge Heap Roots: 0.0ms
[2022-10-30T12:20:02.266+0900][gc,phases   ] GC(0)   Evacuate Collection Set: 12.6ms
[2022-10-30T12:20:02.266+0900][gc,phases   ] GC(0)   Post Evacuate Collection Set: 0.5ms
[2022-10-30T12:20:02.266+0900][gc,phases   ] GC(0)   Other: 0.6ms
[2022-10-30T12:20:02.266+0900][gc,heap     ] GC(0) Eden regions: 51->0(44)
[2022-10-30T12:20:02.266+0900][gc,heap     ] GC(0) Survivor regions: 0->7(7)
[2022-10-30T12:20:02.266+0900][gc,heap     ] GC(0) Old regions: 0->1
[2022-10-30T12:20:02.266+0900][gc,heap     ] GC(0) Archive regions: 2->2
[2022-10-30T12:20:02.266+0900][gc,heap     ] GC(0) Humongous regions: 0->0
[2022-10-30T12:20:02.266+0900][gc,metaspace] GC(0) Metaspace: 19019K(19200K)->19019K(19200K) NonClass: 16546K(16640K)->16546K(16640K) Class: 2473K(2560K)->2473K(2560K)
[2022-10-30T12:20:02.266+0900][gc          ] GC(0) Pause Young (Normal) (G1 Evacuation Pause) 51M->8M(1024M) 14.072ms
[2022-10-30T12:20:02.266+0900][gc,cpu      ] GC(0) User=0.02s Sys=0.01s Real=0.01s
[2022-10-30T12:20:02.561+0900][gc,start    ] GC(1) Pause Young (Concurrent Start) (Metadata GC Threshold)
[2022-10-30T12:20:02.561+0900][gc,task     ] GC(1) Using 8 workers of 8 for evacuation
[2022-10-30T12:20:02.572+0900][gc,phases   ] GC(1)   Pre Evacuate Collection Set: 0.1ms
[2022-10-30T12:20:02.572+0900][gc,phases   ] GC(1)   Merge Heap Roots: 0.0ms
[2022-10-30T12:20:02.572+0900][gc,phases   ] GC(1)   Evacuate Collection Set: 10.4ms
[2022-10-30T12:20:02.572+0900][gc,phases   ] GC(1)   Post Evacuate Collection Set: 0.3ms
[2022-10-30T12:20:02.572+0900][gc,phases   ] GC(1)   Other: 0.2ms
[2022-10-30T12:20:02.572+0900][gc,heap     ] GC(1) Eden regions: 9->0(50)
[2022-10-30T12:20:02.572+0900][gc,heap     ] GC(1) Survivor regions: 7->1(7)
[2022-10-30T12:20:02.572+0900][gc,heap     ] GC(1) Old regions: 1->7
[2022-10-30T12:20:02.572+0900][gc,heap     ] GC(1) Archive regions: 2->2
[2022-10-30T12:20:02.572+0900][gc,heap     ] GC(1) Humongous regions: 0->0
[2022-10-30T12:20:02.572+0900][gc,metaspace] GC(1) Metaspace: 21278K(21504K)->21278K(21504K) NonClass: 18414K(18496K)->18414K(18496K) Class: 2864K(3008K)->2864K(3008K)
[2022-10-30T12:20:02.572+0900][gc          ] GC(1) Pause Young (Concurrent Start) (Metadata GC Threshold) 17M->8M(1024M) 11.200ms
[2022-10-30T12:20:02.572+0900][gc,cpu      ] GC(1) User=0.03s Sys=0.01s Real=0.01s
[2022-10-30T12:20:02.572+0900][gc          ] GC(2) Concurrent Mark Cycle
[2022-10-30T12:20:02.572+0900][gc,marking  ] GC(2) Concurrent Clear Claimed Marks
[2022-10-30T12:20:02.572+0900][gc,marking  ] GC(2) Concurrent Clear Claimed Marks 0.018ms
[2022-10-30T12:20:02.572+0900][gc,marking  ] GC(2) Concurrent Scan Root Regions
[2022-10-30T12:20:02.575+0900][gc,marking  ] GC(2) Concurrent Scan Root Regions 3.035ms
[2022-10-30T12:20:02.576+0900][gc,marking  ] GC(2) Concurrent Mark
[2022-10-30T12:20:02.576+0900][gc,marking  ] GC(2) Concurrent Mark From Roots
[2022-10-30T12:20:02.576+0900][gc,task     ] GC(2) Using 2 workers of 2 for marking
[2022-10-30T12:20:02.582+0900][gc,marking  ] GC(2) Concurrent Mark From Roots 6.157ms
[2022-10-30T12:20:02.582+0900][gc,marking  ] GC(2) Concurrent Preclean
[2022-10-30T12:20:02.582+0900][gc,marking  ] GC(2) Concurrent Preclean 0.031ms
[2022-10-30T12:20:02.582+0900][gc,start    ] GC(2) Pause Remark
[2022-10-30T12:20:02.590+0900][gc          ] GC(2) Pause Remark 9M->9M(1024M) 7.705ms
[2022-10-30T12:20:02.590+0900][gc,cpu      ] GC(2) User=0.01s Sys=0.01s Real=0.01s
[2022-10-30T12:20:02.590+0900][gc,marking  ] GC(2) Concurrent Mark 14.494ms
[2022-10-30T12:20:02.590+0900][gc,marking  ] GC(2) Concurrent Rebuild Remembered Sets
[2022-10-30T12:20:02.590+0900][gc,marking  ] GC(2) Concurrent Rebuild Remembered Sets 0.010ms
[2022-10-30T12:20:02.590+0900][gc,start    ] GC(2) Pause Cleanup
[2022-10-30T12:20:02.590+0900][gc          ] GC(2) Pause Cleanup 9M->9M(1024M) 0.013ms
[2022-10-30T12:20:02.590+0900][gc,cpu      ] GC(2) User=0.00s Sys=0.00s Real=0.00s
[2022-10-30T12:20:02.590+0900][gc,marking  ] GC(2) Concurrent Cleanup for Next Mark
[2022-10-30T12:20:02.598+0900][gc,marking  ] GC(2) Concurrent Cleanup for Next Mark 7.759ms
[2022-10-30T12:20:02.598+0900][gc          ] GC(2) Concurrent Mark Cycle 26.123ms
[2022-10-30T12:20:03.674+0900][gc,start    ] GC(3) Pause Young (Normal) (G1 Evacuation Pause)
[2022-10-30T12:20:03.674+0900][gc,task     ] GC(3) Using 8 workers of 8 for evacuation
[2022-10-30T12:20:03.677+0900][gc,phases   ] GC(3)   Pre Evacuate Collection Set: 0.1ms
[2022-10-30T12:20:03.677+0900][gc,phases   ] GC(3)   Merge Heap Roots: 0.0ms
[2022-10-30T12:20:03.677+0900][gc,phases   ] GC(3)   Evacuate Collection Set: 3.0ms
[2022-10-30T12:20:03.677+0900][gc,phases   ] GC(3)   Post Evacuate Collection Set: 0.4ms
[2022-10-30T12:20:03.677+0900][gc,phases   ] GC(3)   Other: 0.1ms
[2022-10-30T12:20:03.677+0900][gc,heap     ] GC(3) Eden regions: 50->0(45)
[2022-10-30T12:20:03.677+0900][gc,heap     ] GC(3) Survivor regions: 1->6(7)
[2022-10-30T12:20:03.677+0900][gc,heap     ] GC(3) Old regions: 7->7
[2022-10-30T12:20:03.677+0900][gc,heap     ] GC(3) Archive regions: 2->2
[2022-10-30T12:20:03.677+0900][gc,heap     ] GC(3) Humongous regions: 129->129
[2022-10-30T12:20:03.677+0900][gc,metaspace] GC(3) Metaspace: 32925K(33152K)->32925K(33152K) NonClass: 28880K(28992K)->28880K(28992K) Class: 4044K(4160K)->4044K(4160K)
[2022-10-30T12:20:03.677+0900][gc          ] GC(3) Pause Young (Normal) (G1 Evacuation Pause) 187M->142M(1024M) 3.691ms
[2022-10-30T12:20:03.677+0900][gc,cpu      ] GC(3) User=0.02s Sys=0.01s Real=0.00s
[2022-10-30T12:20:04.313+0900][gc,start    ] GC(4) Pause Young (Concurrent Start) (Metadata GC Threshold)
[2022-10-30T12:20:04.313+0900][gc,task     ] GC(4) Using 8 workers of 8 for evacuation
[2022-10-30T12:20:04.320+0900][gc,phases   ] GC(4)   Pre Evacuate Collection Set: 0.2ms
[2022-10-30T12:20:04.320+0900][gc,phases   ] GC(4)   Merge Heap Roots: 0.1ms
[2022-10-30T12:20:04.320+0900][gc,phases   ] GC(4)   Evacuate Collection Set: 6.0ms
[2022-10-30T12:20:04.320+0900][gc,phases   ] GC(4)   Post Evacuate Collection Set: 0.6ms
[2022-10-30T12:20:04.320+0900][gc,phases   ] GC(4)   Other: 0.2ms
[2022-10-30T12:20:04.320+0900][gc,heap     ] GC(4) Eden regions: 14->0(49)
[2022-10-30T12:20:04.320+0900][gc,heap     ] GC(4) Survivor regions: 6->2(7)
[2022-10-30T12:20:04.320+0900][gc,heap     ] GC(4) Old regions: 7->13
[2022-10-30T12:20:04.320+0900][gc,heap     ] GC(4) Archive regions: 2->2
[2022-10-30T12:20:04.320+0900][gc,heap     ] GC(4) Humongous regions: 129->129
[2022-10-30T12:20:04.320+0900][gc,metaspace] GC(4) Metaspace: 35674K(35968K)->35674K(35968K) NonClass: 31123K(31296K)->31123K(31296K) Class: 4550K(4672K)->4550K(4672K)
[2022-10-30T12:20:04.320+0900][gc          ] GC(4) Pause Young (Concurrent Start) (Metadata GC Threshold) 155M->143M(1024M) 7.134ms
[2022-10-30T12:20:04.320+0900][gc,cpu      ] GC(4) User=0.02s Sys=0.01s Real=0.01s
[2022-10-30T12:20:04.320+0900][gc          ] GC(5) Concurrent Mark Cycle
[2022-10-30T12:20:04.320+0900][gc,marking  ] GC(5) Concurrent Clear Claimed Marks
[2022-10-30T12:20:04.320+0900][gc,marking  ] GC(5) Concurrent Clear Claimed Marks 0.034ms
[2022-10-30T12:20:04.320+0900][gc,marking  ] GC(5) Concurrent Scan Root Regions
[2022-10-30T12:20:04.323+0900][gc,marking  ] GC(5) Concurrent Scan Root Regions 2.380ms
[2022-10-30T12:20:04.323+0900][gc,marking  ] GC(5) Concurrent Mark
[2022-10-30T12:20:04.323+0900][gc,marking  ] GC(5) Concurrent Mark From Roots
[2022-10-30T12:20:04.323+0900][gc,task     ] GC(5) Using 2 workers of 2 for marking
[2022-10-30T12:20:04.327+0900][gc,marking  ] GC(5) Concurrent Mark From Roots 3.468ms
[2022-10-30T12:20:04.327+0900][gc,marking  ] GC(5) Concurrent Preclean
[2022-10-30T12:20:04.327+0900][gc,marking  ] GC(5) Concurrent Preclean 0.060ms
[2022-10-30T12:20:04.327+0900][gc,start    ] GC(5) Pause Remark
[2022-10-30T12:20:04.342+0900][gc          ] GC(5) Pause Remark 143M->143M(1024M) 15.118ms
[2022-10-30T12:20:04.342+0900][gc,cpu      ] GC(5) User=0.02s Sys=0.03s Real=0.02s
[2022-10-30T12:20:04.342+0900][gc,marking  ] GC(5) Concurrent Mark 19.047ms
[2022-10-30T12:20:04.342+0900][gc,marking  ] GC(5) Concurrent Rebuild Remembered Sets
[2022-10-30T12:20:04.348+0900][gc,marking  ] GC(5) Concurrent Rebuild Remembered Sets 5.539ms
[2022-10-30T12:20:04.348+0900][gc,start    ] GC(5) Pause Cleanup
[2022-10-30T12:20:04.348+0900][gc          ] GC(5) Pause Cleanup 143M->143M(1024M) 0.134ms
[2022-10-30T12:20:04.348+0900][gc,cpu      ] GC(5) User=0.00s Sys=0.00s Real=0.00s
[2022-10-30T12:20:04.348+0900][gc,marking  ] GC(5) Concurrent Cleanup for Next Mark
[2022-10-30T12:20:04.355+0900][gc,marking  ] GC(5) Concurrent Cleanup for Next Mark 6.370ms
[2022-10-30T12:20:04.355+0900][gc          ] GC(5) Concurrent Mark Cycle 34.693ms
[2022-10-30T12:25:02.937+0900][gc,start    ] GC(6) Pause Young (Normal) (G1 Evacuation Pause)
[2022-10-30T12:25:02.939+0900][gc,task     ] GC(6) Using 8 workers of 8 for evacuation
[2022-10-30T12:25:02.983+0900][gc,mmu      ] GC(6) MMU target violated: 21.0ms (20.0ms/21.0ms)
[2022-10-30T12:25:02.984+0900][gc,phases   ] GC(6)   Pre Evacuate Collection Set: 0.9ms
[2022-10-30T12:25:02.984+0900][gc,phases   ] GC(6)   Merge Heap Roots: 0.2ms
[2022-10-30T12:25:02.984+0900][gc,phases   ] GC(6)   Evacuate Collection Set: 42.3ms
[2022-10-30T12:25:02.984+0900][gc,phases   ] GC(6)   Post Evacuate Collection Set: 1.2ms
[2022-10-30T12:25:02.984+0900][gc,phases   ] GC(6)   Other: 2.0ms
[2022-10-30T12:25:02.984+0900][gc,heap     ] GC(6) Eden regions: 49->0(45)
[2022-10-30T12:25:02.984+0900][gc,heap     ] GC(6) Survivor regions: 2->6(7)
[2022-10-30T12:25:02.984+0900][gc,heap     ] GC(6) Old regions: 13->13
[2022-10-30T12:25:02.984+0900][gc,heap     ] GC(6) Archive regions: 2->2
[2022-10-30T12:25:02.984+0900][gc,heap     ] GC(6) Humongous regions: 129->129
[2022-10-30T12:25:02.984+0900][gc,metaspace] GC(6) Metaspace: 41158K(41728K)->41158K(41728K) NonClass: 35863K(36160K)->35863K(36160K) Class: 5295K(5568K)->5295K(5568K)
[2022-10-30T12:25:02.984+0900][gc          ] GC(6) Pause Young (Normal) (G1 Evacuation Pause) 192M->147M(1024M) 46.764ms
[2022-10-30T12:25:02.984+0900][gc,cpu      ] GC(6) User=0.07s Sys=0.05s Real=0.05s
[2022-10-30T12:34:01.561+0900][gc,start    ] GC(7) Pause Young (Normal) (G1 Evacuation Pause)
[2022-10-30T12:34:01.562+0900][gc,task     ] GC(7) Using 8 workers of 8 for evacuation
[2022-10-30T12:34:01.601+0900][gc,mmu      ] GC(7) MMU target violated: 21.0ms (20.0ms/21.0ms)
[2022-10-30T12:34:01.601+0900][gc,phases   ] GC(7)   Pre Evacuate Collection Set: 1.0ms
[2022-10-30T12:34:01.601+0900][gc,phases   ] GC(7)   Merge Heap Roots: 0.2ms
[2022-10-30T12:34:01.601+0900][gc,phases   ] GC(7)   Evacuate Collection Set: 36.3ms
[2022-10-30T12:34:01.601+0900][gc,phases   ] GC(7)   Post Evacuate Collection Set: 0.9ms
[2022-10-30T12:34:01.601+0900][gc,phases   ] GC(7)   Other: 2.0ms
[2022-10-30T12:34:01.601+0900][gc,heap     ] GC(7) Eden regions: 45->0(48)
[2022-10-30T12:34:01.601+0900][gc,heap     ] GC(7) Survivor regions: 6->3(7)
[2022-10-30T12:34:01.601+0900][gc,heap     ] GC(7) Old regions: 13->15
[2022-10-30T12:34:01.601+0900][gc,heap     ] GC(7) Archive regions: 2->2
[2022-10-30T12:34:01.601+0900][gc,heap     ] GC(7) Humongous regions: 129->129
[2022-10-30T12:34:01.601+0900][gc,metaspace] GC(7) Metaspace: 41359K(41920K)->41359K(41920K) NonClass: 36046K(36352K)->36046K(36352K) Class: 5313K(5568K)->5313K(5568K)
[2022-10-30T12:34:01.601+0900][gc          ] GC(7) Pause Young (Normal) (G1 Evacuation Pause) 192M->147M(1024M) 40.368ms
[2022-10-30T12:34:01.601+0900][gc,cpu      ] GC(7) User=0.07s Sys=0.04s Real=0.04s
[2022-10-30T12:44:39.796+0900][gc,start    ] GC(8) Pause Young (Normal) (G1 Evacuation Pause)
[2022-10-30T12:44:39.798+0900][gc,task     ] GC(8) Using 8 workers of 8 for evacuation
[2022-10-30T12:44:39.820+0900][gc,mmu      ] GC(8) MMU target violated: 21.0ms (20.0ms/21.0ms)
[2022-10-30T12:44:39.820+0900][gc,phases   ] GC(8)   Pre Evacuate Collection Set: 1.0ms
[2022-10-30T12:44:39.820+0900][gc,phases   ] GC(8)   Merge Heap Roots: 0.2ms
[2022-10-30T12:44:39.820+0900][gc,phases   ] GC(8)   Evacuate Collection Set: 19.0ms
[2022-10-30T12:44:39.820+0900][gc,phases   ] GC(8)   Post Evacuate Collection Set: 1.6ms
[2022-10-30T12:44:39.820+0900][gc,phases   ] GC(8)   Other: 2.1ms
[2022-10-30T12:44:39.820+0900][gc,heap     ] GC(8) Eden regions: 48->0(45)
[2022-10-30T12:44:39.820+0900][gc,heap     ] GC(8) Survivor regions: 3->6(7)
[2022-10-30T12:44:39.820+0900][gc,heap     ] GC(8) Old regions: 15->15
[2022-10-30T12:44:39.820+0900][gc,heap     ] GC(8) Archive regions: 2->2
[2022-10-30T12:44:39.820+0900][gc,heap     ] GC(8) Humongous regions: 129->129
[2022-10-30T12:44:39.820+0900][gc,metaspace] GC(8) Metaspace: 41473K(42048K)->41473K(42048K) NonClass: 36159K(36480K)->36159K(36480K) Class: 5314K(5568K)->5314K(5568K)
[2022-10-30T12:44:39.820+0900][gc          ] GC(8) Pause Young (Normal) (G1 Evacuation Pause) 195M->150M(1024M) 24.221ms
[2022-10-30T12:44:39.821+0900][gc,cpu      ] GC(8) User=0.05s Sys=0.02s Real=0.03s
[2022-10-30T12:55:10.392+0900][gc,start    ] GC(9) Pause Young (Normal) (G1 Evacuation Pause)
[2022-10-30T12:55:10.393+0900][gc,task     ] GC(9) Using 8 workers of 8 for evacuation
[2022-10-30T12:55:10.419+0900][gc,mmu      ] GC(9) MMU target violated: 21.0ms (20.0ms/21.0ms)
[2022-10-30T12:55:10.420+0900][gc,phases   ] GC(9)   Pre Evacuate Collection Set: 0.9ms
[2022-10-30T12:55:10.420+0900][gc,phases   ] GC(9)   Merge Heap Roots: 0.2ms
[2022-10-30T12:55:10.420+0900][gc,phases   ] GC(9)   Evacuate Collection Set: 24.1ms
[2022-10-30T12:55:10.420+0900][gc,phases   ] GC(9)   Post Evacuate Collection Set: 0.9ms
[2022-10-30T12:55:10.420+0900][gc,phases   ] GC(9)   Other: 2.0ms
[2022-10-30T12:55:10.420+0900][gc,heap     ] GC(9) Eden regions: 45->0(46)
[2022-10-30T12:55:10.420+0900][gc,heap     ] GC(9) Survivor regions: 6->5(7)
[2022-10-30T12:55:10.420+0900][gc,heap     ] GC(9) Old regions: 15->20
[2022-10-30T12:55:10.420+0900][gc,heap     ] GC(9) Archive regions: 2->2
[2022-10-30T12:55:10.420+0900][gc,heap     ] GC(9) Humongous regions: 129->129
[2022-10-30T12:55:10.420+0900][gc,metaspace] GC(9) Metaspace: 41528K(42112K)->41528K(42112K) NonClass: 36213K(36544K)->36213K(36544K) Class: 5314K(5568K)->5314K(5568K)
[2022-10-30T12:55:10.420+0900][gc          ] GC(9) Pause Young (Normal) (G1 Evacuation Pause) 195M->153M(1024M) 28.185ms
[2022-10-30T12:55:10.420+0900][gc,cpu      ] GC(9) User=0.06s Sys=0.03s Real=0.03s
[2022-10-30T13:06:02.502+0900][gc,start    ] GC(10) Pause Young (Normal) (G1 Evacuation Pause)
[2022-10-30T13:06:02.504+0900][gc,task     ] GC(10) Using 8 workers of 8 for evacuation
[2022-10-30T13:06:02.528+0900][gc,mmu      ] GC(10) MMU target violated: 21.0ms (20.0ms/21.0ms)
[2022-10-30T13:06:02.528+0900][gc,phases   ] GC(10)   Pre Evacuate Collection Set: 0.9ms
[2022-10-30T13:06:02.528+0900][gc,phases   ] GC(10)   Merge Heap Roots: 0.3ms
[2022-10-30T13:06:02.528+0900][gc,phases   ] GC(10)   Evacuate Collection Set: 22.1ms
[2022-10-30T13:06:02.528+0900][gc,phases   ] GC(10)   Post Evacuate Collection Set: 0.8ms
[2022-10-30T13:06:02.528+0900][gc,phases   ] GC(10)   Other: 2.2ms
[2022-10-30T13:06:02.528+0900][gc,heap     ] GC(10) Eden regions: 46->0(44)
[2022-10-30T13:06:02.528+0900][gc,heap     ] GC(10) Survivor regions: 5->7(7)
[2022-10-30T13:06:02.528+0900][gc,heap     ] GC(10) Old regions: 20->21
[2022-10-30T13:06:02.528+0900][gc,heap     ] GC(10) Archive regions: 2->2
[2022-10-30T13:06:02.528+0900][gc,heap     ] GC(10) Humongous regions: 129->129
[2022-10-30T13:06:02.528+0900][gc,metaspace] GC(10) Metaspace: 41557K(42112K)->41557K(42112K) NonClass: 36242K(36544K)->36242K(36544K) Class: 5314K(5568K)->5314K(5568K)
[2022-10-30T13:06:02.528+0900][gc          ] GC(10) Pause Young (Normal) (G1 Evacuation Pause) 199M->157M(1024M) 26.453ms
[2022-10-30T13:06:02.529+0900][gc,cpu      ] GC(10) User=0.06s Sys=0.04s Real=0.02s
[2022-10-30T13:16:20.088+0900][gc,start    ] GC(11) Pause Young (Normal) (G1 Evacuation Pause)
[2022-10-30T13:16:20.089+0900][gc,task     ] GC(11) Using 8 workers of 8 for evacuation
[2022-10-30T13:16:20.133+0900][gc,mmu      ] GC(11) MMU target violated: 21.0ms (20.0ms/21.0ms)
[2022-10-30T13:16:20.133+0900][gc,phases   ] GC(11)   Pre Evacuate Collection Set: 1.0ms
[2022-10-30T13:16:20.133+0900][gc,phases   ] GC(11)   Merge Heap Roots: 0.4ms
[2022-10-30T13:16:20.133+0900][gc,phases   ] GC(11)   Evacuate Collection Set: 39.8ms
[2022-10-30T13:16:20.133+0900][gc,phases   ] GC(11)   Post Evacuate Collection Set: 0.8ms
[2022-10-30T13:16:20.133+0900][gc,phases   ] GC(11)   Other: 3.2ms
[2022-10-30T13:16:20.133+0900][gc,heap     ] GC(11) Eden regions: 44->0(46)
[2022-10-30T13:16:20.133+0900][gc,heap     ] GC(11) Survivor regions: 7->5(7)
[2022-10-30T13:16:20.133+0900][gc,heap     ] GC(11) Old regions: 21->27
[2022-10-30T13:16:20.133+0900][gc,heap     ] GC(11) Archive regions: 2->2
[2022-10-30T13:16:20.133+0900][gc,heap     ] GC(11) Humongous regions: 129->129
[2022-10-30T13:16:20.133+0900][gc,metaspace] GC(11) Metaspace: 41627K(42176K)->41627K(42176K) NonClass: 36312K(36608K)->36312K(36608K) Class: 5314K(5568K)->5314K(5568K)
[2022-10-30T13:16:20.133+0900][gc          ] GC(11) Pause Young (Normal) (G1 Evacuation Pause) 201M->161M(1024M) 45.374ms
[2022-10-30T13:16:20.133+0900][gc,cpu      ] GC(11) User=0.08s Sys=0.05s Real=0.05s
[2022-10-30T13:26:14.476+0900][gc,start    ] GC(12) Pause Young (Normal) (G1 Evacuation Pause)
[2022-10-30T13:26:14.478+0900][gc,task     ] GC(12) Using 8 workers of 8 for evacuation
[2022-10-30T13:26:14.513+0900][gc,mmu      ] GC(12) MMU target violated: 21.0ms (20.0ms/21.0ms)
[2022-10-30T13:26:14.513+0900][gc,phases   ] GC(12)   Pre Evacuate Collection Set: 0.9ms
[2022-10-30T13:26:14.513+0900][gc,phases   ] GC(12)   Merge Heap Roots: 0.3ms
[2022-10-30T13:26:14.513+0900][gc,phases   ] GC(12)   Evacuate Collection Set: 32.7ms
[2022-10-30T13:26:14.513+0900][gc,phases   ] GC(12)   Post Evacuate Collection Set: 0.8ms
[2022-10-30T13:26:14.513+0900][gc,phases   ] GC(12)   Other: 2.8ms
[2022-10-30T13:26:14.513+0900][gc,heap     ] GC(12) Eden regions: 46->0(45)
[2022-10-30T13:26:14.514+0900][gc,heap     ] GC(12) Survivor regions: 5->6(7)
[2022-10-30T13:26:14.514+0900][gc,heap     ] GC(12) Old regions: 27->31
[2022-10-30T13:26:14.514+0900][gc,heap     ] GC(12) Archive regions: 2->2
[2022-10-30T13:26:14.514+0900][gc,heap     ] GC(12) Humongous regions: 129->129
[2022-10-30T13:26:14.514+0900][gc,metaspace] GC(12) Metaspace: 41682K(42304K)->41682K(42304K) NonClass: 36362K(36736K)->36362K(36736K) Class: 5319K(5568K)->5319K(5568K)
[2022-10-30T13:26:14.514+0900][gc          ] GC(12) Pause Young (Normal) (G1 Evacuation Pause) 207M->165M(1024M) 37.637ms
[2022-10-30T13:26:14.514+0900][gc,cpu      ] GC(12) User=0.06s Sys=0.06s Real=0.04s
[2022-10-30T13:36:47.531+0900][gc,start    ] GC(13) Pause Young (Normal) (G1 Evacuation Pause)
[2022-10-30T13:36:47.531+0900][gc,task     ] GC(13) Using 8 workers of 8 for evacuation
[2022-10-30T13:36:47.552+0900][gc,mmu      ] GC(13) MMU target violated: 20.6ms (20.0ms/21.0ms)
[2022-10-30T13:36:47.553+0900][gc,phases   ] GC(13)   Pre Evacuate Collection Set: 0.9ms
[2022-10-30T13:36:47.553+0900][gc,phases   ] GC(13)   Merge Heap Roots: 0.3ms
[2022-10-30T13:36:47.553+0900][gc,phases   ] GC(13)   Evacuate Collection Set: 19.1ms
[2022-10-30T13:36:47.553+0900][gc,phases   ] GC(13)   Post Evacuate Collection Set: 0.7ms
[2022-10-30T13:36:47.553+0900][gc,phases   ] GC(13)   Other: 1.3ms
[2022-10-30T13:36:47.553+0900][gc,heap     ] GC(13) Eden regions: 45->0(47)
[2022-10-30T13:36:47.553+0900][gc,heap     ] GC(13) Survivor regions: 6->4(7)
[2022-10-30T13:36:47.553+0900][gc,heap     ] GC(13) Old regions: 31->34
[2022-10-30T13:36:47.553+0900][gc,heap     ] GC(13) Archive regions: 2->2
[2022-10-30T13:36:47.553+0900][gc,heap     ] GC(13) Humongous regions: 129->129
[2022-10-30T13:36:47.553+0900][gc,metaspace] GC(13) Metaspace: 41684K(42304K)->41684K(42304K) NonClass: 36365K(36736K)->36365K(36736K) Class: 5319K(5568K)->5319K(5568K)
[2022-10-30T13:36:47.553+0900][gc          ] GC(13) Pause Young (Normal) (G1 Evacuation Pause) 210M->166M(1024M) 22.274ms
[2022-10-30T13:36:47.553+0900][gc,cpu      ] GC(13) User=0.04s Sys=0.02s Real=0.02s
[2022-10-30T13:47:48.300+0900][gc,start    ] GC(14) Pause Young (Normal) (G1 Evacuation Pause)
[2022-10-30T13:47:48.300+0900][gc,task     ] GC(14) Using 8 workers of 8 for evacuation
[2022-10-30T13:47:48.320+0900][gc,phases   ] GC(14)   Pre Evacuate Collection Set: 0.8ms
[2022-10-30T13:47:48.320+0900][gc,phases   ] GC(14)   Merge Heap Roots: 0.2ms
[2022-10-30T13:47:48.320+0900][gc,phases   ] GC(14)   Evacuate Collection Set: 17.2ms
[2022-10-30T13:47:48.320+0900][gc,phases   ] GC(14)   Post Evacuate Collection Set: 0.8ms
[2022-10-30T13:47:48.320+0900][gc,phases   ] GC(14)   Other: 0.8ms
[2022-10-30T13:47:48.320+0900][gc,heap     ] GC(14) Eden regions: 47->0(45)
[2022-10-30T13:47:48.320+0900][gc,heap     ] GC(14) Survivor regions: 4->6(7)
[2022-10-30T13:47:48.320+0900][gc,heap     ] GC(14) Old regions: 34->34
[2022-10-30T13:47:48.320+0900][gc,heap     ] GC(14) Archive regions: 2->2
[2022-10-30T13:47:48.320+0900][gc,heap     ] GC(14) Humongous regions: 129->129
[2022-10-30T13:47:48.320+0900][gc,metaspace] GC(14) Metaspace: 41696K(42304K)->41696K(42304K) NonClass: 36377K(36736K)->36377K(36736K) Class: 5319K(5568K)->5319K(5568K)
[2022-10-30T13:47:48.320+0900][gc          ] GC(14) Pause Young (Normal) (G1 Evacuation Pause) 213M->168M(1024M) 20.035ms
[2022-10-30T13:47:48.320+0900][gc,cpu      ] GC(14) User=0.04s Sys=0.02s Real=0.02s
[2022-10-30T13:58:22.099+0900][gc,start    ] GC(15) Pause Young (Normal) (G1 Evacuation Pause)
[2022-10-30T13:58:22.100+0900][gc,task     ] GC(15) Using 8 workers of 8 for evacuation
[2022-10-30T13:58:22.127+0900][gc,mmu      ] GC(15) MMU target violated: 21.0ms (20.0ms/21.0ms)
[2022-10-30T13:58:22.127+0900][gc,phases   ] GC(15)   Pre Evacuate Collection Set: 1.0ms
[2022-10-30T13:58:22.127+0900][gc,phases   ] GC(15)   Merge Heap Roots: 0.6ms
[2022-10-30T13:58:22.127+0900][gc,phases   ] GC(15)   Evacuate Collection Set: 23.3ms
[2022-10-30T13:58:22.127+0900][gc,phases   ] GC(15)   Post Evacuate Collection Set: 1.7ms
[2022-10-30T13:58:22.127+0900][gc,phases   ] GC(15)   Other: 1.3ms
[2022-10-30T13:58:22.127+0900][gc,heap     ] GC(15) Eden regions: 45->0(47)
[2022-10-30T13:58:22.127+0900][gc,heap     ] GC(15) Survivor regions: 6->4(7)
[2022-10-30T13:58:22.127+0900][gc,heap     ] GC(15) Old regions: 34->37
[2022-10-30T13:58:22.127+0900][gc,heap     ] GC(15) Archive regions: 2->2
[2022-10-30T13:58:22.127+0900][gc,heap     ] GC(15) Humongous regions: 129->129
[2022-10-30T13:58:22.127+0900][gc,metaspace] GC(15) Metaspace: 41708K(42304K)->41708K(42304K) NonClass: 36388K(36736K)->36388K(36736K) Class: 5319K(5568K)->5319K(5568K)
[2022-10-30T13:58:22.127+0900][gc          ] GC(15) Pause Young (Normal) (G1 Evacuation Pause) 213M->170M(1024M) 28.103ms
[2022-10-30T13:58:22.127+0900][gc,cpu      ] GC(15) User=0.06s Sys=0.03s Real=0.03s
[2022-10-30T14:09:26.150+0900][gc,start    ] GC(16) Pause Young (Normal) (G1 Evacuation Pause)
[2022-10-30T14:09:26.151+0900][gc,task     ] GC(16) Using 8 workers of 8 for evacuation
[2022-10-30T14:09:26.191+0900][gc,mmu      ] GC(16) MMU target violated: 21.0ms (20.0ms/21.0ms)
[2022-10-30T14:09:26.191+0900][gc,phases   ] GC(16)   Pre Evacuate Collection Set: 1.5ms
[2022-10-30T14:09:26.191+0900][gc,phases   ] GC(16)   Merge Heap Roots: 0.3ms
[2022-10-30T14:09:26.191+0900][gc,phases   ] GC(16)   Evacuate Collection Set: 36.3ms
[2022-10-30T14:09:26.191+0900][gc,phases   ] GC(16)   Post Evacuate Collection Set: 1.7ms
[2022-10-30T14:09:26.191+0900][gc,phases   ] GC(16)   Other: 1.5ms
[2022-10-30T14:09:26.191+0900][gc,heap     ] GC(16) Eden regions: 47->0(44)
[2022-10-30T14:09:26.191+0900][gc,heap     ] GC(16) Survivor regions: 4->7(7)
[2022-10-30T14:09:26.191+0900][gc,heap     ] GC(16) Old regions: 37->37
[2022-10-30T14:09:26.191+0900][gc,heap     ] GC(16) Archive regions: 2->2
[2022-10-30T14:09:26.191+0900][gc,heap     ] GC(16) Humongous regions: 129->129
[2022-10-30T14:09:26.191+0900][gc,metaspace] GC(16) Metaspace: 41710K(42304K)->41710K(42304K) NonClass: 36391K(36736K)->36391K(36736K) Class: 5319K(5568K)->5319K(5568K)
[2022-10-30T14:09:26.191+0900][gc          ] GC(16) Pause Young (Normal) (G1 Evacuation Pause) 217M->173M(1024M) 41.444ms
[2022-10-30T14:09:26.192+0900][gc,cpu      ] GC(16) User=0.06s Sys=0.05s Real=0.04s
[2022-10-30T14:19:47.072+0900][gc,start    ] GC(17) Pause Young (Normal) (G1 Evacuation Pause)
[2022-10-30T14:19:47.073+0900][gc,task     ] GC(17) Using 8 workers of 8 for evacuation
[2022-10-30T14:19:47.106+0900][gc,mmu      ] GC(17) MMU target violated: 21.0ms (20.0ms/21.0ms)
[2022-10-30T14:19:47.107+0900][gc,phases   ] GC(17)   Pre Evacuate Collection Set: 1.1ms
[2022-10-30T14:19:47.107+0900][gc,phases   ] GC(17)   Merge Heap Roots: 0.5ms
[2022-10-30T14:19:47.107+0900][gc,phases   ] GC(17)   Evacuate Collection Set: 30.1ms
[2022-10-30T14:19:47.107+0900][gc,phases   ] GC(17)   Post Evacuate Collection Set: 1.1ms
[2022-10-30T14:19:47.107+0900][gc,phases   ] GC(17)   Other: 2.2ms
[2022-10-30T14:19:47.107+0900][gc,heap     ] GC(17) Eden regions: 44->0(47)
[2022-10-30T14:19:47.107+0900][gc,heap     ] GC(17) Survivor regions: 7->4(7)
[2022-10-30T14:19:47.107+0900][gc,heap     ] GC(17) Old regions: 37->42
[2022-10-30T14:19:47.107+0900][gc,heap     ] GC(17) Archive regions: 2->2
[2022-10-30T14:19:47.107+0900][gc,heap     ] GC(17) Humongous regions: 129->129
[2022-10-30T14:19:47.107+0900][gc,metaspace] GC(17) Metaspace: 41713K(42304K)->41713K(42304K) NonClass: 36393K(36736K)->36393K(36736K) Class: 5319K(5568K)->5319K(5568K)
[2022-10-30T14:19:47.107+0900][gc          ] GC(17) Pause Young (Normal) (G1 Evacuation Pause) 217M->175M(1024M) 35.062ms
[2022-10-30T14:19:47.107+0900][gc,cpu      ] GC(17) User=0.06s Sys=0.06s Real=0.03s
[2022-10-30T14:30:01.364+0900][gc,start    ] GC(18) Pause Young (Normal) (G1 Evacuation Pause)
[2022-10-30T14:30:01.366+0900][gc,task     ] GC(18) Using 8 workers of 8 for evacuation
[2022-10-30T14:30:01.404+0900][gc,mmu      ] GC(18) MMU target violated: 21.0ms (20.0ms/21.0ms)
[2022-10-30T14:30:01.404+0900][gc,phases   ] GC(18)   Pre Evacuate Collection Set: 1.3ms
[2022-10-30T14:30:01.404+0900][gc,phases   ] GC(18)   Merge Heap Roots: 0.5ms
[2022-10-30T14:30:01.404+0900][gc,phases   ] GC(18)   Evacuate Collection Set: 34.9ms
[2022-10-30T14:30:01.404+0900][gc,phases   ] GC(18)   Post Evacuate Collection Set: 1.4ms
[2022-10-30T14:30:01.404+0900][gc,phases   ] GC(18)   Other: 2.2ms
[2022-10-30T14:30:01.404+0900][gc,heap     ] GC(18) Eden regions: 47->0(44)
[2022-10-30T14:30:01.404+0900][gc,heap     ] GC(18) Survivor regions: 4->7(7)
[2022-10-30T14:30:01.404+0900][gc,heap     ] GC(18) Old regions: 42->42
[2022-10-30T14:30:01.404+0900][gc,heap     ] GC(18) Archive regions: 2->2
[2022-10-30T14:30:01.404+0900][gc,heap     ] GC(18) Humongous regions: 129->129
[2022-10-30T14:30:01.404+0900][gc,metaspace] GC(18) Metaspace: 41729K(42304K)->41729K(42304K) NonClass: 36410K(36736K)->36410K(36736K) Class: 5319K(5568K)->5319K(5568K)
[2022-10-30T14:30:01.405+0900][gc          ] GC(18) Pause Young (Normal) (G1 Evacuation Pause) 222M->178M(1024M) 40.259ms
[2022-10-30T14:30:01.405+0900][gc,cpu      ] GC(18) User=0.05s Sys=0.05s Real=0.04s
[2022-10-30T14:40:23.163+0900][gc,start    ] GC(19) Pause Young (Normal) (G1 Evacuation Pause)
[2022-10-30T14:40:23.164+0900][gc,task     ] GC(19) Using 8 workers of 8 for evacuation
[2022-10-30T14:40:23.186+0900][gc,mmu      ] GC(19) MMU target violated: 21.0ms (20.0ms/21.0ms)
[2022-10-30T14:40:23.186+0900][gc,phases   ] GC(19)   Pre Evacuate Collection Set: 0.7ms
[2022-10-30T14:40:23.186+0900][gc,phases   ] GC(19)   Merge Heap Roots: 0.3ms
[2022-10-30T14:40:23.186+0900][gc,phases   ] GC(19)   Evacuate Collection Set: 20.0ms
[2022-10-30T14:40:23.186+0900][gc,phases   ] GC(19)   Post Evacuate Collection Set: 0.7ms
[2022-10-30T14:40:23.186+0900][gc,phases   ] GC(19)   Other: 1.6ms
[2022-10-30T14:40:23.186+0900][gc,heap     ] GC(19) Eden regions: 44->0(48)
[2022-10-30T14:40:23.186+0900][gc,heap     ] GC(19) Survivor regions: 7->3(7)
[2022-10-30T14:40:23.186+0900][gc,heap     ] GC(19) Old regions: 42->46
[2022-10-30T14:40:23.186+0900][gc,heap     ] GC(19) Archive regions: 2->2
[2022-10-30T14:40:23.186+0900][gc,heap     ] GC(19) Humongous regions: 129->129
[2022-10-30T14:40:23.186+0900][gc,metaspace] GC(19) Metaspace: 41738K(42304K)->41738K(42304K) NonClass: 36418K(36736K)->36418K(36736K) Class: 5319K(5568K)->5319K(5568K)
[2022-10-30T14:40:23.186+0900][gc          ] GC(19) Pause Young (Normal) (G1 Evacuation Pause) 222M->178M(1024M) 23.369ms
[2022-10-30T14:40:23.186+0900][gc,cpu      ] GC(19) User=0.04s Sys=0.03s Real=0.02s
[2022-10-30T14:51:43.343+0900][gc,start    ] GC(20) Pause Young (Normal) (G1 Evacuation Pause)
[2022-10-30T14:51:43.344+0900][gc,task     ] GC(20) Using 8 workers of 8 for evacuation
[2022-10-30T14:51:43.382+0900][gc,mmu      ] GC(20) MMU target violated: 21.0ms (20.0ms/21.0ms)
[2022-10-30T14:51:43.382+0900][gc,phases   ] GC(20)   Pre Evacuate Collection Set: 1.8ms
[2022-10-30T14:51:43.382+0900][gc,phases   ] GC(20)   Merge Heap Roots: 0.8ms
[2022-10-30T14:51:43.382+0900][gc,phases   ] GC(20)   Evacuate Collection Set: 33.8ms
[2022-10-30T14:51:43.382+0900][gc,phases   ] GC(20)   Post Evacuate Collection Set: 0.6ms
[2022-10-30T14:51:43.382+0900][gc,phases   ] GC(20)   Other: 2.8ms
[2022-10-30T14:51:43.382+0900][gc,heap     ] GC(20) Eden regions: 48->0(45)
[2022-10-30T14:51:43.382+0900][gc,heap     ] GC(20) Survivor regions: 3->6(7)
[2022-10-30T14:51:43.382+0900][gc,heap     ] GC(20) Old regions: 46->46
[2022-10-30T14:51:43.382+0900][gc,heap     ] GC(20) Archive regions: 2->2
[2022-10-30T14:51:43.382+0900][gc,heap     ] GC(20) Humongous regions: 129->129
[2022-10-30T14:51:43.382+0900][gc,metaspace] GC(20) Metaspace: 41738K(42304K)->41738K(42304K) NonClass: 36419K(36736K)->36419K(36736K) Class: 5319K(5568K)->5319K(5568K)
[2022-10-30T14:51:43.382+0900][gc          ] GC(20) Pause Young (Normal) (G1 Evacuation Pause) 226M->181M(1024M) 39.737ms
[2022-10-30T14:51:43.383+0900][gc,cpu      ] GC(20) User=0.03s Sys=0.05s Real=0.04s
[2022-10-30T15:02:16.673+0900][gc,start    ] GC(21) Pause Young (Normal) (G1 Evacuation Pause)
[2022-10-30T15:02:16.674+0900][gc,task     ] GC(21) Using 8 workers of 8 for evacuation
[2022-10-30T15:02:16.695+0900][gc,mmu      ] GC(21) MMU target violated: 21.0ms (20.0ms/21.0ms)
[2022-10-30T15:02:16.696+0900][gc,phases   ] GC(21)   Pre Evacuate Collection Set: 0.5ms
[2022-10-30T15:02:16.696+0900][gc,phases   ] GC(21)   Merge Heap Roots: 0.1ms
[2022-10-30T15:02:16.696+0900][gc,phases   ] GC(21)   Evacuate Collection Set: 19.7ms
[2022-10-30T15:02:16.696+0900][gc,phases   ] GC(21)   Post Evacuate Collection Set: 0.9ms
[2022-10-30T15:02:16.696+0900][gc,phases   ] GC(21)   Other: 1.5ms
[2022-10-30T15:02:16.696+0900][gc,heap     ] GC(21) Eden regions: 45->0(47)
[2022-10-30T15:02:16.696+0900][gc,heap     ] GC(21) Survivor regions: 6->4(7)
[2022-10-30T15:02:16.696+0900][gc,heap     ] GC(21) Old regions: 46->50
[2022-10-30T15:02:16.696+0900][gc,heap     ] GC(21) Archive regions: 2->2
[2022-10-30T15:02:16.696+0900][gc,heap     ] GC(21) Humongous regions: 129->129
[2022-10-30T15:02:16.696+0900][gc,metaspace] GC(21) Metaspace: 41742K(42304K)->41742K(42304K) NonClass: 36423K(36736K)->36423K(36736K) Class: 5319K(5568K)->5319K(5568K)
[2022-10-30T15:02:16.696+0900][gc          ] GC(21) Pause Young (Normal) (G1 Evacuation Pause) 226M->182M(1024M) 22.935ms
[2022-10-30T15:02:16.696+0900][gc,cpu      ] GC(21) User=0.04s Sys=0.03s Real=0.02s
[2022-10-30T15:13:22.865+0900][gc,start    ] GC(22) Pause Young (Normal) (G1 Evacuation Pause)
[2022-10-30T15:13:22.866+0900][gc,task     ] GC(22) Using 8 workers of 8 for evacuation
[2022-10-30T15:13:22.897+0900][gc,mmu      ] GC(22) MMU target violated: 21.0ms (20.0ms/21.0ms)
[2022-10-30T15:13:22.897+0900][gc,phases   ] GC(22)   Pre Evacuate Collection Set: 1.1ms
[2022-10-30T15:13:22.897+0900][gc,phases   ] GC(22)   Merge Heap Roots: 0.4ms
[2022-10-30T15:13:22.897+0900][gc,phases   ] GC(22)   Evacuate Collection Set: 28.0ms
[2022-10-30T15:13:22.897+0900][gc,phases   ] GC(22)   Post Evacuate Collection Set: 1.1ms
[2022-10-30T15:13:22.898+0900][gc,phases   ] GC(22)   Other: 2.2ms
[2022-10-30T15:13:22.898+0900][gc,heap     ] GC(22) Eden regions: 47->0(45)
[2022-10-30T15:13:22.898+0900][gc,heap     ] GC(22) Survivor regions: 4->6(7)
[2022-10-30T15:13:22.898+0900][gc,heap     ] GC(22) Old regions: 50->50
[2022-10-30T15:13:22.898+0900][gc,heap     ] GC(22) Archive regions: 2->2
[2022-10-30T15:13:22.898+0900][gc,heap     ] GC(22) Humongous regions: 129->129
[2022-10-30T15:13:22.898+0900][gc,metaspace] GC(22) Metaspace: 41745K(42304K)->41745K(42304K) NonClass: 36426K(36736K)->36426K(36736K) Class: 5319K(5568K)->5319K(5568K)
[2022-10-30T15:13:22.898+0900][gc          ] GC(22) Pause Young (Normal) (G1 Evacuation Pause) 229M->184M(1024M) 32.911ms
[2022-10-30T15:13:22.898+0900][gc,cpu      ] GC(22) User=0.04s Sys=0.04s Real=0.03s
[2022-10-30T15:23:09.369+0900][gc,start    ] GC(23) Pause Young (Normal) (G1 Evacuation Pause)
[2022-10-30T15:23:09.370+0900][gc,task     ] GC(23) Using 8 workers of 8 for evacuation
[2022-10-30T15:23:09.447+0900][gc,mmu      ] GC(23) MMU target violated: 21.0ms (20.0ms/21.0ms)
[2022-10-30T15:23:09.447+0900][gc,phases   ] GC(23)   Pre Evacuate Collection Set: 1.2ms
[2022-10-30T15:23:09.447+0900][gc,phases   ] GC(23)   Merge Heap Roots: 1.2ms
[2022-10-30T15:23:09.447+0900][gc,phases   ] GC(23)   Evacuate Collection Set: 72.7ms
[2022-10-30T15:23:09.447+0900][gc,phases   ] GC(23)   Post Evacuate Collection Set: 1.2ms
[2022-10-30T15:23:09.447+0900][gc,phases   ] GC(23)   Other: 2.0ms
[2022-10-30T15:23:09.447+0900][gc,heap     ] GC(23) Eden regions: 45->0(44)
[2022-10-30T15:23:09.447+0900][gc,heap     ] GC(23) Survivor regions: 6->7(7)
[2022-10-30T15:23:09.447+0900][gc,heap     ] GC(23) Old regions: 50->52
[2022-10-30T15:23:09.447+0900][gc,heap     ] GC(23) Archive regions: 2->2
[2022-10-30T15:23:09.447+0900][gc,heap     ] GC(23) Humongous regions: 129->129
[2022-10-30T15:23:09.447+0900][gc,metaspace] GC(23) Metaspace: 41749K(42304K)->41749K(42304K) NonClass: 36428K(36736K)->36428K(36736K) Class: 5320K(5568K)->5320K(5568K)
[2022-10-30T15:23:09.448+0900][gc          ] GC(23) Pause Young (Normal) (G1 Evacuation Pause) 229M->188M(1024M) 78.161ms
[2022-10-30T15:23:09.448+0900][gc,cpu      ] GC(23) User=0.05s Sys=0.08s Real=0.08s
[2022-10-30T15:33:34.171+0900][gc,start    ] GC(24) Pause Young (Normal) (G1 Evacuation Pause)
[2022-10-30T15:33:34.173+0900][gc,task     ] GC(24) Using 8 workers of 8 for evacuation
[2022-10-30T15:33:34.220+0900][gc,mmu      ] GC(24) MMU target violated: 21.0ms (20.0ms/21.0ms)
[2022-10-30T15:33:34.220+0900][gc,phases   ] GC(24)   Pre Evacuate Collection Set: 1.0ms
[2022-10-30T15:33:34.220+0900][gc,phases   ] GC(24)   Merge Heap Roots: 0.6ms
[2022-10-30T15:33:34.220+0900][gc,phases   ] GC(24)   Evacuate Collection Set: 43.7ms
[2022-10-30T15:33:34.220+0900][gc,phases   ] GC(24)   Post Evacuate Collection Set: 1.6ms
[2022-10-30T15:33:34.220+0900][gc,phases   ] GC(24)   Other: 2.0ms
[2022-10-30T15:33:34.220+0900][gc,heap     ] GC(24) Eden regions: 44->0(47)
[2022-10-30T15:33:34.220+0900][gc,heap     ] GC(24) Survivor regions: 7->4(7)
[2022-10-30T15:33:34.220+0900][gc,heap     ] GC(24) Old regions: 52->57
[2022-10-30T15:33:34.220+0900][gc,heap     ] GC(24) Archive regions: 2->2
[2022-10-30T15:33:34.220+0900][gc,heap     ] GC(24) Humongous regions: 129->129
[2022-10-30T15:33:34.220+0900][gc,metaspace] GC(24) Metaspace: 41750K(42304K)->41750K(42304K) NonClass: 36430K(36736K)->36430K(36736K) Class: 5320K(5568K)->5320K(5568K)
[2022-10-30T15:33:34.220+0900][gc          ] GC(24) Pause Young (Normal) (G1 Evacuation Pause) 232M->190M(1024M) 49.005ms
[2022-10-30T15:33:34.220+0900][gc,cpu      ] GC(24) User=0.06s Sys=0.08s Real=0.05s
[2022-10-30T15:44:39.392+0900][gc,start    ] GC(25) Pause Young (Normal) (G1 Evacuation Pause)
[2022-10-30T15:44:39.393+0900][gc,task     ] GC(25) Using 8 workers of 8 for evacuation
[2022-10-30T15:44:39.422+0900][gc,mmu      ] GC(25) MMU target violated: 21.0ms (20.0ms/21.0ms)
[2022-10-30T15:44:39.423+0900][gc,phases   ] GC(25)   Pre Evacuate Collection Set: 1.2ms
[2022-10-30T15:44:39.423+0900][gc,phases   ] GC(25)   Merge Heap Roots: 0.6ms
[2022-10-30T15:44:39.423+0900][gc,phases   ] GC(25)   Evacuate Collection Set: 18.9ms
[2022-10-30T15:44:39.423+0900][gc,phases   ] GC(25)   Post Evacuate Collection Set: 7.9ms
[2022-10-30T15:44:39.423+0900][gc,phases   ] GC(25)   Other: 2.0ms
[2022-10-30T15:44:39.423+0900][gc,heap     ] GC(25) Eden regions: 47->0(46)
[2022-10-30T15:44:39.423+0900][gc,heap     ] GC(25) Survivor regions: 4->5(7)
[2022-10-30T15:44:39.423+0900][gc,heap     ] GC(25) Old regions: 57->57
[2022-10-30T15:44:39.423+0900][gc,heap     ] GC(25) Archive regions: 2->2
[2022-10-30T15:44:39.423+0900][gc,heap     ] GC(25) Humongous regions: 129->129
[2022-10-30T15:44:39.423+0900][gc,metaspace] GC(25) Metaspace: 41752K(42304K)->41752K(42304K) NonClass: 36432K(36736K)->36432K(36736K) Class: 5320K(5568K)->5320K(5568K)
[2022-10-30T15:44:39.423+0900][gc          ] GC(25) Pause Young (Normal) (G1 Evacuation Pause) 237M->191M(1024M) 31.133ms
[2022-10-30T15:44:39.423+0900][gc,cpu      ] GC(25) User=0.03s Sys=0.04s Real=0.03s
[2022-10-30T15:55:49.555+0900][gc,start    ] GC(26) Pause Young (Normal) (G1 Evacuation Pause)
[2022-10-30T15:55:49.556+0900][gc,task     ] GC(26) Using 8 workers of 8 for evacuation
[2022-10-30T15:55:49.579+0900][gc,mmu      ] GC(26) MMU target violated: 21.0ms (20.0ms/21.0ms)
[2022-10-30T15:55:49.579+0900][gc,phases   ] GC(26)   Pre Evacuate Collection Set: 1.2ms
[2022-10-30T15:55:49.579+0900][gc,phases   ] GC(26)   Merge Heap Roots: 0.3ms
[2022-10-30T15:55:49.579+0900][gc,phases   ] GC(26)   Evacuate Collection Set: 19.8ms
[2022-10-30T15:55:49.579+0900][gc,phases   ] GC(26)   Post Evacuate Collection Set: 0.7ms
[2022-10-30T15:55:49.579+0900][gc,phases   ] GC(26)   Other: 1.6ms
[2022-10-30T15:55:49.579+0900][gc,heap     ] GC(26) Eden regions: 46->0(46)
[2022-10-30T15:55:49.579+0900][gc,heap     ] GC(26) Survivor regions: 5->5(7)
[2022-10-30T15:55:49.579+0900][gc,heap     ] GC(26) Old regions: 57->58
[2022-10-30T15:55:49.579+0900][gc,heap     ] GC(26) Archive regions: 2->2
[2022-10-30T15:55:49.579+0900][gc,heap     ] GC(26) Humongous regions: 129->129
[2022-10-30T15:55:49.579+0900][gc,metaspace] GC(26) Metaspace: 41753K(42304K)->41753K(42304K) NonClass: 36433K(36736K)->36433K(36736K) Class: 5320K(5568K)->5320K(5568K)
[2022-10-30T15:55:49.579+0900][gc          ] GC(26) Pause Young (Normal) (G1 Evacuation Pause) 237M->192M(1024M) 23.692ms
[2022-10-30T15:55:49.579+0900][gc,cpu      ] GC(26) User=0.04s Sys=0.03s Real=0.02s
[2022-10-30T16:06:40.755+0900][gc,start    ] GC(27) Pause Young (Normal) (G1 Evacuation Pause)
[2022-10-30T16:06:40.757+0900][gc,task     ] GC(27) Using 8 workers of 8 for evacuation
[2022-10-30T16:06:40.792+0900][gc,mmu      ] GC(27) MMU target violated: 21.0ms (20.0ms/21.0ms)
[2022-10-30T16:06:40.792+0900][gc,phases   ] GC(27)   Pre Evacuate Collection Set: 0.9ms
[2022-10-30T16:06:40.792+0900][gc,phases   ] GC(27)   Merge Heap Roots: 0.4ms
[2022-10-30T16:06:40.792+0900][gc,phases   ] GC(27)   Evacuate Collection Set: 32.5ms
[2022-10-30T16:06:40.792+0900][gc,phases   ] GC(27)   Post Evacuate Collection Set: 1.2ms
[2022-10-30T16:06:40.792+0900][gc,phases   ] GC(27)   Other: 2.2ms
[2022-10-30T16:06:40.792+0900][gc,heap     ] GC(27) Eden regions: 46->0(45)
[2022-10-30T16:06:40.792+0900][gc,heap     ] GC(27) Survivor regions: 5->6(7)
[2022-10-30T16:06:40.792+0900][gc,heap     ] GC(27) Old regions: 58->60
[2022-10-30T16:06:40.792+0900][gc,heap     ] GC(27) Archive regions: 2->2
[2022-10-30T16:06:40.792+0900][gc,heap     ] GC(27) Humongous regions: 129->129
[2022-10-30T16:06:40.792+0900][gc,metaspace] GC(27) Metaspace: 41754K(42304K)->41754K(42304K) NonClass: 36434K(36736K)->36434K(36736K) Class: 5320K(5568K)->5320K(5568K)
[2022-10-30T16:06:40.792+0900][gc          ] GC(27) Pause Young (Normal) (G1 Evacuation Pause) 238M->195M(1024M) 37.207ms
[2022-10-30T16:06:40.792+0900][gc,cpu      ] GC(27) User=0.05s Sys=0.05s Real=0.04s
[2022-10-30T16:17:16.114+0900][gc,start    ] GC(28) Pause Young (Normal) (G1 Evacuation Pause)
[2022-10-30T16:17:16.116+0900][gc,task     ] GC(28) Using 8 workers of 8 for evacuation
[2022-10-30T16:17:16.149+0900][gc,mmu      ] GC(28) MMU target violated: 21.0ms (20.0ms/21.0ms)
[2022-10-30T16:17:16.149+0900][gc,phases   ] GC(28)   Pre Evacuate Collection Set: 1.0ms
[2022-10-30T16:17:16.149+0900][gc,phases   ] GC(28)   Merge Heap Roots: 0.4ms
[2022-10-30T16:17:16.149+0900][gc,phases   ] GC(28)   Evacuate Collection Set: 29.8ms
[2022-10-30T16:17:16.149+0900][gc,phases   ] GC(28)   Post Evacuate Collection Set: 1.8ms
[2022-10-30T16:17:16.149+0900][gc,phases   ] GC(28)   Other: 2.0ms
[2022-10-30T16:17:16.149+0900][gc,heap     ] GC(28) Eden regions: 45->0(47)
[2022-10-30T16:17:16.149+0900][gc,heap     ] GC(28) Survivor regions: 6->4(7)
[2022-10-30T16:17:16.149+0900][gc,heap     ] GC(28) Old regions: 60->64
[2022-10-30T16:17:16.149+0900][gc,heap     ] GC(28) Archive regions: 2->2
[2022-10-30T16:17:16.149+0900][gc,heap     ] GC(28) Humongous regions: 129->129
[2022-10-30T16:17:16.149+0900][gc,metaspace] GC(28) Metaspace: 41757K(42304K)->41757K(42304K) NonClass: 36437K(36736K)->36437K(36736K) Class: 5320K(5568K)->5320K(5568K)
[2022-10-30T16:17:16.149+0900][gc          ] GC(28) Pause Young (Normal) (G1 Evacuation Pause) 240M->196M(1024M) 35.065ms
[2022-10-30T16:17:16.149+0900][gc,cpu      ] GC(28) User=0.04s Sys=0.05s Real=0.03s
[2022-10-30T16:27:28.762+0900][gc,start    ] GC(29) Pause Young (Normal) (G1 Evacuation Pause)
[2022-10-30T16:27:28.764+0900][gc,task     ] GC(29) Using 8 workers of 8 for evacuation
[2022-10-30T16:27:28.799+0900][gc,mmu      ] GC(29) MMU target violated: 21.0ms (20.0ms/21.0ms)
[2022-10-30T16:27:28.799+0900][gc,phases   ] GC(29)   Pre Evacuate Collection Set: 1.6ms
[2022-10-30T16:27:28.799+0900][gc,phases   ] GC(29)   Merge Heap Roots: 0.5ms
[2022-10-30T16:27:28.800+0900][gc,phases   ] GC(29)   Evacuate Collection Set: 31.2ms
[2022-10-30T16:27:28.800+0900][gc,phases   ] GC(29)   Post Evacuate Collection Set: 1.5ms
[2022-10-30T16:27:28.800+0900][gc,phases   ] GC(29)   Other: 2.8ms
[2022-10-30T16:27:28.800+0900][gc,heap     ] GC(29) Eden regions: 47->0(44)
[2022-10-30T16:27:28.800+0900][gc,heap     ] GC(29) Survivor regions: 4->7(7)
[2022-10-30T16:27:28.800+0900][gc,heap     ] GC(29) Old regions: 64->64
[2022-10-30T16:27:28.800+0900][gc,heap     ] GC(29) Archive regions: 2->2
[2022-10-30T16:27:28.800+0900][gc,heap     ] GC(29) Humongous regions: 129->129
[2022-10-30T16:27:28.800+0900][gc,metaspace] GC(29) Metaspace: 41757K(42304K)->41757K(42304K) NonClass: 36437K(36736K)->36437K(36736K) Class: 5320K(5568K)->5320K(5568K)
[2022-10-30T16:27:28.800+0900][gc          ] GC(29) Pause Young (Normal) (G1 Evacuation Pause) 243M->200M(1024M) 37.558ms
[2022-10-30T16:27:28.800+0900][gc,cpu      ] GC(29) User=0.05s Sys=0.05s Real=0.04s
[2022-10-30T16:37:50.891+0900][gc,start    ] GC(30) Pause Young (Normal) (G1 Evacuation Pause)
[2022-10-30T16:37:50.893+0900][gc,task     ] GC(30) Using 8 workers of 8 for evacuation
[2022-10-30T16:37:50.929+0900][gc,mmu      ] GC(30) MMU target violated: 21.0ms (20.0ms/21.0ms)
[2022-10-30T16:37:50.929+0900][gc,phases   ] GC(30)   Pre Evacuate Collection Set: 1.3ms
[2022-10-30T16:37:50.929+0900][gc,phases   ] GC(30)   Merge Heap Roots: 0.6ms
[2022-10-30T16:37:50.929+0900][gc,phases   ] GC(30)   Evacuate Collection Set: 32.5ms
[2022-10-30T16:37:50.929+0900][gc,phases   ] GC(30)   Post Evacuate Collection Set: 1.2ms
[2022-10-30T16:37:50.929+0900][gc,phases   ] GC(30)   Other: 2.5ms
[2022-10-30T16:37:50.929+0900][gc,heap     ] GC(30) Eden regions: 44->0(48)
[2022-10-30T16:37:50.929+0900][gc,heap     ] GC(30) Survivor regions: 7->3(7)
[2022-10-30T16:37:50.929+0900][gc,heap     ] GC(30) Old regions: 64->68
[2022-10-30T16:37:50.929+0900][gc,heap     ] GC(30) Archive regions: 2->2
[2022-10-30T16:37:50.929+0900][gc,heap     ] GC(30) Humongous regions: 129->129
[2022-10-30T16:37:50.929+0900][gc,metaspace] GC(30) Metaspace: 41766K(42304K)->41766K(42304K) NonClass: 36446K(36736K)->36446K(36736K) Class: 5320K(5568K)->5320K(5568K)
[2022-10-30T16:37:50.929+0900][gc          ] GC(30) Pause Young (Normal) (G1 Evacuation Pause) 244M->199M(1024M) 38.066ms
[2022-10-30T16:37:50.929+0900][gc,cpu      ] GC(30) User=0.04s Sys=0.04s Real=0.03s
