[2022-11-02T09:32:07.386+0900][gc] Using G1
[2022-11-02T09:32:07.395+0900][gc,init] Version: 17.0.2+8-86 (release)
[2022-11-02T09:32:07.395+0900][gc,init] CPUs: 8 total, 8 available
[2022-11-02T09:32:07.395+0900][gc,init] Memory: 16384M
[2022-11-02T09:32:07.395+0900][gc,init] Large Page Support: Disabled
[2022-11-02T09:32:07.395+0900][gc,init] NUMA Support: Disabled
[2022-11-02T09:32:07.395+0900][gc,init] Compressed Oops: Enabled (Zero based)
[2022-11-02T09:32:07.395+0900][gc,init] Heap Region Size: 1M
[2022-11-02T09:32:07.395+0900][gc,init] Heap Min Capacity: 1G
[2022-11-02T09:32:07.395+0900][gc,init] Heap Initial Capacity: 1G
[2022-11-02T09:32:07.395+0900][gc,init] Heap Max Capacity: 1G
[2022-11-02T09:32:07.395+0900][gc,init] Pre-touch: Disabled
[2022-11-02T09:32:07.395+0900][gc,init] Parallel Workers: 8
[2022-11-02T09:32:07.395+0900][gc,init] Concurrent Workers: 2
[2022-11-02T09:32:07.395+0900][gc,init] Concurrent Refinement Workers: 8
[2022-11-02T09:32:07.395+0900][gc,init] Periodic GC: Disabled
[2022-11-02T09:32:07.396+0900][gc,metaspace] CDS archive(s) mapped at: [0x0000000800000000-0x0000000800bd4000-0x0000000800bd4000), size 12402688, SharedBaseAddress: 0x0000000800000000, ArchiveRelocationMode: 0.
[2022-11-02T09:32:07.396+0900][gc,metaspace] Compressed class space mapped at: 0x0000000800c00000-0x0000000840c00000, reserved size: 1073741824
[2022-11-02T09:32:07.396+0900][gc,metaspace] Narrow klass base: 0x0000000800000000, Narrow klass shift: 0, Narrow klass range: 0x100000000
[2022-11-02T09:32:10.825+0900][gc,start    ] GC(0) Pause Young (Normal) (G1 Evacuation Pause)
[2022-11-02T09:32:10.825+0900][gc,task     ] GC(0) Using 8 workers of 8 for evacuation
[2022-11-02T09:32:10.845+0900][gc,mmu      ] GC(0) MMU target violated: 20.2ms (20.0ms/21.0ms)
[2022-11-02T09:32:10.846+0900][gc,phases   ] GC(0)   Pre Evacuate Collection Set: 0.1ms
[2022-11-02T09:32:10.846+0900][gc,phases   ] GC(0)   Merge Heap Roots: 0.1ms
[2022-11-02T09:32:10.846+0900][gc,phases   ] GC(0)   Evacuate Collection Set: 18.6ms
[2022-11-02T09:32:10.846+0900][gc,phases   ] GC(0)   Post Evacuate Collection Set: 1.3ms
[2022-11-02T09:32:10.846+0900][gc,phases   ] GC(0)   Other: 0.9ms
[2022-11-02T09:32:10.846+0900][gc,heap     ] GC(0) Eden regions: 51->0(44)
[2022-11-02T09:32:10.846+0900][gc,heap     ] GC(0) Survivor regions: 0->7(7)
[2022-11-02T09:32:10.846+0900][gc,heap     ] GC(0) Old regions: 0->1
[2022-11-02T09:32:10.846+0900][gc,heap     ] GC(0) Archive regions: 2->2
[2022-11-02T09:32:10.846+0900][gc,heap     ] GC(0) Humongous regions: 0->0
[2022-11-02T09:32:10.846+0900][gc,metaspace] GC(0) Metaspace: 19076K(19328K)->19076K(19328K) NonClass: 16537K(16704K)->16537K(16704K) Class: 2538K(2624K)->2538K(2624K)
[2022-11-02T09:32:10.846+0900][gc          ] GC(0) Pause Young (Normal) (G1 Evacuation Pause) 51M->8M(1024M) 21.000ms
[2022-11-02T09:32:10.846+0900][gc,cpu      ] GC(0) User=0.02s Sys=0.01s Real=0.02s
[2022-11-02T09:32:11.235+0900][gc,start    ] GC(1) Pause Young (Concurrent Start) (Metadata GC Threshold)
[2022-11-02T09:32:11.235+0900][gc,task     ] GC(1) Using 8 workers of 8 for evacuation
[2022-11-02T09:32:11.246+0900][gc,phases   ] GC(1)   Pre Evacuate Collection Set: 0.1ms
[2022-11-02T09:32:11.246+0900][gc,phases   ] GC(1)   Merge Heap Roots: 0.2ms
[2022-11-02T09:32:11.246+0900][gc,phases   ] GC(1)   Evacuate Collection Set: 9.7ms
[2022-11-02T09:32:11.246+0900][gc,phases   ] GC(1)   Post Evacuate Collection Set: 0.3ms
[2022-11-02T09:32:11.246+0900][gc,phases   ] GC(1)   Other: 0.2ms
[2022-11-02T09:32:11.246+0900][gc,heap     ] GC(1) Eden regions: 10->0(49)
[2022-11-02T09:32:11.246+0900][gc,heap     ] GC(1) Survivor regions: 7->2(7)
[2022-11-02T09:32:11.246+0900][gc,heap     ] GC(1) Old regions: 1->8
[2022-11-02T09:32:11.246+0900][gc,heap     ] GC(1) Archive regions: 2->2
[2022-11-02T09:32:11.246+0900][gc,heap     ] GC(1) Humongous regions: 129->129
[2022-11-02T09:32:11.246+0900][gc,metaspace] GC(1) Metaspace: 21273K(21504K)->21273K(21504K) NonClass: 18411K(18496K)->18411K(18496K) Class: 2862K(3008K)->2862K(3008K)
[2022-11-02T09:32:11.246+0900][gc          ] GC(1) Pause Young (Concurrent Start) (Metadata GC Threshold) 147M->138M(1024M) 10.661ms
[2022-11-02T09:32:11.246+0900][gc,cpu      ] GC(1) User=0.02s Sys=0.01s Real=0.01s
[2022-11-02T09:32:11.246+0900][gc          ] GC(2) Concurrent Mark Cycle
[2022-11-02T09:32:11.246+0900][gc,marking  ] GC(2) Concurrent Clear Claimed Marks
[2022-11-02T09:32:11.246+0900][gc,marking  ] GC(2) Concurrent Clear Claimed Marks 0.017ms
[2022-11-02T09:32:11.246+0900][gc,marking  ] GC(2) Concurrent Scan Root Regions
[2022-11-02T09:32:11.252+0900][gc,marking  ] GC(2) Concurrent Scan Root Regions 5.531ms
[2022-11-02T09:32:11.252+0900][gc,marking  ] GC(2) Concurrent Mark
[2022-11-02T09:32:11.252+0900][gc,marking  ] GC(2) Concurrent Mark From Roots
[2022-11-02T09:32:11.252+0900][gc,task     ] GC(2) Using 2 workers of 2 for marking
[2022-11-02T09:32:11.256+0900][gc,marking  ] GC(2) Concurrent Mark From Roots 3.484ms
[2022-11-02T09:32:11.256+0900][gc,marking  ] GC(2) Concurrent Preclean
[2022-11-02T09:32:11.256+0900][gc,marking  ] GC(2) Concurrent Preclean 0.319ms
[2022-11-02T09:32:11.257+0900][gc,start    ] GC(2) Pause Remark
[2022-11-02T09:32:11.265+0900][gc          ] GC(2) Pause Remark 139M->139M(1024M) 8.106ms
[2022-11-02T09:32:11.265+0900][gc,cpu      ] GC(2) User=0.01s Sys=0.01s Real=0.01s
[2022-11-02T09:32:11.265+0900][gc,marking  ] GC(2) Concurrent Mark 12.883ms
[2022-11-02T09:32:11.265+0900][gc,marking  ] GC(2) Concurrent Rebuild Remembered Sets
[2022-11-02T09:32:11.267+0900][gc,marking  ] GC(2) Concurrent Rebuild Remembered Sets 1.658ms
[2022-11-02T09:32:11.267+0900][gc,start    ] GC(2) Pause Cleanup
[2022-11-02T09:32:11.267+0900][gc          ] GC(2) Pause Cleanup 139M->139M(1024M) 0.115ms
[2022-11-02T09:32:11.267+0900][gc,cpu      ] GC(2) User=0.00s Sys=0.00s Real=0.00s
[2022-11-02T09:32:11.267+0900][gc,marking  ] GC(2) Concurrent Cleanup for Next Mark
[2022-11-02T09:32:11.274+0900][gc,marking  ] GC(2) Concurrent Cleanup for Next Mark 6.887ms
[2022-11-02T09:32:11.274+0900][gc          ] GC(2) Concurrent Mark Cycle 27.704ms
[2022-11-02T09:32:12.762+0900][gc,start    ] GC(3) Pause Young (Normal) (G1 Evacuation Pause)
[2022-11-02T09:32:12.762+0900][gc,task     ] GC(3) Using 8 workers of 8 for evacuation
[2022-11-02T09:32:12.778+0900][gc,phases   ] GC(3)   Pre Evacuate Collection Set: 0.2ms
[2022-11-02T09:32:12.781+0900][gc,phases   ] GC(3)   Merge Heap Roots: 0.1ms
[2022-11-02T09:32:12.781+0900][gc,phases   ] GC(3)   Evacuate Collection Set: 14.3ms
[2022-11-02T09:32:12.781+0900][gc,phases   ] GC(3)   Post Evacuate Collection Set: 0.7ms
[2022-11-02T09:32:12.781+0900][gc,phases   ] GC(3)   Other: 0.8ms
[2022-11-02T09:32:12.781+0900][gc,heap     ] GC(3) Eden regions: 49->0(45)
[2022-11-02T09:32:12.781+0900][gc,heap     ] GC(3) Survivor regions: 2->6(7)
[2022-11-02T09:32:12.781+0900][gc,heap     ] GC(3) Old regions: 8->8
[2022-11-02T09:32:12.781+0900][gc,heap     ] GC(3) Archive regions: 2->2
[2022-11-02T09:32:12.781+0900][gc,heap     ] GC(3) Humongous regions: 129->129
[2022-11-02T09:32:12.781+0900][gc,metaspace] GC(3) Metaspace: 32969K(33216K)->32969K(33216K) NonClass: 28972K(29120K)->28972K(29120K) Class: 3996K(4096K)->3996K(4096K)
[2022-11-02T09:32:12.781+0900][gc          ] GC(3) Pause Young (Normal) (G1 Evacuation Pause) 187M->142M(1024M) 19.613ms
[2022-11-02T09:32:12.781+0900][gc,cpu      ] GC(3) User=0.02s Sys=0.00s Real=0.02s
[2022-11-02T09:32:13.763+0900][gc,start    ] GC(4) Pause Young (Concurrent Start) (Metadata GC Threshold)
[2022-11-02T09:32:13.768+0900][gc,task     ] GC(4) Using 8 workers of 8 for evacuation
[2022-11-02T09:32:13.782+0900][gc,phases   ] GC(4)   Pre Evacuate Collection Set: 0.1ms
[2022-11-02T09:32:13.782+0900][gc,phases   ] GC(4)   Merge Heap Roots: 0.1ms
[2022-11-02T09:32:13.782+0900][gc,phases   ] GC(4)   Evacuate Collection Set: 13.0ms
[2022-11-02T09:32:13.782+0900][gc,phases   ] GC(4)   Post Evacuate Collection Set: 0.5ms
[2022-11-02T09:32:13.782+0900][gc,phases   ] GC(4)   Other: 5.4ms
[2022-11-02T09:32:13.782+0900][gc,heap     ] GC(4) Eden regions: 13->0(50)
[2022-11-02T09:32:13.782+0900][gc,heap     ] GC(4) Survivor regions: 6->1(7)
[2022-11-02T09:32:13.782+0900][gc,heap     ] GC(4) Old regions: 8->13
[2022-11-02T09:32:13.782+0900][gc,heap     ] GC(4) Archive regions: 2->2
[2022-11-02T09:32:13.782+0900][gc,heap     ] GC(4) Humongous regions: 129->129
[2022-11-02T09:32:13.782+0900][gc,metaspace] GC(4) Metaspace: 35671K(35968K)->35671K(35968K) NonClass: 31251K(31424K)->31251K(31424K) Class: 4420K(4544K)->4420K(4544K)
[2022-11-02T09:32:13.782+0900][gc          ] GC(4) Pause Young (Concurrent Start) (Metadata GC Threshold) 154M->143M(1024M) 19.076ms
[2022-11-02T09:32:13.782+0900][gc,cpu      ] GC(4) User=0.01s Sys=0.00s Real=0.02s
[2022-11-02T09:32:13.782+0900][gc          ] GC(5) Concurrent Mark Cycle
[2022-11-02T09:32:13.782+0900][gc,marking  ] GC(5) Concurrent Clear Claimed Marks
[2022-11-02T09:32:13.782+0900][gc,marking  ] GC(5) Concurrent Clear Claimed Marks 0.024ms
[2022-11-02T09:32:13.782+0900][gc,marking  ] GC(5) Concurrent Scan Root Regions
[2022-11-02T09:32:13.784+0900][gc,marking  ] GC(5) Concurrent Scan Root Regions 2.045ms
[2022-11-02T09:32:13.784+0900][gc,marking  ] GC(5) Concurrent Mark
[2022-11-02T09:32:13.784+0900][gc,marking  ] GC(5) Concurrent Mark From Roots
[2022-11-02T09:32:13.784+0900][gc,task     ] GC(5) Using 2 workers of 2 for marking
[2022-11-02T09:32:13.799+0900][gc,marking  ] GC(5) Concurrent Mark From Roots 14.883ms
[2022-11-02T09:32:13.799+0900][gc,marking  ] GC(5) Concurrent Preclean
[2022-11-02T09:32:13.801+0900][gc,marking  ] GC(5) Concurrent Preclean 1.579ms
[2022-11-02T09:32:13.802+0900][gc,start    ] GC(5) Pause Remark
[2022-11-02T09:32:13.828+0900][gc,mmu      ] GC(5) MMU target violated: 21.0ms (20.0ms/21.0ms)
[2022-11-02T09:32:13.828+0900][gc          ] GC(5) Pause Remark 143M->143M(1024M) 26.106ms
[2022-11-02T09:32:13.828+0900][gc,cpu      ] GC(5) User=0.02s Sys=0.02s Real=0.02s
[2022-11-02T09:32:13.838+0900][gc,marking  ] GC(5) Concurrent Mark 53.526ms
[2022-11-02T09:32:13.838+0900][gc,marking  ] GC(5) Concurrent Rebuild Remembered Sets
[2022-11-02T09:32:13.841+0900][gc,marking  ] GC(5) Concurrent Rebuild Remembered Sets 3.281ms
[2022-11-02T09:32:13.841+0900][gc,start    ] GC(5) Pause Cleanup
[2022-11-02T09:32:13.841+0900][gc          ] GC(5) Pause Cleanup 143M->143M(1024M) 0.104ms
[2022-11-02T09:32:13.841+0900][gc,cpu      ] GC(5) User=0.00s Sys=0.00s Real=0.00s
[2022-11-02T09:32:13.842+0900][gc,marking  ] GC(5) Concurrent Cleanup for Next Mark
[2022-11-02T09:32:13.845+0900][gc,marking  ] GC(5) Concurrent Cleanup for Next Mark 3.914ms
[2022-11-02T09:32:13.846+0900][gc          ] GC(5) Concurrent Mark Cycle 63.491ms
[2022-11-02T09:39:45.405+0900][gc,start    ] GC(6) Pause Young (Normal) (G1 Evacuation Pause)
[2022-11-02T09:39:45.406+0900][gc,task     ] GC(6) Using 8 workers of 8 for evacuation
[2022-11-02T09:39:45.438+0900][gc,mmu      ] GC(6) MMU target violated: 21.0ms (20.0ms/21.0ms)
[2022-11-02T09:39:45.438+0900][gc,phases   ] GC(6)   Pre Evacuate Collection Set: 0.4ms
[2022-11-02T09:39:45.438+0900][gc,phases   ] GC(6)   Merge Heap Roots: 0.1ms
[2022-11-02T09:39:45.438+0900][gc,phases   ] GC(6)   Evacuate Collection Set: 30.5ms
[2022-11-02T09:39:45.438+0900][gc,phases   ] GC(6)   Post Evacuate Collection Set: 0.7ms
[2022-11-02T09:39:45.438+0900][gc,phases   ] GC(6)   Other: 1.3ms
[2022-11-02T09:39:45.438+0900][gc,heap     ] GC(6) Eden regions: 50->0(46)
[2022-11-02T09:39:45.438+0900][gc,heap     ] GC(6) Survivor regions: 1->5(7)
[2022-11-02T09:39:45.438+0900][gc,heap     ] GC(6) Old regions: 13->13
[2022-11-02T09:39:45.438+0900][gc,heap     ] GC(6) Archive regions: 2->2
[2022-11-02T09:39:45.438+0900][gc,heap     ] GC(6) Humongous regions: 129->129
[2022-11-02T09:39:45.438+0900][gc,metaspace] GC(6) Metaspace: 38514K(38976K)->38514K(38976K) NonClass: 33804K(34048K)->33804K(34048K) Class: 4710K(4928K)->4710K(4928K)
[2022-11-02T09:39:45.438+0900][gc          ] GC(6) Pause Young (Normal) (G1 Evacuation Pause) 193M->146M(1024M) 33.176ms
[2022-11-02T09:39:45.438+0900][gc,cpu      ] GC(6) User=0.05s Sys=0.04s Real=0.03s
[2022-11-02T09:49:41.092+0900][gc,start    ] GC(7) Pause Young (Normal) (G1 Evacuation Pause)
[2022-11-02T09:49:41.094+0900][gc,task     ] GC(7) Using 8 workers of 8 for evacuation
[2022-11-02T09:49:41.119+0900][gc,mmu      ] GC(7) MMU target violated: 21.0ms (20.0ms/21.0ms)
[2022-11-02T09:49:41.133+0900][gc,phases   ] GC(7)   Pre Evacuate Collection Set: 0.4ms
[2022-11-02T09:49:41.133+0900][gc,phases   ] GC(7)   Merge Heap Roots: 0.2ms
[2022-11-02T09:49:41.149+0900][gc,phases   ] GC(7)   Evacuate Collection Set: 24.5ms
[2022-11-02T09:49:41.149+0900][gc,phases   ] GC(7)   Post Evacuate Collection Set: 0.4ms
[2022-11-02T09:49:41.149+0900][gc,phases   ] GC(7)   Other: 14.7ms
[2022-11-02T09:49:41.149+0900][gc,heap     ] GC(7) Eden regions: 46->0(46)
[2022-11-02T09:49:41.149+0900][gc,heap     ] GC(7) Survivor regions: 5->5(7)
[2022-11-02T09:49:41.149+0900][gc,heap     ] GC(7) Old regions: 13->13
[2022-11-02T09:49:41.149+0900][gc,heap     ] GC(7) Archive regions: 2->2
[2022-11-02T09:49:41.149+0900][gc,heap     ] GC(7) Humongous regions: 129->129
[2022-11-02T09:49:41.149+0900][gc,metaspace] GC(7) Metaspace: 38637K(39104K)->38637K(39104K) NonClass: 33919K(34176K)->33919K(34176K) Class: 4718K(4928K)->4718K(4928K)
[2022-11-02T09:49:41.150+0900][gc          ] GC(7) Pause Young (Normal) (G1 Evacuation Pause) 192M->147M(1024M) 57.056ms
[2022-11-02T09:49:41.150+0900][gc,cpu      ] GC(7) User=0.06s Sys=0.02s Real=0.06s
[2022-11-02T09:58:50.497+0900][gc,start    ] GC(8) Pause Young (Normal) (G1 Evacuation Pause)
[2022-11-02T09:58:50.498+0900][gc,task     ] GC(8) Using 8 workers of 8 for evacuation
[2022-11-02T09:58:50.508+0900][gc,phases   ] GC(8)   Pre Evacuate Collection Set: 0.3ms
[2022-11-02T09:58:50.508+0900][gc,phases   ] GC(8)   Merge Heap Roots: 0.1ms
[2022-11-02T09:58:50.508+0900][gc,phases   ] GC(8)   Evacuate Collection Set: 9.7ms
[2022-11-02T09:58:50.508+0900][gc,phases   ] GC(8)   Post Evacuate Collection Set: 0.4ms
[2022-11-02T09:58:50.508+0900][gc,phases   ] GC(8)   Other: 0.4ms
[2022-11-02T09:58:50.508+0900][gc,heap     ] GC(8) Eden regions: 46->0(48)
[2022-11-02T09:58:50.508+0900][gc,heap     ] GC(8) Survivor regions: 5->3(7)
[2022-11-02T09:58:50.508+0900][gc,heap     ] GC(8) Old regions: 13->15
[2022-11-02T09:58:50.508+0900][gc,heap     ] GC(8) Archive regions: 2->2
[2022-11-02T09:58:50.508+0900][gc,heap     ] GC(8) Humongous regions: 129->129
[2022-11-02T09:58:50.508+0900][gc,metaspace] GC(8) Metaspace: 39367K(39872K)->39367K(39872K) NonClass: 34527K(34816K)->34527K(34816K) Class: 4839K(5056K)->4839K(5056K)
[2022-11-02T09:58:50.508+0900][gc          ] GC(8) Pause Young (Normal) (G1 Evacuation Pause) 193M->146M(1024M) 10.994ms
[2022-11-02T09:58:50.508+0900][gc,cpu      ] GC(8) User=0.03s Sys=0.02s Real=0.01s
[2022-11-02T10:04:59.738+0900][gc,start    ] GC(9) Pause Young (Normal) (G1 Evacuation Pause)
[2022-11-02T10:04:59.739+0900][gc,task     ] GC(9) Using 8 workers of 8 for evacuation
[2022-11-02T10:04:59.770+0900][gc,mmu      ] GC(9) MMU target violated: 21.0ms (20.0ms/21.0ms)
[2022-11-02T10:04:59.770+0900][gc,phases   ] GC(9)   Pre Evacuate Collection Set: 0.9ms
[2022-11-02T10:04:59.771+0900][gc,phases   ] GC(9)   Merge Heap Roots: 0.2ms
[2022-11-02T10:04:59.771+0900][gc,phases   ] GC(9)   Evacuate Collection Set: 27.4ms
[2022-11-02T10:04:59.771+0900][gc,phases   ] GC(9)   Post Evacuate Collection Set: 2.2ms
[2022-11-02T10:04:59.771+0900][gc,phases   ] GC(9)   Other: 2.2ms
[2022-11-02T10:04:59.771+0900][gc,heap     ] GC(9) Eden regions: 48->0(59)
[2022-11-02T10:04:59.771+0900][gc,heap     ] GC(9) Survivor regions: 3->3(7)
[2022-11-02T10:04:59.771+0900][gc,heap     ] GC(9) Old regions: 15->15
[2022-11-02T10:04:59.771+0900][gc,heap     ] GC(9) Archive regions: 2->2
[2022-11-02T10:04:59.771+0900][gc,heap     ] GC(9) Humongous regions: 129->129
[2022-11-02T10:04:59.771+0900][gc,metaspace] GC(9) Metaspace: 39534K(40064K)->39534K(40064K) NonClass: 34665K(34944K)->34665K(34944K) Class: 4869K(5120K)->4869K(5120K)
[2022-11-02T10:04:59.771+0900][gc          ] GC(9) Pause Young (Normal) (G1 Evacuation Pause) 194M->146M(1024M) 32.980ms
[2022-11-02T10:04:59.771+0900][gc,cpu      ] GC(9) User=0.03s Sys=0.03s Real=0.04s
[2022-11-02T10:13:02.576+0900][gc,start    ] GC(10) Pause Young (Normal) (G1 Evacuation Pause)
[2022-11-02T10:13:02.577+0900][gc,task     ] GC(10) Using 8 workers of 8 for evacuation
[2022-11-02T10:13:02.596+0900][gc,phases   ] GC(10)   Pre Evacuate Collection Set: 0.5ms
[2022-11-02T10:13:02.596+0900][gc,phases   ] GC(10)   Merge Heap Roots: 0.2ms
[2022-11-02T10:13:02.596+0900][gc,phases   ] GC(10)   Evacuate Collection Set: 17.0ms
[2022-11-02T10:13:02.596+0900][gc,phases   ] GC(10)   Post Evacuate Collection Set: 1.1ms
[2022-11-02T10:13:02.596+0900][gc,phases   ] GC(10)   Other: 1.0ms
[2022-11-02T10:13:02.596+0900][gc,heap     ] GC(10) Eden regions: 59->0(111)
[2022-11-02T10:13:02.596+0900][gc,heap     ] GC(10) Survivor regions: 3->3(8)
[2022-11-02T10:13:02.596+0900][gc,heap     ] GC(10) Old regions: 15->15
[2022-11-02T10:13:02.596+0900][gc,heap     ] GC(10) Archive regions: 2->2
[2022-11-02T10:13:02.596+0900][gc,heap     ] GC(10) Humongous regions: 129->129
[2022-11-02T10:13:02.596+0900][gc,metaspace] GC(10) Metaspace: 39570K(40128K)->39570K(40128K) NonClass: 34701K(35008K)->34701K(35008K) Class: 4869K(5120K)->4869K(5120K)
[2022-11-02T10:13:02.596+0900][gc          ] GC(10) Pause Young (Normal) (G1 Evacuation Pause) 205M->146M(1024M) 20.233ms
[2022-11-02T10:13:02.596+0900][gc,cpu      ] GC(10) User=0.02s Sys=0.03s Real=0.02s
[2022-11-02T10:27:09.194+0900][gc,start    ] GC(11) Pause Young (Normal) (G1 Evacuation Pause)
[2022-11-02T10:27:09.195+0900][gc,task     ] GC(11) Using 8 workers of 8 for evacuation
[2022-11-02T10:27:09.213+0900][gc,phases   ] GC(11)   Pre Evacuate Collection Set: 1.1ms
[2022-11-02T10:27:09.213+0900][gc,phases   ] GC(11)   Merge Heap Roots: 0.3ms
[2022-11-02T10:27:09.213+0900][gc,phases   ] GC(11)   Evacuate Collection Set: 14.3ms
[2022-11-02T10:27:09.213+0900][gc,phases   ] GC(11)   Post Evacuate Collection Set: 1.3ms
[2022-11-02T10:27:09.213+0900][gc,phases   ] GC(11)   Other: 2.4ms
[2022-11-02T10:27:09.213+0900][gc,heap     ] GC(11) Eden regions: 111->0(418)
[2022-11-02T10:27:09.213+0900][gc,heap     ] GC(11) Survivor regions: 3->3(15)
[2022-11-02T10:27:09.213+0900][gc,heap     ] GC(11) Old regions: 15->15
[2022-11-02T10:27:09.213+0900][gc,heap     ] GC(11) Archive regions: 2->2
[2022-11-02T10:27:09.213+0900][gc,heap     ] GC(11) Humongous regions: 129->129
[2022-11-02T10:27:09.213+0900][gc,metaspace] GC(11) Metaspace: 39755K(40256K)->39755K(40256K) NonClass: 34869K(35136K)->34869K(35136K) Class: 4885K(5120K)->4885K(5120K)
[2022-11-02T10:27:09.213+0900][gc          ] GC(11) Pause Young (Normal) (G1 Evacuation Pause) 257M->146M(1024M) 19.494ms
[2022-11-02T10:27:09.213+0900][gc,cpu      ] GC(11) User=0.03s Sys=0.02s Real=0.02s
[2022-11-02T11:13:14.955+0900][gc,start    ] GC(12) Pause Young (Normal) (G1 Evacuation Pause)
[2022-11-02T11:13:14.955+0900][gc,task     ] GC(12) Using 8 workers of 8 for evacuation
[2022-11-02T11:13:14.983+0900][gc,mmu      ] GC(12) MMU target violated: 21.0ms (20.0ms/21.0ms)
[2022-11-02T11:13:14.983+0900][gc,phases   ] GC(12)   Pre Evacuate Collection Set: 0.4ms
[2022-11-02T11:13:14.983+0900][gc,phases   ] GC(12)   Merge Heap Roots: 0.1ms
[2022-11-02T11:13:14.983+0900][gc,phases   ] GC(12)   Evacuate Collection Set: 21.7ms
[2022-11-02T11:13:14.983+0900][gc,phases   ] GC(12)   Post Evacuate Collection Set: 4.7ms
[2022-11-02T11:13:14.983+0900][gc,phases   ] GC(12)   Other: 1.6ms
[2022-11-02T11:13:14.983+0900][gc,heap     ] GC(12) Eden regions: 418->0(307)
[2022-11-02T11:13:14.983+0900][gc,heap     ] GC(12) Survivor regions: 3->4(53)
[2022-11-02T11:13:14.983+0900][gc,heap     ] GC(12) Old regions: 15->15
[2022-11-02T11:13:14.983+0900][gc,heap     ] GC(12) Archive regions: 2->2
[2022-11-02T11:13:14.983+0900][gc,heap     ] GC(12) Humongous regions: 129->129
[2022-11-02T11:13:14.983+0900][gc,metaspace] GC(12) Metaspace: 39891K(40384K)->39891K(40384K) NonClass: 35000K(35264K)->35000K(35264K) Class: 4891K(5120K)->4891K(5120K)
[2022-11-02T11:13:14.983+0900][gc          ] GC(12) Pause Young (Normal) (G1 Evacuation Pause) 564M->147M(1024M) 28.364ms
[2022-11-02T11:13:14.983+0900][gc,cpu      ] GC(12) User=0.03s Sys=0.03s Real=0.03s
[2022-11-02T11:47:16.314+0900][gc,start    ] GC(13) Pause Young (Normal) (G1 Evacuation Pause)
[2022-11-02T11:47:16.316+0900][gc,task     ] GC(13) Using 8 workers of 8 for evacuation
[2022-11-02T11:47:16.338+0900][gc,mmu      ] GC(13) MMU target violated: 21.0ms (20.0ms/21.0ms)
[2022-11-02T11:47:16.339+0900][gc,phases   ] GC(13)   Pre Evacuate Collection Set: 0.8ms
[2022-11-02T11:47:16.339+0900][gc,phases   ] GC(13)   Merge Heap Roots: 0.2ms
[2022-11-02T11:47:16.339+0900][gc,phases   ] GC(13)   Evacuate Collection Set: 19.4ms
[2022-11-02T11:47:16.339+0900][gc,phases   ] GC(13)   Post Evacuate Collection Set: 2.0ms
[2022-11-02T11:47:16.339+0900][gc,phases   ] GC(13)   Other: 1.9ms
[2022-11-02T11:47:16.339+0900][gc,heap     ] GC(13) Eden regions: 307->0(611)
[2022-11-02T11:47:16.339+0900][gc,heap     ] GC(13) Survivor regions: 4->3(39)
[2022-11-02T11:47:16.339+0900][gc,heap     ] GC(13) Old regions: 15->15
[2022-11-02T11:47:16.339+0900][gc,heap     ] GC(13) Archive regions: 2->2
[2022-11-02T11:47:16.339+0900][gc,heap     ] GC(13) Humongous regions: 129->129
[2022-11-02T11:47:16.339+0900][gc,metaspace] GC(13) Metaspace: 39926K(40384K)->39926K(40384K) NonClass: 35034K(35264K)->35034K(35264K) Class: 4891K(5120K)->4891K(5120K)
[2022-11-02T11:47:16.339+0900][gc          ] GC(13) Pause Young (Normal) (G1 Evacuation Pause) 454M->146M(1024M) 24.452ms
[2022-11-02T11:47:16.339+0900][gc,cpu      ] GC(13) User=0.03s Sys=0.03s Real=0.02s
