[2022-11-07T15:08:56.125+0900][gc] Using G1
[2022-11-07T15:08:56.125+0900][gc] Using G1
[2022-11-07T15:08:56.133+0900][gc,init] Version: 17.0.2+8-86 (release)
[2022-11-07T15:08:56.133+0900][gc,init] CPUs: 8 total, 8 available
[2022-11-07T15:08:56.133+0900][gc,init] Memory: 16384M
[2022-11-07T15:08:56.133+0900][gc,init] Large Page Support: Disabled
[2022-11-07T15:08:56.133+0900][gc,init] NUMA Support: Disabled
[2022-11-07T15:08:56.133+0900][gc,init] Compressed Oops: Enabled (Zero based)
[2022-11-07T15:08:56.133+0900][gc,init] Heap Region Size: 1M
[2022-11-07T15:08:56.133+0900][gc,init] Heap Min Capacity: 1G
[2022-11-07T15:08:56.133+0900][gc,init] Heap Initial Capacity: 1G
[2022-11-07T15:08:56.133+0900][gc,init] Heap Max Capacity: 1G
[2022-11-07T15:08:56.133+0900][gc,init] Pre-touch: Disabled
[2022-11-07T15:08:56.133+0900][gc,init] Parallel Workers: 8
[2022-11-07T15:08:56.133+0900][gc,init] Concurrent Workers: 2
[2022-11-07T15:08:56.133+0900][gc,init] Concurrent Refinement Workers: 8
[2022-11-07T15:08:56.133+0900][gc,init] Periodic GC: Disabled
[2022-11-07T15:08:56.133+0900][gc,metaspace] CDS archive(s) mapped at: [0x0000000800000000-0x0000000800bd4000-0x0000000800bd4000), size 12402688, SharedBaseAddress: 0x0000000800000000, ArchiveRelocationMode: 0.
[2022-11-07T15:08:56.133+0900][gc,metaspace] Compressed class space mapped at: 0x0000000800c00000-0x0000000840c00000, reserved size: 1073741824
[2022-11-07T15:08:56.133+0900][gc,metaspace] Narrow klass base: 0x0000000800000000, Narrow klass shift: 0, Narrow klass range: 0x100000000
[2022-11-07T15:08:56.134+0900][gc,init] Version: 17.0.2+8-86 (release)
[2022-11-07T15:08:56.134+0900][gc,init] CPUs: 8 total, 8 available
[2022-11-07T15:08:56.134+0900][gc,init] Memory: 16384M
[2022-11-07T15:08:56.134+0900][gc,init] Large Page Support: Disabled
[2022-11-07T15:08:56.134+0900][gc,init] NUMA Support: Disabled
[2022-11-07T15:08:56.134+0900][gc,init] Compressed Oops: Enabled (Zero based)
[2022-11-07T15:08:56.134+0900][gc,init] Heap Region Size: 1M
[2022-11-07T15:08:56.134+0900][gc,init] Heap Min Capacity: 1G
[2022-11-07T15:08:56.134+0900][gc,init] Heap Initial Capacity: 1G
[2022-11-07T15:08:56.134+0900][gc,init] Heap Max Capacity: 1G
[2022-11-07T15:08:56.134+0900][gc,init] Pre-touch: Disabled
[2022-11-07T15:08:56.134+0900][gc,init] Parallel Workers: 8
[2022-11-07T15:08:56.134+0900][gc,init] Concurrent Workers: 2
[2022-11-07T15:08:56.134+0900][gc,init] Concurrent Refinement Workers: 8
[2022-11-07T15:08:56.134+0900][gc,init] Periodic GC: Disabled
[2022-11-07T15:08:56.134+0900][gc,metaspace] CDS archive(s) mapped at: [0x0000000800000000-0x0000000800bd4000-0x0000000800bd4000), size 12402688, SharedBaseAddress: 0x0000000800000000, ArchiveRelocationMode: 0.
[2022-11-07T15:08:56.134+0900][gc,metaspace] Compressed class space mapped at: 0x0000000800c00000-0x0000000840c00000, reserved size: 1073741824
[2022-11-07T15:08:56.134+0900][gc,metaspace] Narrow klass base: 0x0000000800000000, Narrow klass shift: 0, Narrow klass range: 0x100000000
[2022-11-07T15:08:59.659+0900][gc,start    ] GC(0) Pause Young (Normal) (G1 Evacuation Pause)
[2022-11-07T15:08:59.660+0900][gc,task     ] GC(0) Using 8 workers of 8 for evacuation
[2022-11-07T15:08:59.676+0900][gc,phases   ] GC(0)   Pre Evacuate Collection Set: 0.1ms
[2022-11-07T15:08:59.676+0900][gc,phases   ] GC(0)   Merge Heap Roots: 0.0ms
[2022-11-07T15:08:59.676+0900][gc,phases   ] GC(0)   Evacuate Collection Set: 14.2ms
[2022-11-07T15:08:59.676+0900][gc,phases   ] GC(0)   Post Evacuate Collection Set: 0.5ms
[2022-11-07T15:08:59.676+0900][gc,phases   ] GC(0)   Other: 1.3ms
[2022-11-07T15:08:59.676+0900][gc,heap     ] GC(0) Eden regions: 51->0(44)
[2022-11-07T15:08:59.676+0900][gc,heap     ] GC(0) Survivor regions: 0->7(7)
[2022-11-07T15:08:59.676+0900][gc,heap     ] GC(0) Old regions: 0->1
[2022-11-07T15:08:59.676+0900][gc,heap     ] GC(0) Archive regions: 2->2
[2022-11-07T15:08:59.676+0900][gc,heap     ] GC(0) Humongous regions: 0->0
[2022-11-07T15:08:59.676+0900][gc,metaspace] GC(0) Metaspace: 18967K(19200K)->18967K(19200K) NonClass: 16503K(16640K)->16503K(16640K) Class: 2464K(2560K)->2464K(2560K)
[2022-11-07T15:08:59.676+0900][gc          ] GC(0) Pause Young (Normal) (G1 Evacuation Pause) 51M->8M(1024M) 16.202ms
[2022-11-07T15:08:59.676+0900][gc,cpu      ] GC(0) User=0.02s Sys=0.01s Real=0.02s
[2022-11-07T15:08:59.677+0900][gc,start    ] GC(0) Pause Young (Normal) (G1 Evacuation Pause)
[2022-11-07T15:08:59.677+0900][gc,task     ] GC(0) Using 8 workers of 8 for evacuation
[2022-11-07T15:08:59.692+0900][gc,phases   ] GC(0)   Pre Evacuate Collection Set: 0.1ms
[2022-11-07T15:08:59.692+0900][gc,phases   ] GC(0)   Merge Heap Roots: 0.0ms
[2022-11-07T15:08:59.692+0900][gc,phases   ] GC(0)   Evacuate Collection Set: 13.3ms
[2022-11-07T15:08:59.692+0900][gc,phases   ] GC(0)   Post Evacuate Collection Set: 0.9ms
[2022-11-07T15:08:59.692+0900][gc,phases   ] GC(0)   Other: 0.6ms
[2022-11-07T15:08:59.692+0900][gc,heap     ] GC(0) Eden regions: 51->0(44)
[2022-11-07T15:08:59.692+0900][gc,heap     ] GC(0) Survivor regions: 0->7(7)
[2022-11-07T15:08:59.692+0900][gc,heap     ] GC(0) Old regions: 0->1
[2022-11-07T15:08:59.692+0900][gc,heap     ] GC(0) Archive regions: 2->2
[2022-11-07T15:08:59.692+0900][gc,heap     ] GC(0) Humongous regions: 0->0
[2022-11-07T15:08:59.692+0900][gc,metaspace] GC(0) Metaspace: 18969K(19200K)->18969K(19200K) NonClass: 16439K(16576K)->16439K(16576K) Class: 2529K(2624K)->2529K(2624K)
[2022-11-07T15:08:59.692+0900][gc          ] GC(0) Pause Young (Normal) (G1 Evacuation Pause) 51M->8M(1024M) 15.012ms
[2022-11-07T15:08:59.692+0900][gc,cpu      ] GC(0) User=0.03s Sys=0.01s Real=0.02s
[2022-11-07T15:09:00.273+0900][gc,start    ] GC(1) Pause Young (Concurrent Start) (Metadata GC Threshold)
[2022-11-07T15:09:00.273+0900][gc,task     ] GC(1) Using 8 workers of 8 for evacuation
[2022-11-07T15:09:00.293+0900][gc,phases   ] GC(1)   Pre Evacuate Collection Set: 0.2ms
[2022-11-07T15:09:00.293+0900][gc,phases   ] GC(1)   Merge Heap Roots: 0.1ms
[2022-11-07T15:09:00.293+0900][gc,phases   ] GC(1)   Evacuate Collection Set: 16.7ms
[2022-11-07T15:09:00.293+0900][gc,phases   ] GC(1)   Post Evacuate Collection Set: 0.5ms
[2022-11-07T15:09:00.293+0900][gc,phases   ] GC(1)   Other: 1.7ms
[2022-11-07T15:09:00.293+0900][gc,heap     ] GC(1) Eden regions: 10->0(50)
[2022-11-07T15:09:00.293+0900][gc,heap     ] GC(1) Survivor regions: 7->1(7)
[2022-11-07T15:09:00.293+0900][gc,heap     ] GC(1) Old regions: 1->8
[2022-11-07T15:09:00.293+0900][gc,heap     ] GC(1) Archive regions: 2->2
[2022-11-07T15:09:00.293+0900][gc,heap     ] GC(1) Humongous regions: 0->0
[2022-11-07T15:09:00.293+0900][gc,metaspace] GC(1) Metaspace: 21344K(21504K)->21344K(21504K) NonClass: 18460K(18560K)->18460K(18560K) Class: 2884K(2944K)->2884K(2944K)
[2022-11-07T15:09:00.293+0900][gc          ] GC(1) Pause Young (Concurrent Start) (Metadata GC Threshold) 17M->9M(1024M) 19.396ms
[2022-11-07T15:09:00.293+0900][gc,cpu      ] GC(1) User=0.03s Sys=0.01s Real=0.02s
[2022-11-07T15:09:00.295+0900][gc          ] GC(2) Concurrent Mark Cycle
[2022-11-07T15:09:00.295+0900][gc,marking  ] GC(2) Concurrent Clear Claimed Marks
[2022-11-07T15:09:00.295+0900][gc,marking  ] GC(2) Concurrent Clear Claimed Marks 0.040ms
[2022-11-07T15:09:00.295+0900][gc,marking  ] GC(2) Concurrent Scan Root Regions
[2022-11-07T15:09:00.301+0900][gc,marking  ] GC(2) Concurrent Scan Root Regions 5.755ms
[2022-11-07T15:09:00.301+0900][gc,marking  ] GC(2) Concurrent Mark
[2022-11-07T15:09:00.302+0900][gc,marking  ] GC(2) Concurrent Mark From Roots
[2022-11-07T15:09:00.302+0900][gc,task     ] GC(2) Using 2 workers of 2 for marking
[2022-11-07T15:09:00.307+0900][gc,marking  ] GC(2) Concurrent Mark From Roots 5.502ms
[2022-11-07T15:09:00.307+0900][gc,marking  ] GC(2) Concurrent Preclean
[2022-11-07T15:09:00.307+0900][gc,marking  ] GC(2) Concurrent Preclean 0.032ms
[2022-11-07T15:09:00.308+0900][gc,start    ] GC(2) Pause Remark
[2022-11-07T15:09:00.325+0900][gc          ] GC(2) Pause Remark 9M->9M(1024M) 17.246ms
[2022-11-07T15:09:00.325+0900][gc,cpu      ] GC(2) User=0.01s Sys=0.01s Real=0.02s
[2022-11-07T15:09:00.325+0900][gc,marking  ] GC(2) Concurrent Mark 24.249ms
[2022-11-07T15:09:00.325+0900][gc,marking  ] GC(2) Concurrent Rebuild Remembered Sets
[2022-11-07T15:09:00.328+0900][gc,marking  ] GC(2) Concurrent Rebuild Remembered Sets 3.109ms
[2022-11-07T15:09:00.329+0900][gc,start    ] GC(2) Pause Cleanup
[2022-11-07T15:09:00.329+0900][gc          ] GC(2) Pause Cleanup 9M->9M(1024M) 0.271ms
[2022-11-07T15:09:00.329+0900][gc,cpu      ] GC(2) User=0.00s Sys=0.00s Real=0.00s
[2022-11-07T15:09:00.329+0900][gc,marking  ] GC(2) Concurrent Cleanup for Next Mark
[2022-11-07T15:09:00.333+0900][gc,start    ] GC(1) Pause Young (Concurrent Start) (Metadata GC Threshold)
[2022-11-07T15:09:00.333+0900][gc,task     ] GC(1) Using 8 workers of 8 for evacuation
[2022-11-07T15:09:00.334+0900][gc,marking  ] GC(2) Concurrent Cleanup for Next Mark 4.944ms
[2022-11-07T15:09:00.334+0900][gc          ] GC(2) Concurrent Mark Cycle 39.822ms
[2022-11-07T15:09:00.351+0900][gc,phases   ] GC(1)   Pre Evacuate Collection Set: 0.2ms
[2022-11-07T15:09:00.351+0900][gc,phases   ] GC(1)   Merge Heap Roots: 0.1ms
[2022-11-07T15:09:00.351+0900][gc,phases   ] GC(1)   Evacuate Collection Set: 16.9ms
[2022-11-07T15:09:00.351+0900][gc,phases   ] GC(1)   Post Evacuate Collection Set: 0.6ms
[2022-11-07T15:09:00.351+0900][gc,phases   ] GC(1)   Other: 0.3ms
[2022-11-07T15:09:00.351+0900][gc,heap     ] GC(1) Eden regions: 10->0(49)
[2022-11-07T15:09:00.351+0900][gc,heap     ] GC(1) Survivor regions: 7->2(7)
[2022-11-07T15:09:00.351+0900][gc,heap     ] GC(1) Old regions: 1->7
[2022-11-07T15:09:00.351+0900][gc,heap     ] GC(1) Archive regions: 2->2
[2022-11-07T15:09:00.351+0900][gc,heap     ] GC(1) Humongous regions: 129->129
[2022-11-07T15:09:00.351+0900][gc,metaspace] GC(1) Metaspace: 21264K(21504K)->21264K(21504K) NonClass: 18400K(18496K)->18400K(18496K) Class: 2864K(3008K)->2864K(3008K)
[2022-11-07T15:09:00.351+0900][gc          ] GC(1) Pause Young (Concurrent Start) (Metadata GC Threshold) 147M->138M(1024M) 18.169ms
[2022-11-07T15:09:00.351+0900][gc,cpu      ] GC(1) User=0.03s Sys=0.02s Real=0.02s
[2022-11-07T15:09:00.352+0900][gc          ] GC(2) Concurrent Mark Cycle
[2022-11-07T15:09:00.352+0900][gc,marking  ] GC(2) Concurrent Clear Claimed Marks
[2022-11-07T15:09:00.352+0900][gc,marking  ] GC(2) Concurrent Clear Claimed Marks 0.017ms
[2022-11-07T15:09:00.352+0900][gc,marking  ] GC(2) Concurrent Scan Root Regions
[2022-11-07T15:09:00.359+0900][gc,marking  ] GC(2) Concurrent Scan Root Regions 6.758ms
[2022-11-07T15:09:00.359+0900][gc,marking  ] GC(2) Concurrent Mark
[2022-11-07T15:09:00.369+0900][gc,marking  ] GC(2) Concurrent Mark From Roots
[2022-11-07T15:09:00.369+0900][gc,task     ] GC(2) Using 2 workers of 2 for marking
[2022-11-07T15:09:00.383+0900][gc,marking  ] GC(2) Concurrent Mark From Roots 14.439ms
[2022-11-07T15:09:00.383+0900][gc,marking  ] GC(2) Concurrent Preclean
[2022-11-07T15:09:00.383+0900][gc,marking  ] GC(2) Concurrent Preclean 0.032ms
[2022-11-07T15:09:00.384+0900][gc,start    ] GC(2) Pause Remark
[2022-11-07T15:09:00.398+0900][gc          ] GC(2) Pause Remark 139M->139M(1024M) 14.615ms
[2022-11-07T15:09:00.398+0900][gc,cpu      ] GC(2) User=0.01s Sys=0.02s Real=0.01s
[2022-11-07T15:09:00.398+0900][gc,marking  ] GC(2) Concurrent Mark 39.233ms
[2022-11-07T15:09:00.398+0900][gc,marking  ] GC(2) Concurrent Rebuild Remembered Sets
[2022-11-07T15:09:00.398+0900][gc,marking  ] GC(2) Concurrent Rebuild Remembered Sets 0.009ms
[2022-11-07T15:09:00.399+0900][gc,start    ] GC(2) Pause Cleanup
[2022-11-07T15:09:00.399+0900][gc          ] GC(2) Pause Cleanup 139M->139M(1024M) 0.013ms
[2022-11-07T15:09:00.399+0900][gc,cpu      ] GC(2) User=0.00s Sys=0.00s Real=0.00s
[2022-11-07T15:09:00.399+0900][gc,marking  ] GC(2) Concurrent Cleanup for Next Mark
[2022-11-07T15:09:00.404+0900][gc,marking  ] GC(2) Concurrent Cleanup for Next Mark 5.597ms
[2022-11-07T15:09:00.405+0900][gc          ] GC(2) Concurrent Mark Cycle 52.906ms
[2022-11-07T15:09:02.274+0900][gc,start    ] GC(3) Pause Young (Normal) (G1 Evacuation Pause)
[2022-11-07T15:09:02.274+0900][gc,task     ] GC(3) Using 8 workers of 8 for evacuation
[2022-11-07T15:09:02.279+0900][gc,phases   ] GC(3)   Pre Evacuate Collection Set: 0.2ms
[2022-11-07T15:09:02.279+0900][gc,phases   ] GC(3)   Merge Heap Roots: 0.1ms
[2022-11-07T15:09:02.279+0900][gc,phases   ] GC(3)   Evacuate Collection Set: 4.7ms
[2022-11-07T15:09:02.280+0900][gc,phases   ] GC(3)   Post Evacuate Collection Set: 0.7ms
[2022-11-07T15:09:02.280+0900][gc,phases   ] GC(3)   Other: 0.2ms
[2022-11-07T15:09:02.280+0900][gc,heap     ] GC(3) Eden regions: 49->0(45)
[2022-11-07T15:09:02.280+0900][gc,heap     ] GC(3) Survivor regions: 2->6(7)
[2022-11-07T15:09:02.280+0900][gc,heap     ] GC(3) Old regions: 7->7
[2022-11-07T15:09:02.280+0900][gc,heap     ] GC(3) Archive regions: 2->2
[2022-11-07T15:09:02.280+0900][gc,heap     ] GC(3) Humongous regions: 129->129
[2022-11-07T15:09:02.280+0900][gc,metaspace] GC(3) Metaspace: 32834K(33152K)->32834K(33152K) NonClass: 28815K(28992K)->28815K(28992K) Class: 4018K(4160K)->4018K(4160K)
[2022-11-07T15:09:02.280+0900][gc          ] GC(3) Pause Young (Normal) (G1 Evacuation Pause) 187M->142M(1024M) 6.074ms
[2022-11-07T15:09:02.280+0900][gc,cpu      ] GC(3) User=0.02s Sys=0.00s Real=0.01s
[2022-11-07T15:09:02.499+0900][gc,start    ] GC(3) Pause Young (Normal) (G1 Evacuation Pause)
[2022-11-07T15:09:02.499+0900][gc,task     ] GC(3) Using 8 workers of 8 for evacuation
[2022-11-07T15:09:02.512+0900][gc,phases   ] GC(3)   Pre Evacuate Collection Set: 0.3ms
[2022-11-07T15:09:02.512+0900][gc,phases   ] GC(3)   Merge Heap Roots: 0.1ms
[2022-11-07T15:09:02.512+0900][gc,phases   ] GC(3)   Evacuate Collection Set: 11.4ms
[2022-11-07T15:09:02.512+0900][gc,phases   ] GC(3)   Post Evacuate Collection Set: 0.7ms
[2022-11-07T15:09:02.512+0900][gc,phases   ] GC(3)   Other: 0.3ms
[2022-11-07T15:09:02.512+0900][gc,heap     ] GC(3) Eden regions: 50->0(45)
[2022-11-07T15:09:02.512+0900][gc,heap     ] GC(3) Survivor regions: 1->6(7)
[2022-11-07T15:09:02.512+0900][gc,heap     ] GC(3) Old regions: 8->8
[2022-11-07T15:09:02.512+0900][gc,heap     ] GC(3) Archive regions: 2->2
[2022-11-07T15:09:02.512+0900][gc,heap     ] GC(3) Humongous regions: 129->129
[2022-11-07T15:09:02.512+0900][gc,metaspace] GC(3) Metaspace: 32891K(33152K)->32891K(33152K) NonClass: 28877K(28992K)->28877K(28992K) Class: 4013K(4160K)->4013K(4160K)
[2022-11-07T15:09:02.512+0900][gc          ] GC(3) Pause Young (Normal) (G1 Evacuation Pause) 188M->142M(1024M) 12.958ms
[2022-11-07T15:09:02.512+0900][gc,cpu      ] GC(3) User=0.02s Sys=0.00s Real=0.02s
[2022-11-07T15:09:04.132+0900][gc,start    ] GC(4) Pause Young (Concurrent Start) (Metadata GC Threshold)
[2022-11-07T15:09:04.133+0900][gc,task     ] GC(4) Using 8 workers of 8 for evacuation
[2022-11-07T15:09:04.141+0900][gc,phases   ] GC(4)   Pre Evacuate Collection Set: 0.3ms
[2022-11-07T15:09:04.141+0900][gc,phases   ] GC(4)   Merge Heap Roots: 0.4ms
[2022-11-07T15:09:04.141+0900][gc,phases   ] GC(4)   Evacuate Collection Set: 6.7ms
[2022-11-07T15:09:04.141+0900][gc,phases   ] GC(4)   Post Evacuate Collection Set: 0.8ms
[2022-11-07T15:09:04.141+0900][gc,phases   ] GC(4)   Other: 0.6ms
[2022-11-07T15:09:04.141+0900][gc,heap     ] GC(4) Eden regions: 16->0(49)
[2022-11-07T15:09:04.141+0900][gc,heap     ] GC(4) Survivor regions: 6->2(7)
[2022-11-07T15:09:04.141+0900][gc,heap     ] GC(4) Old regions: 7->13
[2022-11-07T15:09:04.141+0900][gc,heap     ] GC(4) Archive regions: 2->2
[2022-11-07T15:09:04.141+0900][gc,heap     ] GC(4) Humongous regions: 129->129
[2022-11-07T15:09:04.141+0900][gc,metaspace] GC(4) Metaspace: 35654K(35968K)->35654K(35968K) NonClass: 31055K(31232K)->31055K(31232K) Class: 4599K(4736K)->4599K(4736K)
[2022-11-07T15:09:04.141+0900][gc          ] GC(4) Pause Young (Concurrent Start) (Metadata GC Threshold) 157M->143M(1024M) 8.843ms
[2022-11-07T15:09:04.141+0900][gc,cpu      ] GC(4) User=0.03s Sys=0.01s Real=0.01s
[2022-11-07T15:09:04.141+0900][gc          ] GC(5) Concurrent Mark Cycle
[2022-11-07T15:09:04.141+0900][gc,marking  ] GC(5) Concurrent Clear Claimed Marks
[2022-11-07T15:09:04.141+0900][gc,marking  ] GC(5) Concurrent Clear Claimed Marks 0.038ms
[2022-11-07T15:09:04.141+0900][gc,marking  ] GC(5) Concurrent Scan Root Regions
[2022-11-07T15:09:04.147+0900][gc,marking  ] GC(5) Concurrent Scan Root Regions 5.478ms
[2022-11-07T15:09:04.147+0900][gc,marking  ] GC(5) Concurrent Mark
[2022-11-07T15:09:04.147+0900][gc,marking  ] GC(5) Concurrent Mark From Roots
[2022-11-07T15:09:04.147+0900][gc,task     ] GC(5) Using 2 workers of 2 for marking
[2022-11-07T15:09:04.156+0900][gc,marking  ] GC(5) Concurrent Mark From Roots 9.169ms
[2022-11-07T15:09:04.156+0900][gc,marking  ] GC(5) Concurrent Preclean
[2022-11-07T15:09:04.156+0900][gc,marking  ] GC(5) Concurrent Preclean 0.078ms
[2022-11-07T15:09:04.158+0900][gc,start    ] GC(5) Pause Remark
[2022-11-07T15:09:04.194+0900][gc,mmu      ] GC(5) MMU target violated: 21.0ms (20.0ms/21.0ms)
[2022-11-07T15:09:04.195+0900][gc          ] GC(5) Pause Remark 143M->143M(1024M) 36.774ms
[2022-11-07T15:09:04.195+0900][gc,cpu      ] GC(5) User=0.02s Sys=0.03s Real=0.04s
[2022-11-07T15:09:04.195+0900][gc,marking  ] GC(5) Concurrent Mark 47.627ms
[2022-11-07T15:09:04.195+0900][gc,marking  ] GC(5) Concurrent Rebuild Remembered Sets
[2022-11-07T15:09:04.199+0900][gc,marking  ] GC(5) Concurrent Rebuild Remembered Sets 4.140ms
[2022-11-07T15:09:04.200+0900][gc,start    ] GC(5) Pause Cleanup
[2022-11-07T15:09:04.200+0900][gc          ] GC(5) Pause Cleanup 143M->143M(1024M) 0.176ms
[2022-11-07T15:09:04.200+0900][gc,cpu      ] GC(5) User=0.00s Sys=0.00s Real=0.00s
[2022-11-07T15:09:04.200+0900][gc,marking  ] GC(5) Concurrent Cleanup for Next Mark
[2022-11-07T15:09:04.205+0900][gc,marking  ] GC(5) Concurrent Cleanup for Next Mark 5.050ms
[2022-11-07T15:09:04.205+0900][gc          ] GC(5) Concurrent Mark Cycle 63.705ms
[2022-11-07T15:09:05.124+0900][gc,start    ] GC(4) Pause Young (Concurrent Start) (Metadata GC Threshold)
[2022-11-07T15:09:05.124+0900][gc,task     ] GC(4) Using 8 workers of 8 for evacuation
[2022-11-07T15:09:05.151+0900][gc,mmu      ] GC(4) MMU target violated: 21.0ms (20.0ms/21.0ms)
[2022-11-07T15:09:05.151+0900][gc,phases   ] GC(4)   Pre Evacuate Collection Set: 0.3ms
[2022-11-07T15:09:05.151+0900][gc,phases   ] GC(4)   Merge Heap Roots: 0.1ms
[2022-11-07T15:09:05.151+0900][gc,phases   ] GC(4)   Evacuate Collection Set: 24.4ms
[2022-11-07T15:09:05.151+0900][gc,phases   ] GC(4)   Post Evacuate Collection Set: 1.4ms
[2022-11-07T15:09:05.151+0900][gc,phases   ] GC(4)   Other: 0.3ms
[2022-11-07T15:09:05.151+0900][gc,heap     ] GC(4) Eden regions: 13->0(49)
[2022-11-07T15:09:05.151+0900][gc,heap     ] GC(4) Survivor regions: 6->2(7)
[2022-11-07T15:09:05.151+0900][gc,heap     ] GC(4) Old regions: 8->13
[2022-11-07T15:09:05.151+0900][gc,heap     ] GC(4) Archive regions: 2->2
[2022-11-07T15:09:05.151+0900][gc,heap     ] GC(4) Humongous regions: 129->129
[2022-11-07T15:09:05.151+0900][gc,metaspace] GC(4) Metaspace: 35707K(35968K)->35707K(35968K) NonClass: 31272K(31424K)->31272K(31424K) Class: 4435K(4544K)->4435K(4544K)
[2022-11-07T15:09:05.151+0900][gc          ] GC(4) Pause Young (Concurrent Start) (Metadata GC Threshold) 154M->143M(1024M) 26.469ms
[2022-11-07T15:09:05.151+0900][gc,cpu      ] GC(4) User=0.02s Sys=0.01s Real=0.03s
[2022-11-07T15:09:05.151+0900][gc          ] GC(5) Concurrent Mark Cycle
[2022-11-07T15:09:05.151+0900][gc,marking  ] GC(5) Concurrent Clear Claimed Marks
[2022-11-07T15:09:05.151+0900][gc,marking  ] GC(5) Concurrent Clear Claimed Marks 0.034ms
[2022-11-07T15:09:05.151+0900][gc,marking  ] GC(5) Concurrent Scan Root Regions
[2022-11-07T15:09:05.155+0900][gc,marking  ] GC(5) Concurrent Scan Root Regions 4.250ms
[2022-11-07T15:09:05.155+0900][gc,marking  ] GC(5) Concurrent Mark
[2022-11-07T15:09:05.155+0900][gc,marking  ] GC(5) Concurrent Mark From Roots
[2022-11-07T15:09:05.155+0900][gc,task     ] GC(5) Using 2 workers of 2 for marking
[2022-11-07T15:09:05.164+0900][gc,marking  ] GC(5) Concurrent Mark From Roots 8.884ms
[2022-11-07T15:09:05.164+0900][gc,marking  ] GC(5) Concurrent Preclean
[2022-11-07T15:09:05.166+0900][gc,marking  ] GC(5) Concurrent Preclean 1.328ms
[2022-11-07T15:09:05.169+0900][gc,start    ] GC(5) Pause Remark
[2022-11-07T15:09:05.340+0900][gc,mmu      ] GC(5) MMU target violated: 21.0ms (20.0ms/21.0ms)
[2022-11-07T15:09:05.340+0900][gc          ] GC(5) Pause Remark 144M->144M(1024M) 170.960ms
[2022-11-07T15:09:05.340+0900][gc,cpu      ] GC(5) User=0.02s Sys=0.03s Real=0.18s
[2022-11-07T15:09:05.341+0900][gc,marking  ] GC(5) Concurrent Mark 186.066ms
[2022-11-07T15:09:05.342+0900][gc,marking  ] GC(5) Concurrent Rebuild Remembered Sets
[2022-11-07T15:09:05.348+0900][gc,marking  ] GC(5) Concurrent Rebuild Remembered Sets 6.946ms
[2022-11-07T15:09:05.373+0900][gc,start    ] GC(5) Pause Cleanup
[2022-11-07T15:09:05.375+0900][gc          ] GC(5) Pause Cleanup 144M->144M(1024M) 1.457ms
[2022-11-07T15:09:05.375+0900][gc,cpu      ] GC(5) User=0.00s Sys=0.00s Real=0.00s
[2022-11-07T15:09:05.382+0900][gc,marking  ] GC(5) Concurrent Cleanup for Next Mark
[2022-11-07T15:09:05.389+0900][gc,marking  ] GC(5) Concurrent Cleanup for Next Mark 6.666ms
[2022-11-07T15:09:05.389+0900][gc          ] GC(5) Concurrent Mark Cycle 238.282ms
[2022-11-07T15:13:19.499+0900][gc,start    ] GC(6) Pause Young (Prepare Mixed) (G1 Evacuation Pause)
[2022-11-07T15:13:19.500+0900][gc,task     ] GC(6) Using 8 workers of 8 for evacuation
[2022-11-07T15:13:19.534+0900][gc,mmu      ] GC(6) MMU target violated: 21.0ms (20.0ms/21.0ms)
[2022-11-07T15:13:19.534+0900][gc,phases   ] GC(6)   Pre Evacuate Collection Set: 0.8ms
[2022-11-07T15:13:19.534+0900][gc,phases   ] GC(6)   Merge Heap Roots: 0.2ms
[2022-11-07T15:13:19.534+0900][gc,phases   ] GC(6)   Evacuate Collection Set: 32.1ms
[2022-11-07T15:13:19.534+0900][gc,phases   ] GC(6)   Post Evacuate Collection Set: 0.6ms
[2022-11-07T15:13:19.534+0900][gc,phases   ] GC(6)   Other: 1.5ms
[2022-11-07T15:13:19.534+0900][gc,heap     ] GC(6) Eden regions: 49->0(46)
[2022-11-07T15:13:19.534+0900][gc,heap     ] GC(6) Survivor regions: 2->5(7)
[2022-11-07T15:13:19.534+0900][gc,heap     ] GC(6) Old regions: 13->13
[2022-11-07T15:13:19.534+0900][gc,heap     ] GC(6) Archive regions: 2->2
[2022-11-07T15:13:19.534+0900][gc,heap     ] GC(6) Humongous regions: 129->129
[2022-11-07T15:13:19.534+0900][gc,metaspace] GC(6) Metaspace: 38793K(39232K)->38793K(39232K) NonClass: 34014K(34240K)->34014K(34240K) Class: 4779K(4992K)->4779K(4992K)
[2022-11-07T15:13:19.534+0900][gc          ] GC(6) Pause Young (Prepare Mixed) (G1 Evacuation Pause) 192M->146M(1024M) 35.246ms
[2022-11-07T15:13:19.534+0900][gc,cpu      ] GC(6) User=0.04s Sys=0.04s Real=0.04s
[2022-11-07T15:16:37.462+0900][gc,start    ] GC(6) Pause Young (Normal) (G1 Evacuation Pause)
[2022-11-07T15:16:37.463+0900][gc,task     ] GC(6) Using 8 workers of 8 for evacuation
[2022-11-07T15:16:37.508+0900][gc,mmu      ] GC(6) MMU target violated: 21.0ms (20.0ms/21.0ms)
[2022-11-07T15:16:37.508+0900][gc,phases   ] GC(6)   Pre Evacuate Collection Set: 5.7ms
[2022-11-07T15:16:37.508+0900][gc,phases   ] GC(6)   Merge Heap Roots: 0.5ms
[2022-11-07T15:16:37.508+0900][gc,phases   ] GC(6)   Evacuate Collection Set: 37.9ms
[2022-11-07T15:16:37.508+0900][gc,phases   ] GC(6)   Post Evacuate Collection Set: 0.8ms
[2022-11-07T15:16:37.508+0900][gc,phases   ] GC(6)   Other: 0.8ms
[2022-11-07T15:16:37.508+0900][gc,heap     ] GC(6) Eden regions: 49->0(47)
[2022-11-07T15:16:37.508+0900][gc,heap     ] GC(6) Survivor regions: 2->4(7)
[2022-11-07T15:16:37.508+0900][gc,heap     ] GC(6) Old regions: 13->13
[2022-11-07T15:16:37.508+0900][gc,heap     ] GC(6) Archive regions: 2->2
[2022-11-07T15:16:37.508+0900][gc,heap     ] GC(6) Humongous regions: 129->129
[2022-11-07T15:16:37.508+0900][gc,metaspace] GC(6) Metaspace: 41366K(41920K)->41366K(41920K) NonClass: 35988K(36288K)->35988K(36288K) Class: 5377K(5632K)->5377K(5632K)
[2022-11-07T15:16:37.508+0900][gc          ] GC(6) Pause Young (Normal) (G1 Evacuation Pause) 192M->145M(1024M) 45.786ms
[2022-11-07T15:16:37.508+0900][gc,cpu      ] GC(6) User=0.04s Sys=0.05s Real=0.04s
[2022-11-07T15:19:05.909+0900][gc,start    ] GC(7) Pause Young (Mixed) (G1 Evacuation Pause)
[2022-11-07T15:19:05.910+0900][gc,task     ] GC(7) Using 8 workers of 8 for evacuation
[2022-11-07T15:19:05.987+0900][gc,mmu      ] GC(7) MMU target violated: 21.0ms (20.0ms/21.0ms)
[2022-11-07T15:19:05.987+0900][gc,phases   ] GC(7)   Pre Evacuate Collection Set: 0.4ms
[2022-11-07T15:19:05.987+0900][gc,phases   ] GC(7)   Merge Heap Roots: 0.3ms
[2022-11-07T15:19:05.987+0900][gc,phases   ] GC(7)   Evacuate Collection Set: 75.3ms
[2022-11-07T15:19:05.987+0900][gc,phases   ] GC(7)   Post Evacuate Collection Set: 0.8ms
[2022-11-07T15:19:05.987+0900][gc,phases   ] GC(7)   Other: 1.2ms
[2022-11-07T15:19:05.987+0900][gc,heap     ] GC(7) Eden regions: 46->0(48)
[2022-11-07T15:19:05.987+0900][gc,heap     ] GC(7) Survivor regions: 5->3(7)
[2022-11-07T15:19:05.987+0900][gc,heap     ] GC(7) Old regions: 13->15
[2022-11-07T15:19:05.987+0900][gc,heap     ] GC(7) Archive regions: 2->2
[2022-11-07T15:19:05.987+0900][gc,heap     ] GC(7) Humongous regions: 129->129
[2022-11-07T15:19:05.987+0900][gc,metaspace] GC(7) Metaspace: 38896K(39360K)->38896K(39360K) NonClass: 34116K(34368K)->34116K(34368K) Class: 4780K(4992K)->4780K(4992K)
[2022-11-07T15:19:05.987+0900][gc          ] GC(7) Pause Young (Mixed) (G1 Evacuation Pause) 192M->146M(1024M) 78.073ms
[2022-11-07T15:19:05.987+0900][gc,cpu      ] GC(7) User=0.11s Sys=0.07s Real=0.08s
[2022-11-07T15:25:44.096+0900][gc,start    ] GC(8) Pause Young (Normal) (G1 Evacuation Pause)
[2022-11-07T15:25:44.098+0900][gc,task     ] GC(8) Using 8 workers of 8 for evacuation
[2022-11-07T15:25:44.121+0900][gc,mmu      ] GC(8) MMU target violated: 21.0ms (20.0ms/21.0ms)
[2022-11-07T15:25:44.122+0900][gc,phases   ] GC(8)   Pre Evacuate Collection Set: 0.9ms
[2022-11-07T15:25:44.122+0900][gc,phases   ] GC(8)   Merge Heap Roots: 0.2ms
[2022-11-07T15:25:44.122+0900][gc,phases   ] GC(8)   Evacuate Collection Set: 21.4ms
[2022-11-07T15:25:44.122+0900][gc,phases   ] GC(8)   Post Evacuate Collection Set: 0.8ms
[2022-11-07T15:25:44.122+0900][gc,phases   ] GC(8)   Other: 2.2ms
[2022-11-07T15:25:44.122+0900][gc,heap     ] GC(8) Eden regions: 48->0(44)
[2022-11-07T15:25:44.122+0900][gc,heap     ] GC(8) Survivor regions: 3->7(7)
[2022-11-07T15:25:44.122+0900][gc,heap     ] GC(8) Old regions: 15->15
[2022-11-07T15:25:44.122+0900][gc,heap     ] GC(8) Archive regions: 2->2
[2022-11-07T15:25:44.122+0900][gc,heap     ] GC(8) Humongous regions: 129->129
[2022-11-07T15:25:44.122+0900][gc,metaspace] GC(8) Metaspace: 39001K(39424K)->39001K(39424K) NonClass: 34212K(34432K)->34212K(34432K) Class: 4788K(4992K)->4788K(4992K)
[2022-11-07T15:25:44.122+0900][gc          ] GC(8) Pause Young (Normal) (G1 Evacuation Pause) 194M->151M(1024M) 25.578ms
[2022-11-07T15:25:44.122+0900][gc,cpu      ] GC(8) User=0.05s Sys=0.03s Real=0.03s
[2022-11-07T15:52:48.934+0900][gc,start    ] GC(9) Pause Young (Normal) (G1 Evacuation Pause)
[2022-11-07T15:52:48.935+0900][gc,task     ] GC(9) Using 8 workers of 8 for evacuation
[2022-11-07T15:52:48.961+0900][gc,mmu      ] GC(9) MMU target violated: 21.0ms (20.0ms/21.0ms)
[2022-11-07T15:52:48.961+0900][gc,phases   ] GC(9)   Pre Evacuate Collection Set: 0.5ms
[2022-11-07T15:52:48.961+0900][gc,phases   ] GC(9)   Merge Heap Roots: 0.2ms
[2022-11-07T15:52:48.961+0900][gc,phases   ] GC(9)   Evacuate Collection Set: 24.2ms
[2022-11-07T15:52:48.961+0900][gc,phases   ] GC(9)   Post Evacuate Collection Set: 0.5ms
[2022-11-07T15:52:48.961+0900][gc,phases   ] GC(9)   Other: 1.6ms
[2022-11-07T15:52:48.961+0900][gc,heap     ] GC(9) Eden regions: 44->0(45)
[2022-11-07T15:52:48.961+0900][gc,heap     ] GC(9) Survivor regions: 7->6(7)
[2022-11-07T15:52:48.961+0900][gc,heap     ] GC(9) Old regions: 15->21
[2022-11-07T15:52:48.961+0900][gc,heap     ] GC(9) Archive regions: 2->2
[2022-11-07T15:52:48.961+0900][gc,heap     ] GC(9) Humongous regions: 129->129
[2022-11-07T15:52:48.961+0900][gc,metaspace] GC(9) Metaspace: 39036K(39552K)->39036K(39552K) NonClass: 34246K(34560K)->34246K(34560K) Class: 4789K(4992K)->4789K(4992K)
[2022-11-07T15:52:48.961+0900][gc          ] GC(9) Pause Young (Normal) (G1 Evacuation Pause) 195M->155M(1024M) 27.070ms
[2022-11-07T15:52:48.961+0900][gc,cpu      ] GC(9) User=0.06s Sys=0.02s Real=0.03s
[2022-11-07T15:59:24.644+0900][gc,start    ] GC(7) Pause Young (Normal) (G1 Evacuation Pause)
[2022-11-07T15:59:24.645+0900][gc,task     ] GC(7) Using 8 workers of 8 for evacuation
[2022-11-07T15:59:24.682+0900][gc,mmu      ] GC(7) MMU target violated: 21.0ms (20.0ms/21.0ms)
[2022-11-07T15:59:24.682+0900][gc,phases   ] GC(7)   Pre Evacuate Collection Set: 0.5ms
[2022-11-07T15:59:24.682+0900][gc,phases   ] GC(7)   Merge Heap Roots: 0.2ms
[2022-11-07T15:59:24.682+0900][gc,phases   ] GC(7)   Evacuate Collection Set: 35.6ms
[2022-11-07T15:59:24.682+0900][gc,phases   ] GC(7)   Post Evacuate Collection Set: 0.8ms
[2022-11-07T15:59:24.682+0900][gc,phases   ] GC(7)   Other: 0.9ms
[2022-11-07T15:59:24.682+0900][gc,heap     ] GC(7) Eden regions: 47->0(47)
[2022-11-07T15:59:24.683+0900][gc,heap     ] GC(7) Survivor regions: 4->4(7)
[2022-11-07T15:59:24.683+0900][gc,heap     ] GC(7) Old regions: 13->13
[2022-11-07T15:59:24.683+0900][gc,heap     ] GC(7) Archive regions: 2->2
[2022-11-07T15:59:24.683+0900][gc,heap     ] GC(7) Humongous regions: 129->129
[2022-11-07T15:59:24.683+0900][gc,metaspace] GC(7) Metaspace: 41732K(42368K)->41732K(42368K) NonClass: 36335K(36672K)->36335K(36672K) Class: 5397K(5696K)->5397K(5696K)
[2022-11-07T15:59:24.683+0900][gc          ] GC(7) Pause Young (Normal) (G1 Evacuation Pause) 192M->145M(1024M) 38.129ms
[2022-11-07T15:59:24.683+0900][gc,cpu      ] GC(7) User=0.04s Sys=0.05s Real=0.04s
[2022-11-07T16:02:04.449+0900][gc,start    ] GC(10) Pause Young (Normal) (G1 Evacuation Pause)
[2022-11-07T16:02:04.450+0900][gc,task     ] GC(10) Using 8 workers of 8 for evacuation
[2022-11-07T16:02:04.477+0900][gc,mmu      ] GC(10) MMU target violated: 21.0ms (20.0ms/21.0ms)
[2022-11-07T16:02:04.477+0900][gc,phases   ] GC(10)   Pre Evacuate Collection Set: 0.9ms
[2022-11-07T16:02:04.477+0900][gc,phases   ] GC(10)   Merge Heap Roots: 0.5ms
[2022-11-07T16:02:04.478+0900][gc,phases   ] GC(10)   Evacuate Collection Set: 24.5ms
[2022-11-07T16:02:04.478+0900][gc,phases   ] GC(10)   Post Evacuate Collection Set: 0.7ms
[2022-11-07T16:02:04.478+0900][gc,phases   ] GC(10)   Other: 1.9ms
[2022-11-07T16:02:04.478+0900][gc,heap     ] GC(10) Eden regions: 45->0(45)
[2022-11-07T16:02:04.478+0900][gc,heap     ] GC(10) Survivor regions: 6->6(7)
[2022-11-07T16:02:04.478+0900][gc,heap     ] GC(10) Old regions: 21->25
[2022-11-07T16:02:04.478+0900][gc,heap     ] GC(10) Archive regions: 2->2
[2022-11-07T16:02:04.478+0900][gc,heap     ] GC(10) Humongous regions: 129->129
[2022-11-07T16:02:04.478+0900][gc,metaspace] GC(10) Metaspace: 39048K(39552K)->39048K(39552K) NonClass: 34258K(34560K)->34258K(34560K) Class: 4790K(4992K)->4790K(4992K)
[2022-11-07T16:02:04.478+0900][gc          ] GC(10) Pause Young (Normal) (G1 Evacuation Pause) 200M->159M(1024M) 28.624ms
[2022-11-07T16:02:04.478+0900][gc,cpu      ] GC(10) User=0.06s Sys=0.05s Real=0.03s
[2022-11-07T16:08:29.422+0900][gc,start    ] GC(11) Pause Young (Normal) (G1 Evacuation Pause)
[2022-11-07T16:08:29.423+0900][gc,task     ] GC(11) Using 8 workers of 8 for evacuation
[2022-11-07T16:08:29.450+0900][gc,mmu      ] GC(11) MMU target violated: 21.0ms (20.0ms/21.0ms)
[2022-11-07T16:08:29.450+0900][gc,phases   ] GC(11)   Pre Evacuate Collection Set: 0.7ms
[2022-11-07T16:08:29.450+0900][gc,phases   ] GC(11)   Merge Heap Roots: 0.4ms
[2022-11-07T16:08:29.450+0900][gc,phases   ] GC(11)   Evacuate Collection Set: 25.2ms
[2022-11-07T16:08:29.450+0900][gc,phases   ] GC(11)   Post Evacuate Collection Set: 0.9ms
[2022-11-07T16:08:29.450+0900][gc,phases   ] GC(11)   Other: 1.5ms
[2022-11-07T16:08:29.450+0900][gc,heap     ] GC(11) Eden regions: 45->0(45)
[2022-11-07T16:08:29.450+0900][gc,heap     ] GC(11) Survivor regions: 6->6(7)
[2022-11-07T16:08:29.450+0900][gc,heap     ] GC(11) Old regions: 25->29
[2022-11-07T16:08:29.450+0900][gc,heap     ] GC(11) Archive regions: 2->2
[2022-11-07T16:08:29.450+0900][gc,heap     ] GC(11) Humongous regions: 129->129
[2022-11-07T16:08:29.450+0900][gc,metaspace] GC(11) Metaspace: 39061K(39552K)->39061K(39552K) NonClass: 34271K(34560K)->34271K(34560K) Class: 4790K(4992K)->4790K(4992K)
[2022-11-07T16:08:29.450+0900][gc          ] GC(11) Pause Young (Normal) (G1 Evacuation Pause) 204M->164M(1024M) 28.701ms
[2022-11-07T16:08:29.450+0900][gc,cpu      ] GC(11) User=0.06s Sys=0.04s Real=0.03s
[2022-11-07T16:19:36.788+0900][gc,start    ] GC(12) Pause Young (Normal) (G1 Evacuation Pause)
[2022-11-07T16:19:36.790+0900][gc,task     ] GC(12) Using 8 workers of 8 for evacuation
[2022-11-07T16:19:36.825+0900][gc,mmu      ] GC(12) MMU target violated: 21.0ms (20.0ms/21.0ms)
[2022-11-07T16:19:36.825+0900][gc,phases   ] GC(12)   Pre Evacuate Collection Set: 1.2ms
[2022-11-07T16:19:36.825+0900][gc,phases   ] GC(12)   Merge Heap Roots: 0.5ms
[2022-11-07T16:19:36.825+0900][gc,phases   ] GC(12)   Evacuate Collection Set: 31.9ms
[2022-11-07T16:19:36.825+0900][gc,phases   ] GC(12)   Post Evacuate Collection Set: 1.0ms
[2022-11-07T16:19:36.825+0900][gc,phases   ] GC(12)   Other: 2.8ms
[2022-11-07T16:19:36.825+0900][gc,heap     ] GC(12) Eden regions: 45->0(45)
[2022-11-07T16:19:36.825+0900][gc,heap     ] GC(12) Survivor regions: 6->6(7)
[2022-11-07T16:19:36.825+0900][gc,heap     ] GC(12) Old regions: 29->34
[2022-11-07T16:19:36.825+0900][gc,heap     ] GC(12) Archive regions: 2->2
[2022-11-07T16:19:36.825+0900][gc,heap     ] GC(12) Humongous regions: 129->129
[2022-11-07T16:19:36.825+0900][gc,metaspace] GC(12) Metaspace: 39091K(39552K)->39091K(39552K) NonClass: 34301K(34560K)->34301K(34560K) Class: 4790K(4992K)->4790K(4992K)
[2022-11-07T16:19:36.826+0900][gc          ] GC(12) Pause Young (Normal) (G1 Evacuation Pause) 209M->168M(1024M) 37.404ms
[2022-11-07T16:19:36.826+0900][gc,cpu      ] GC(12) User=0.07s Sys=0.04s Real=0.04s
[2022-11-07T16:48:10.403+0900][gc,start    ] GC(8) Pause Young (Normal) (G1 Evacuation Pause)
[2022-11-07T16:48:10.403+0900][gc,task     ] GC(8) Using 8 workers of 8 for evacuation
[2022-11-07T16:48:10.434+0900][gc,mmu      ] GC(8) MMU target violated: 21.0ms (20.0ms/21.0ms)
[2022-11-07T16:48:10.434+0900][gc,phases   ] GC(8)   Pre Evacuate Collection Set: 1.0ms
[2022-11-07T16:48:10.434+0900][gc,phases   ] GC(8)   Merge Heap Roots: 0.2ms
[2022-11-07T16:48:10.434+0900][gc,phases   ] GC(8)   Evacuate Collection Set: 28.0ms
[2022-11-07T16:48:10.434+0900][gc,phases   ] GC(8)   Post Evacuate Collection Set: 1.4ms
[2022-11-07T16:48:10.434+0900][gc,phases   ] GC(8)   Other: 1.2ms
[2022-11-07T16:48:10.434+0900][gc,heap     ] GC(8) Eden regions: 47->0(47)
[2022-11-07T16:48:10.434+0900][gc,heap     ] GC(8) Survivor regions: 4->4(7)
[2022-11-07T16:48:10.434+0900][gc,heap     ] GC(8) Old regions: 13->13
[2022-11-07T16:48:10.434+0900][gc,heap     ] GC(8) Archive regions: 2->2
[2022-11-07T16:48:10.434+0900][gc,heap     ] GC(8) Humongous regions: 129->129
[2022-11-07T16:48:10.434+0900][gc,metaspace] GC(8) Metaspace: 41802K(42432K)->41802K(42432K) NonClass: 36403K(36736K)->36403K(36736K) Class: 5398K(5696K)->5398K(5696K)
[2022-11-07T16:48:10.434+0900][gc          ] GC(8) Pause Young (Normal) (G1 Evacuation Pause) 192M->145M(1024M) 31.853ms
[2022-11-07T16:48:10.435+0900][gc,cpu      ] GC(8) User=0.06s Sys=0.04s Real=0.03s
[2022-11-07T16:50:50.727+0900][gc,start    ] GC(13) Pause Young (Normal) (G1 Evacuation Pause)
[2022-11-07T16:50:50.728+0900][gc,task     ] GC(13) Using 8 workers of 8 for evacuation
[2022-11-07T16:50:50.768+0900][gc,mmu      ] GC(13) MMU target violated: 21.0ms (20.0ms/21.0ms)
[2022-11-07T16:50:50.768+0900][gc,phases   ] GC(13)   Pre Evacuate Collection Set: 0.9ms
[2022-11-07T16:50:50.768+0900][gc,phases   ] GC(13)   Merge Heap Roots: 0.3ms
[2022-11-07T16:50:50.768+0900][gc,phases   ] GC(13)   Evacuate Collection Set: 37.8ms
[2022-11-07T16:50:50.768+0900][gc,phases   ] GC(13)   Post Evacuate Collection Set: 0.9ms
[2022-11-07T16:50:50.768+0900][gc,phases   ] GC(13)   Other: 1.8ms
[2022-11-07T16:50:50.768+0900][gc,heap     ] GC(13) Eden regions: 45->0(45)
[2022-11-07T16:50:50.768+0900][gc,heap     ] GC(13) Survivor regions: 6->6(7)
[2022-11-07T16:50:50.768+0900][gc,heap     ] GC(13) Old regions: 34->39
[2022-11-07T16:50:50.768+0900][gc,heap     ] GC(13) Archive regions: 2->2
[2022-11-07T16:50:50.768+0900][gc,heap     ] GC(13) Humongous regions: 129->129
[2022-11-07T16:50:50.769+0900][gc,metaspace] GC(13) Metaspace: 39112K(39552K)->39112K(39552K) NonClass: 34321K(34560K)->34321K(34560K) Class: 4790K(4992K)->4790K(4992K)
[2022-11-07T16:50:50.769+0900][gc          ] GC(13) Pause Young (Normal) (G1 Evacuation Pause) 213M->173M(1024M) 41.938ms
[2022-11-07T16:50:50.769+0900][gc,cpu      ] GC(13) User=0.07s Sys=0.05s Real=0.04s
[2022-11-07T16:57:06.186+0900][gc,start    ] GC(14) Pause Young (Normal) (G1 Evacuation Pause)
[2022-11-07T16:57:06.186+0900][gc,task     ] GC(14) Using 8 workers of 8 for evacuation
[2022-11-07T16:57:06.220+0900][gc,mmu      ] GC(14) MMU target violated: 21.0ms (20.0ms/21.0ms)
[2022-11-07T16:57:06.220+0900][gc,phases   ] GC(14)   Pre Evacuate Collection Set: 0.7ms
[2022-11-07T16:57:06.220+0900][gc,phases   ] GC(14)   Merge Heap Roots: 0.2ms
[2022-11-07T16:57:06.220+0900][gc,phases   ] GC(14)   Evacuate Collection Set: 31.4ms
[2022-11-07T16:57:06.220+0900][gc,phases   ] GC(14)   Post Evacuate Collection Set: 0.9ms
[2022-11-07T16:57:06.220+0900][gc,phases   ] GC(14)   Other: 1.0ms
[2022-11-07T16:57:06.220+0900][gc,heap     ] GC(14) Eden regions: 45->0(45)
[2022-11-07T16:57:06.220+0900][gc,heap     ] GC(14) Survivor regions: 6->6(7)
[2022-11-07T16:57:06.220+0900][gc,heap     ] GC(14) Old regions: 39->43
[2022-11-07T16:57:06.220+0900][gc,heap     ] GC(14) Archive regions: 2->2
[2022-11-07T16:57:06.220+0900][gc,heap     ] GC(14) Humongous regions: 129->129
[2022-11-07T16:57:06.220+0900][gc,metaspace] GC(14) Metaspace: 39137K(39552K)->39137K(39552K) NonClass: 34346K(34560K)->34346K(34560K) Class: 4790K(4992K)->4790K(4992K)
[2022-11-07T16:57:06.220+0900][gc          ] GC(14) Pause Young (Normal) (G1 Evacuation Pause) 218M->178M(1024M) 34.375ms
[2022-11-07T16:57:06.220+0900][gc,cpu      ] GC(14) User=0.06s Sys=0.04s Real=0.04s
[2022-11-07T17:04:55.457+0900][gc,start    ] GC(15) Pause Young (Normal) (G1 Evacuation Pause)
[2022-11-07T17:04:55.458+0900][gc,task     ] GC(15) Using 8 workers of 8 for evacuation
[2022-11-07T17:04:55.515+0900][gc,mmu      ] GC(15) MMU target violated: 21.0ms (20.0ms/21.0ms)
[2022-11-07T17:04:55.516+0900][gc,phases   ] GC(15)   Pre Evacuate Collection Set: 0.6ms
[2022-11-07T17:04:55.516+0900][gc,phases   ] GC(15)   Merge Heap Roots: 0.2ms
[2022-11-07T17:04:55.516+0900][gc,phases   ] GC(15)   Evacuate Collection Set: 44.8ms
[2022-11-07T17:04:55.516+0900][gc,phases   ] GC(15)   Post Evacuate Collection Set: 10.2ms
[2022-11-07T17:04:55.516+0900][gc,phases   ] GC(15)   Other: 3.0ms
[2022-11-07T17:04:55.516+0900][gc,heap     ] GC(15) Eden regions: 45->0(44)
[2022-11-07T17:04:55.516+0900][gc,heap     ] GC(15) Survivor regions: 6->7(7)
[2022-11-07T17:04:55.516+0900][gc,heap     ] GC(15) Old regions: 43->48
[2022-11-07T17:04:55.516+0900][gc,heap     ] GC(15) Archive regions: 2->2
[2022-11-07T17:04:55.516+0900][gc,heap     ] GC(15) Humongous regions: 129->129
[2022-11-07T17:04:55.516+0900][gc,metaspace] GC(15) Metaspace: 39186K(39616K)->39186K(39616K) NonClass: 34392K(34624K)->34392K(34624K) Class: 4794K(4992K)->4794K(4992K)
[2022-11-07T17:04:55.516+0900][gc          ] GC(15) Pause Young (Normal) (G1 Evacuation Pause) 223M->183M(1024M) 58.861ms
[2022-11-07T17:04:55.516+0900][gc,cpu      ] GC(15) User=0.07s Sys=0.04s Real=0.06s
[2022-11-07T17:11:20.792+0900][gc,start    ] GC(16) Pause Young (Normal) (G1 Evacuation Pause)
[2022-11-07T17:11:20.793+0900][gc,task     ] GC(16) Using 8 workers of 8 for evacuation
[2022-11-07T17:11:20.831+0900][gc,mmu      ] GC(16) MMU target violated: 21.0ms (20.0ms/21.0ms)
[2022-11-07T17:11:20.831+0900][gc,phases   ] GC(16)   Pre Evacuate Collection Set: 1.2ms
[2022-11-07T17:11:20.831+0900][gc,phases   ] GC(16)   Merge Heap Roots: 0.4ms
[2022-11-07T17:11:20.831+0900][gc,phases   ] GC(16)   Evacuate Collection Set: 34.8ms
[2022-11-07T17:11:20.831+0900][gc,phases   ] GC(16)   Post Evacuate Collection Set: 0.8ms
[2022-11-07T17:11:20.831+0900][gc,phases   ] GC(16)   Other: 2.4ms
[2022-11-07T17:11:20.831+0900][gc,heap     ] GC(16) Eden regions: 44->0(48)
[2022-11-07T17:11:20.831+0900][gc,heap     ] GC(16) Survivor regions: 7->3(7)
[2022-11-07T17:11:20.831+0900][gc,heap     ] GC(16) Old regions: 48->53
[2022-11-07T17:11:20.831+0900][gc,heap     ] GC(16) Archive regions: 2->2
[2022-11-07T17:11:20.831+0900][gc,heap     ] GC(16) Humongous regions: 129->129
[2022-11-07T17:11:20.831+0900][gc,metaspace] GC(16) Metaspace: 39216K(39616K)->39216K(39616K) NonClass: 34422K(34624K)->34422K(34624K) Class: 4794K(4992K)->4794K(4992K)
[2022-11-07T17:11:20.831+0900][gc          ] GC(16) Pause Young (Normal) (G1 Evacuation Pause) 227M->184M(1024M) 39.663ms
[2022-11-07T17:11:20.831+0900][gc,cpu      ] GC(16) User=0.05s Sys=0.05s Real=0.04s
[2022-11-07T17:12:17.095+0900][gc,start    ] GC(9) Pause Young (Normal) (G1 Evacuation Pause)
[2022-11-07T17:12:17.096+0900][gc,task     ] GC(9) Using 8 workers of 8 for evacuation
[2022-11-07T17:12:17.138+0900][gc,mmu      ] GC(9) MMU target violated: 21.0ms (20.0ms/21.0ms)
[2022-11-07T17:12:17.138+0900][gc,phases   ] GC(9)   Pre Evacuate Collection Set: 0.6ms
[2022-11-07T17:12:17.138+0900][gc,phases   ] GC(9)   Merge Heap Roots: 0.1ms
[2022-11-07T17:12:17.138+0900][gc,phases   ] GC(9)   Evacuate Collection Set: 40.2ms
[2022-11-07T17:12:17.138+0900][gc,phases   ] GC(9)   Post Evacuate Collection Set: 1.1ms
[2022-11-07T17:12:17.138+0900][gc,phases   ] GC(9)   Other: 1.4ms
[2022-11-07T17:12:17.138+0900][gc,heap     ] GC(9) Eden regions: 47->0(47)
[2022-11-07T17:12:17.138+0900][gc,heap     ] GC(9) Survivor regions: 4->4(7)
[2022-11-07T17:12:17.138+0900][gc,heap     ] GC(9) Old regions: 13->13
[2022-11-07T17:12:17.138+0900][gc,heap     ] GC(9) Archive regions: 2->2
[2022-11-07T17:12:17.138+0900][gc,heap     ] GC(9) Humongous regions: 129->129
[2022-11-07T17:12:17.138+0900][gc,metaspace] GC(9) Metaspace: 41930K(42560K)->41930K(42560K) NonClass: 36517K(36864K)->36517K(36864K) Class: 5413K(5696K)->5413K(5696K)
[2022-11-07T17:12:17.138+0900][gc          ] GC(9) Pause Young (Normal) (G1 Evacuation Pause) 192M->145M(1024M) 43.572ms
[2022-11-07T17:12:17.138+0900][gc,cpu      ] GC(9) User=0.06s Sys=0.06s Real=0.04s
[2022-11-07T17:18:08.708+0900][gc,start    ] GC(17) Pause Young (Normal) (G1 Evacuation Pause)
[2022-11-07T17:18:08.709+0900][gc,task     ] GC(17) Using 8 workers of 8 for evacuation
[2022-11-07T17:18:08.736+0900][gc,mmu      ] GC(17) MMU target violated: 21.0ms (20.0ms/21.0ms)
[2022-11-07T17:18:08.736+0900][gc,phases   ] GC(17)   Pre Evacuate Collection Set: 1.2ms
[2022-11-07T17:18:08.736+0900][gc,phases   ] GC(17)   Merge Heap Roots: 0.8ms
[2022-11-07T17:18:08.736+0900][gc,phases   ] GC(17)   Evacuate Collection Set: 24.2ms
[2022-11-07T17:18:08.736+0900][gc,phases   ] GC(17)   Post Evacuate Collection Set: 0.6ms
[2022-11-07T17:18:08.736+0900][gc,phases   ] GC(17)   Other: 1.2ms
[2022-11-07T17:18:08.736+0900][gc,heap     ] GC(17) Eden regions: 48->0(44)
[2022-11-07T17:18:08.736+0900][gc,heap     ] GC(17) Survivor regions: 3->7(7)
[2022-11-07T17:18:08.736+0900][gc,heap     ] GC(17) Old regions: 53->53
[2022-11-07T17:18:08.736+0900][gc,heap     ] GC(17) Archive regions: 2->2
[2022-11-07T17:18:08.736+0900][gc,heap     ] GC(17) Humongous regions: 129->129
[2022-11-07T17:18:08.736+0900][gc,metaspace] GC(17) Metaspace: 39216K(39616K)->39216K(39616K) NonClass: 34422K(34624K)->34422K(34624K) Class: 4794K(4992K)->4794K(4992K)
[2022-11-07T17:18:08.736+0900][gc          ] GC(17) Pause Young (Normal) (G1 Evacuation Pause) 232M->188M(1024M) 27.894ms
[2022-11-07T17:18:08.736+0900][gc,cpu      ] GC(17) User=0.04s Sys=0.03s Real=0.03s
[2022-11-07T17:24:11.806+0900][gc,start    ] GC(18) Pause Young (Normal) (G1 Evacuation Pause)
[2022-11-07T17:24:11.808+0900][gc,task     ] GC(18) Using 8 workers of 8 for evacuation
[2022-11-07T17:24:11.833+0900][gc,mmu      ] GC(18) MMU target violated: 21.0ms (20.0ms/21.0ms)
[2022-11-07T17:24:11.833+0900][gc,phases   ] GC(18)   Pre Evacuate Collection Set: 0.8ms
[2022-11-07T17:24:11.833+0900][gc,phases   ] GC(18)   Merge Heap Roots: 0.2ms
[2022-11-07T17:24:11.833+0900][gc,phases   ] GC(18)   Evacuate Collection Set: 23.3ms
[2022-11-07T17:24:11.833+0900][gc,phases   ] GC(18)   Post Evacuate Collection Set: 0.6ms
[2022-11-07T17:24:11.833+0900][gc,phases   ] GC(18)   Other: 2.2ms
[2022-11-07T17:24:11.833+0900][gc,heap     ] GC(18) Eden regions: 44->0(46)
[2022-11-07T17:24:11.833+0900][gc,heap     ] GC(18) Survivor regions: 7->5(7)
[2022-11-07T17:24:11.833+0900][gc,heap     ] GC(18) Old regions: 53->58
[2022-11-07T17:24:11.833+0900][gc,heap     ] GC(18) Archive regions: 2->2
[2022-11-07T17:24:11.833+0900][gc,heap     ] GC(18) Humongous regions: 129->129
[2022-11-07T17:24:11.833+0900][gc,metaspace] GC(18) Metaspace: 39221K(39680K)->39221K(39680K) NonClass: 34427K(34688K)->34427K(34688K) Class: 4794K(4992K)->4794K(4992K)
[2022-11-07T17:24:11.833+0900][gc          ] GC(18) Pause Young (Normal) (G1 Evacuation Pause) 232M->192M(1024M) 27.103ms
[2022-11-07T17:24:11.833+0900][gc,cpu      ] GC(18) User=0.05s Sys=0.03s Real=0.03s
[2022-11-07T17:31:13.452+0900][gc,start    ] GC(19) Pause Young (Normal) (G1 Evacuation Pause)
[2022-11-07T17:31:13.453+0900][gc,task     ] GC(19) Using 8 workers of 8 for evacuation
[2022-11-07T17:31:13.479+0900][gc,mmu      ] GC(19) MMU target violated: 21.0ms (20.0ms/21.0ms)
[2022-11-07T17:31:13.480+0900][gc,phases   ] GC(19)   Pre Evacuate Collection Set: 1.1ms
[2022-11-07T17:31:13.480+0900][gc,phases   ] GC(19)   Merge Heap Roots: 0.4ms
[2022-11-07T17:31:13.480+0900][gc,phases   ] GC(19)   Evacuate Collection Set: 23.5ms
[2022-11-07T17:31:13.480+0900][gc,phases   ] GC(19)   Post Evacuate Collection Set: 1.0ms
[2022-11-07T17:31:13.480+0900][gc,phases   ] GC(19)   Other: 2.2ms
[2022-11-07T17:31:13.480+0900][gc,heap     ] GC(19) Eden regions: 46->0(45)
[2022-11-07T17:31:13.480+0900][gc,heap     ] GC(19) Survivor regions: 5->6(7)
[2022-11-07T17:31:13.480+0900][gc,heap     ] GC(19) Old regions: 58->63
[2022-11-07T17:31:13.480+0900][gc,heap     ] GC(19) Archive regions: 2->2
[2022-11-07T17:31:13.480+0900][gc,heap     ] GC(19) Humongous regions: 129->129
[2022-11-07T17:31:13.480+0900][gc,metaspace] GC(19) Metaspace: 39231K(39680K)->39231K(39680K) NonClass: 34437K(34688K)->34437K(34688K) Class: 4794K(4992K)->4794K(4992K)
[2022-11-07T17:31:13.480+0900][gc          ] GC(19) Pause Young (Normal) (G1 Evacuation Pause) 238M->197M(1024M) 28.365ms
[2022-11-07T17:31:13.480+0900][gc,cpu      ] GC(19) User=0.06s Sys=0.03s Real=0.03s
[2022-11-07T17:34:47.004+0900][gc,start    ] GC(10) Pause Young (Normal) (G1 Evacuation Pause)
[2022-11-07T17:34:47.005+0900][gc,task     ] GC(10) Using 8 workers of 8 for evacuation
[2022-11-07T17:34:47.044+0900][gc,mmu      ] GC(10) MMU target violated: 21.0ms (20.0ms/21.0ms)
[2022-11-07T17:34:47.044+0900][gc,phases   ] GC(10)   Pre Evacuate Collection Set: 1.2ms
[2022-11-07T17:34:47.044+0900][gc,phases   ] GC(10)   Merge Heap Roots: 0.5ms
[2022-11-07T17:34:47.044+0900][gc,phases   ] GC(10)   Evacuate Collection Set: 34.2ms
[2022-11-07T17:34:47.044+0900][gc,phases   ] GC(10)   Post Evacuate Collection Set: 2.1ms
[2022-11-07T17:34:47.044+0900][gc,phases   ] GC(10)   Other: 2.0ms
[2022-11-07T17:34:47.044+0900][gc,heap     ] GC(10) Eden regions: 47->0(47)
[2022-11-07T17:34:47.044+0900][gc,heap     ] GC(10) Survivor regions: 4->4(7)
[2022-11-07T17:34:47.044+0900][gc,heap     ] GC(10) Old regions: 13->13
[2022-11-07T17:34:47.044+0900][gc,heap     ] GC(10) Archive regions: 2->2
[2022-11-07T17:34:47.044+0900][gc,heap     ] GC(10) Humongous regions: 129->129
[2022-11-07T17:34:47.044+0900][gc,metaspace] GC(10) Metaspace: 41972K(42560K)->41972K(42560K) NonClass: 36558K(36864K)->36558K(36864K) Class: 5413K(5696K)->5413K(5696K)
[2022-11-07T17:34:47.044+0900][gc          ] GC(10) Pause Young (Normal) (G1 Evacuation Pause) 192M->145M(1024M) 39.975ms
[2022-11-07T17:34:47.044+0900][gc,cpu      ] GC(10) User=0.06s Sys=0.06s Real=0.04s
[2022-11-07T17:37:29.386+0900][gc,start    ] GC(20) Pause Young (Normal) (G1 Evacuation Pause)
[2022-11-07T17:37:29.387+0900][gc,task     ] GC(20) Using 8 workers of 8 for evacuation
[2022-11-07T17:37:29.414+0900][gc,mmu      ] GC(20) MMU target violated: 21.0ms (20.0ms/21.0ms)
[2022-11-07T17:37:29.414+0900][gc,phases   ] GC(20)   Pre Evacuate Collection Set: 0.9ms
[2022-11-07T17:37:29.414+0900][gc,phases   ] GC(20)   Merge Heap Roots: 0.4ms
[2022-11-07T17:37:29.414+0900][gc,phases   ] GC(20)   Evacuate Collection Set: 23.8ms
[2022-11-07T17:37:29.414+0900][gc,phases   ] GC(20)   Post Evacuate Collection Set: 1.0ms
[2022-11-07T17:37:29.414+0900][gc,phases   ] GC(20)   Other: 2.1ms
[2022-11-07T17:37:29.414+0900][gc,heap     ] GC(20) Eden regions: 45->0(46)
[2022-11-07T17:37:29.414+0900][gc,heap     ] GC(20) Survivor regions: 6->5(7)
[2022-11-07T17:37:29.414+0900][gc,heap     ] GC(20) Old regions: 63->67
[2022-11-07T17:37:29.414+0900][gc,heap     ] GC(20) Archive regions: 2->2
[2022-11-07T17:37:29.414+0900][gc,heap     ] GC(20) Humongous regions: 129->129
[2022-11-07T17:37:29.414+0900][gc,metaspace] GC(20) Metaspace: 39241K(39744K)->39241K(39744K) NonClass: 34447K(34752K)->34447K(34752K) Class: 4794K(4992K)->4794K(4992K)
[2022-11-07T17:37:29.414+0900][gc          ] GC(20) Pause Young (Normal) (G1 Evacuation Pause) 242M->201M(1024M) 28.288ms
[2022-11-07T17:37:29.414+0900][gc,cpu      ] GC(20) User=0.07s Sys=0.04s Real=0.03s
[2022-11-07T17:43:53.755+0900][gc,start    ] GC(21) Pause Young (Normal) (G1 Evacuation Pause)
[2022-11-07T17:43:53.756+0900][gc,task     ] GC(21) Using 8 workers of 8 for evacuation
[2022-11-07T17:43:53.788+0900][gc,mmu      ] GC(21) MMU target violated: 21.0ms (20.0ms/21.0ms)
[2022-11-07T17:43:53.788+0900][gc,phases   ] GC(21)   Pre Evacuate Collection Set: 0.9ms
[2022-11-07T17:43:53.788+0900][gc,phases   ] GC(21)   Merge Heap Roots: 0.4ms
[2022-11-07T17:43:53.788+0900][gc,phases   ] GC(21)   Evacuate Collection Set: 29.7ms
[2022-11-07T17:43:53.788+0900][gc,phases   ] GC(21)   Post Evacuate Collection Set: 1.0ms
[2022-11-07T17:43:53.788+0900][gc,phases   ] GC(21)   Other: 1.9ms
[2022-11-07T17:43:53.788+0900][gc,heap     ] GC(21) Eden regions: 46->0(45)
[2022-11-07T17:43:53.788+0900][gc,heap     ] GC(21) Survivor regions: 5->6(7)
[2022-11-07T17:43:53.788+0900][gc,heap     ] GC(21) Old regions: 67->72
[2022-11-07T17:43:53.788+0900][gc,heap     ] GC(21) Archive regions: 2->2
[2022-11-07T17:43:53.788+0900][gc,heap     ] GC(21) Humongous regions: 129->129
[2022-11-07T17:43:53.788+0900][gc,metaspace] GC(21) Metaspace: 39252K(39744K)->39252K(39744K) NonClass: 34458K(34752K)->34458K(34752K) Class: 4794K(4992K)->4794K(4992K)
[2022-11-07T17:43:53.789+0900][gc          ] GC(21) Pause Young (Normal) (G1 Evacuation Pause) 247M->206M(1024M) 33.994ms
[2022-11-07T17:43:53.789+0900][gc,cpu      ] GC(21) User=0.07s Sys=0.04s Real=0.03s
[2022-11-07T17:50:09.340+0900][gc,start    ] GC(22) Pause Young (Normal) (G1 Evacuation Pause)
[2022-11-07T17:50:09.341+0900][gc,task     ] GC(22) Using 8 workers of 8 for evacuation
[2022-11-07T17:50:09.373+0900][gc,mmu      ] GC(22) MMU target violated: 21.0ms (20.0ms/21.0ms)
[2022-11-07T17:50:09.373+0900][gc,phases   ] GC(22)   Pre Evacuate Collection Set: 0.8ms
[2022-11-07T17:50:09.373+0900][gc,phases   ] GC(22)   Merge Heap Roots: 0.3ms
[2022-11-07T17:50:09.373+0900][gc,phases   ] GC(22)   Evacuate Collection Set: 29.3ms
[2022-11-07T17:50:09.373+0900][gc,phases   ] GC(22)   Post Evacuate Collection Set: 1.1ms
[2022-11-07T17:50:09.373+0900][gc,phases   ] GC(22)   Other: 2.1ms
[2022-11-07T17:50:09.373+0900][gc,heap     ] GC(22) Eden regions: 45->0(46)
[2022-11-07T17:50:09.373+0900][gc,heap     ] GC(22) Survivor regions: 6->5(7)
[2022-11-07T17:50:09.373+0900][gc,heap     ] GC(22) Old regions: 72->77
[2022-11-07T17:50:09.374+0900][gc,heap     ] GC(22) Archive regions: 2->2
[2022-11-07T17:50:09.374+0900][gc,heap     ] GC(22) Humongous regions: 129->129
[2022-11-07T17:50:09.374+0900][gc,metaspace] GC(22) Metaspace: 39257K(39744K)->39257K(39744K) NonClass: 34463K(34752K)->34463K(34752K) Class: 4794K(4992K)->4794K(4992K)
[2022-11-07T17:50:09.374+0900][gc          ] GC(22) Pause Young (Normal) (G1 Evacuation Pause) 251M->211M(1024M) 33.789ms
[2022-11-07T17:50:09.374+0900][gc,cpu      ] GC(22) User=0.08s Sys=0.05s Real=0.03s
[2022-11-07T17:56:33.239+0900][gc,start    ] GC(23) Pause Young (Normal) (G1 Evacuation Pause)
[2022-11-07T17:56:33.240+0900][gc,task     ] GC(23) Using 8 workers of 8 for evacuation
[2022-11-07T17:56:33.271+0900][gc,mmu      ] GC(23) MMU target violated: 21.0ms (20.0ms/21.0ms)
[2022-11-07T17:56:33.271+0900][gc,phases   ] GC(23)   Pre Evacuate Collection Set: 1.0ms
[2022-11-07T17:56:33.271+0900][gc,phases   ] GC(23)   Merge Heap Roots: 0.4ms
[2022-11-07T17:56:33.271+0900][gc,phases   ] GC(23)   Evacuate Collection Set: 27.8ms
[2022-11-07T17:56:33.271+0900][gc,phases   ] GC(23)   Post Evacuate Collection Set: 1.2ms
[2022-11-07T17:56:33.271+0900][gc,phases   ] GC(23)   Other: 2.2ms
[2022-11-07T17:56:33.271+0900][gc,heap     ] GC(23) Eden regions: 46->0(45)
[2022-11-07T17:56:33.271+0900][gc,heap     ] GC(23) Survivor regions: 5->6(7)
[2022-11-07T17:56:33.272+0900][gc,heap     ] GC(23) Old regions: 77->81
[2022-11-07T17:56:33.272+0900][gc,heap     ] GC(23) Archive regions: 2->2
[2022-11-07T17:56:33.272+0900][gc,heap     ] GC(23) Humongous regions: 129->129
[2022-11-07T17:56:33.272+0900][gc,metaspace] GC(23) Metaspace: 39258K(39744K)->39258K(39744K) NonClass: 34464K(34752K)->34464K(34752K) Class: 4794K(4992K)->4794K(4992K)
[2022-11-07T17:56:33.272+0900][gc          ] GC(23) Pause Young (Normal) (G1 Evacuation Pause) 257M->216M(1024M) 32.682ms
[2022-11-07T17:56:33.272+0900][gc,cpu      ] GC(23) User=0.07s Sys=0.05s Real=0.04s
[2022-11-07T17:57:04.442+0900][gc,start    ] GC(11) Pause Young (Normal) (G1 Evacuation Pause)
[2022-11-07T17:57:04.443+0900][gc,task     ] GC(11) Using 8 workers of 8 for evacuation
[2022-11-07T17:57:04.480+0900][gc,mmu      ] GC(11) MMU target violated: 21.0ms (20.0ms/21.0ms)
[2022-11-07T17:57:04.480+0900][gc,phases   ] GC(11)   Pre Evacuate Collection Set: 0.6ms
[2022-11-07T17:57:04.480+0900][gc,phases   ] GC(11)   Merge Heap Roots: 0.2ms
[2022-11-07T17:57:04.480+0900][gc,phases   ] GC(11)   Evacuate Collection Set: 32.0ms
[2022-11-07T17:57:04.480+0900][gc,phases   ] GC(11)   Post Evacuate Collection Set: 3.5ms
[2022-11-07T17:57:04.480+0900][gc,phases   ] GC(11)   Other: 2.2ms
[2022-11-07T17:57:04.480+0900][gc,heap     ] GC(11) Eden regions: 47->0(47)
[2022-11-07T17:57:04.480+0900][gc,heap     ] GC(11) Survivor regions: 4->4(7)
[2022-11-07T17:57:04.480+0900][gc,heap     ] GC(11) Old regions: 13->13
[2022-11-07T17:57:04.480+0900][gc,heap     ] GC(11) Archive regions: 2->2
[2022-11-07T17:57:04.480+0900][gc,heap     ] GC(11) Humongous regions: 129->129
[2022-11-07T17:57:04.480+0900][gc,metaspace] GC(11) Metaspace: 41989K(42624K)->41989K(42624K) NonClass: 36575K(36928K)->36575K(36928K) Class: 5413K(5696K)->5413K(5696K)
[2022-11-07T17:57:04.481+0900][gc          ] GC(11) Pause Young (Normal) (G1 Evacuation Pause) 192M->145M(1024M) 38.457ms
[2022-11-07T17:57:04.481+0900][gc,cpu      ] GC(11) User=0.06s Sys=0.06s Real=0.04s
[2022-11-07T18:02:52.062+0900][gc,start    ] GC(24) Pause Young (Normal) (G1 Evacuation Pause)
[2022-11-07T18:02:52.065+0900][gc,task     ] GC(24) Using 8 workers of 8 for evacuation
[2022-11-07T18:02:52.101+0900][gc,mmu      ] GC(24) MMU target violated: 21.0ms (20.0ms/21.0ms)
[2022-11-07T18:02:52.101+0900][gc,phases   ] GC(24)   Pre Evacuate Collection Set: 0.8ms
[2022-11-07T18:02:52.101+0900][gc,phases   ] GC(24)   Merge Heap Roots: 0.4ms
[2022-11-07T18:02:52.101+0900][gc,phases   ] GC(24)   Evacuate Collection Set: 33.4ms
[2022-11-07T18:02:52.101+0900][gc,phases   ] GC(24)   Post Evacuate Collection Set: 1.2ms
[2022-11-07T18:02:52.101+0900][gc,phases   ] GC(24)   Other: 3.3ms
[2022-11-07T18:02:52.101+0900][gc,heap     ] GC(24) Eden regions: 45->0(45)
[2022-11-07T18:02:52.102+0900][gc,heap     ] GC(24) Survivor regions: 6->6(7)
[2022-11-07T18:02:52.102+0900][gc,heap     ] GC(24) Old regions: 81->86
[2022-11-07T18:02:52.102+0900][gc,heap     ] GC(24) Archive regions: 2->2
[2022-11-07T18:02:52.102+0900][gc,heap     ] GC(24) Humongous regions: 129->129
[2022-11-07T18:02:52.102+0900][gc,metaspace] GC(24) Metaspace: 39258K(39744K)->39258K(39744K) NonClass: 34464K(34752K)->34464K(34752K) Class: 4794K(4992K)->4794K(4992K)
[2022-11-07T18:02:52.102+0900][gc          ] GC(24) Pause Young (Normal) (G1 Evacuation Pause) 261M->220M(1024M) 39.298ms
[2022-11-07T18:02:52.102+0900][gc,cpu      ] GC(24) User=0.06s Sys=0.06s Real=0.04s
[2022-11-07T18:08:45.430+0900][gc,start    ] GC(25) Pause Young (Normal) (G1 Evacuation Pause)
[2022-11-07T18:08:45.432+0900][gc,task     ] GC(25) Using 8 workers of 8 for evacuation
[2022-11-07T18:08:45.477+0900][gc,mmu      ] GC(25) MMU target violated: 21.0ms (20.0ms/21.0ms)
[2022-11-07T18:08:45.478+0900][gc,phases   ] GC(25)   Pre Evacuate Collection Set: 0.7ms
[2022-11-07T18:08:45.478+0900][gc,phases   ] GC(25)   Merge Heap Roots: 0.3ms
[2022-11-07T18:08:45.478+0900][gc,phases   ] GC(25)   Evacuate Collection Set: 35.5ms
[2022-11-07T18:08:45.478+0900][gc,phases   ] GC(25)   Post Evacuate Collection Set: 5.5ms
[2022-11-07T18:08:45.478+0900][gc,phases   ] GC(25)   Other: 5.6ms
[2022-11-07T18:08:45.478+0900][gc,heap     ] GC(25) Eden regions: 45->0(46)
[2022-11-07T18:08:45.478+0900][gc,heap     ] GC(25) Survivor regions: 6->5(7)
[2022-11-07T18:08:45.478+0900][gc,heap     ] GC(25) Old regions: 86->91
[2022-11-07T18:08:45.478+0900][gc,heap     ] GC(25) Archive regions: 2->2
[2022-11-07T18:08:45.478+0900][gc,heap     ] GC(25) Humongous regions: 129->129
[2022-11-07T18:08:45.478+0900][gc,metaspace] GC(25) Metaspace: 39258K(39744K)->39258K(39744K) NonClass: 34464K(34752K)->34464K(34752K) Class: 4794K(4992K)->4794K(4992K)
[2022-11-07T18:08:45.478+0900][gc          ] GC(25) Pause Young (Normal) (G1 Evacuation Pause) 265M->224M(1024M) 47.672ms
[2022-11-07T18:08:45.478+0900][gc,cpu      ] GC(25) User=0.06s Sys=0.07s Real=0.04s
[2022-11-07T18:15:10.103+0900][gc,start    ] GC(26) Pause Young (Normal) (G1 Evacuation Pause)
[2022-11-07T18:15:10.105+0900][gc,task     ] GC(26) Using 8 workers of 8 for evacuation
[2022-11-07T18:15:10.127+0900][gc,mmu      ] GC(26) MMU target violated: 21.0ms (20.0ms/21.0ms)
[2022-11-07T18:15:10.127+0900][gc,phases   ] GC(26)   Pre Evacuate Collection Set: 0.7ms
[2022-11-07T18:15:10.127+0900][gc,phases   ] GC(26)   Merge Heap Roots: 0.3ms
[2022-11-07T18:15:10.127+0900][gc,phases   ] GC(26)   Evacuate Collection Set: 19.6ms
[2022-11-07T18:15:10.127+0900][gc,phases   ] GC(26)   Post Evacuate Collection Set: 1.0ms
[2022-11-07T18:15:10.127+0900][gc,phases   ] GC(26)   Other: 2.7ms
[2022-11-07T18:15:10.127+0900][gc,heap     ] GC(26) Eden regions: 46->0(48)
[2022-11-07T18:15:10.127+0900][gc,heap     ] GC(26) Survivor regions: 5->3(7)
[2022-11-07T18:15:10.127+0900][gc,heap     ] GC(26) Old regions: 91->93
[2022-11-07T18:15:10.127+0900][gc,heap     ] GC(26) Archive regions: 2->2
[2022-11-07T18:15:10.127+0900][gc,heap     ] GC(26) Humongous regions: 129->129
[2022-11-07T18:15:10.127+0900][gc,metaspace] GC(26) Metaspace: 39271K(39744K)->39271K(39744K) NonClass: 34477K(34752K)->34477K(34752K) Class: 4794K(4992K)->4794K(4992K)
[2022-11-07T18:15:10.127+0900][gc          ] GC(26) Pause Young (Normal) (G1 Evacuation Pause) 270M->225M(1024M) 24.160ms
[2022-11-07T18:15:10.127+0900][gc,cpu      ] GC(26) User=0.03s Sys=0.03s Real=0.02s
[2022-11-07T18:19:02.442+0900][gc,start    ] GC(12) Pause Young (Normal) (G1 Evacuation Pause)
[2022-11-07T18:19:02.443+0900][gc,task     ] GC(12) Using 8 workers of 8 for evacuation
[2022-11-07T18:19:02.473+0900][gc,mmu      ] GC(12) MMU target violated: 21.0ms (20.0ms/21.0ms)
[2022-11-07T18:19:02.473+0900][gc,phases   ] GC(12)   Pre Evacuate Collection Set: 0.5ms
[2022-11-07T18:19:02.473+0900][gc,phases   ] GC(12)   Merge Heap Roots: 0.1ms
[2022-11-07T18:19:02.473+0900][gc,phases   ] GC(12)   Evacuate Collection Set: 27.9ms
[2022-11-07T18:19:02.473+0900][gc,phases   ] GC(12)   Post Evacuate Collection Set: 1.6ms
[2022-11-07T18:19:02.473+0900][gc,phases   ] GC(12)   Other: 1.8ms
[2022-11-07T18:19:02.474+0900][gc,heap     ] GC(12) Eden regions: 47->0(58)
[2022-11-07T18:19:02.474+0900][gc,heap     ] GC(12) Survivor regions: 4->4(7)
[2022-11-07T18:19:02.474+0900][gc,heap     ] GC(12) Old regions: 13->13
[2022-11-07T18:19:02.474+0900][gc,heap     ] GC(12) Archive regions: 2->2
[2022-11-07T18:19:02.474+0900][gc,heap     ] GC(12) Humongous regions: 129->129
[2022-11-07T18:19:02.474+0900][gc,metaspace] GC(12) Metaspace: 42006K(42624K)->42006K(42624K) NonClass: 36593K(36928K)->36593K(36928K) Class: 5413K(5696K)->5413K(5696K)
[2022-11-07T18:19:02.474+0900][gc          ] GC(12) Pause Young (Normal) (G1 Evacuation Pause) 192M->145M(1024M) 32.098ms
[2022-11-07T18:19:02.474+0900][gc,cpu      ] GC(12) User=0.05s Sys=0.05s Real=0.03s
[2022-11-07T18:21:51.878+0900][gc,start    ] GC(27) Pause Young (Normal) (G1 Evacuation Pause)
[2022-11-07T18:21:51.879+0900][gc,task     ] GC(27) Using 8 workers of 8 for evacuation
[2022-11-07T18:21:51.897+0900][gc,phases   ] GC(27)   Pre Evacuate Collection Set: 0.4ms
[2022-11-07T18:21:51.897+0900][gc,phases   ] GC(27)   Merge Heap Roots: 0.1ms
[2022-11-07T18:21:51.897+0900][gc,phases   ] GC(27)   Evacuate Collection Set: 16.4ms
[2022-11-07T18:21:51.897+0900][gc,phases   ] GC(27)   Post Evacuate Collection Set: 0.5ms
[2022-11-07T18:21:51.897+0900][gc,phases   ] GC(27)   Other: 1.7ms
[2022-11-07T18:21:51.897+0900][gc,heap     ] GC(27) Eden regions: 48->0(44)
[2022-11-07T18:21:51.897+0900][gc,heap     ] GC(27) Survivor regions: 3->7(7)
[2022-11-07T18:21:51.897+0900][gc,heap     ] GC(27) Old regions: 93->93
[2022-11-07T18:21:51.897+0900][gc,heap     ] GC(27) Archive regions: 2->2
[2022-11-07T18:21:51.897+0900][gc,heap     ] GC(27) Humongous regions: 129->129
[2022-11-07T18:21:51.897+0900][gc,metaspace] GC(27) Metaspace: 39272K(39744K)->39272K(39744K) NonClass: 34478K(34752K)->34478K(34752K) Class: 4794K(4992K)->4794K(4992K)
[2022-11-07T18:21:51.897+0900][gc          ] GC(27) Pause Young (Normal) (G1 Evacuation Pause) 273M->229M(1024M) 19.374ms
[2022-11-07T18:21:51.897+0900][gc,cpu      ] GC(27) User=0.05s Sys=0.01s Real=0.02s
[2022-11-07T18:28:00.181+0900][gc,start    ] GC(28) Pause Young (Normal) (G1 Evacuation Pause)
[2022-11-07T18:28:00.182+0900][gc,task     ] GC(28) Using 8 workers of 8 for evacuation
[2022-11-07T18:28:00.204+0900][gc,mmu      ] GC(28) MMU target violated: 21.0ms (20.0ms/21.0ms)
[2022-11-07T18:28:00.204+0900][gc,phases   ] GC(28)   Pre Evacuate Collection Set: 0.3ms
[2022-11-07T18:28:00.204+0900][gc,phases   ] GC(28)   Merge Heap Roots: 0.1ms
[2022-11-07T18:28:00.204+0900][gc,phases   ] GC(28)   Evacuate Collection Set: 21.0ms
[2022-11-07T18:28:00.204+0900][gc,phases   ] GC(28)   Post Evacuate Collection Set: 0.7ms
[2022-11-07T18:28:00.204+0900][gc,phases   ] GC(28)   Other: 1.5ms
[2022-11-07T18:28:00.204+0900][gc,heap     ] GC(28) Eden regions: 44->0(46)
[2022-11-07T18:28:00.204+0900][gc,heap     ] GC(28) Survivor regions: 7->5(7)
[2022-11-07T18:28:00.205+0900][gc,heap     ] GC(28) Old regions: 93->99
[2022-11-07T18:28:00.205+0900][gc,heap     ] GC(28) Archive regions: 2->2
[2022-11-07T18:28:00.205+0900][gc,heap     ] GC(28) Humongous regions: 129->129
[2022-11-07T18:28:00.205+0900][gc,metaspace] GC(28) Metaspace: 39272K(39744K)->39272K(39744K) NonClass: 34478K(34752K)->34478K(34752K) Class: 4794K(4992K)->4794K(4992K)
[2022-11-07T18:28:00.205+0900][gc          ] GC(28) Pause Young (Normal) (G1 Evacuation Pause) 273M->233M(1024M) 23.865ms
[2022-11-07T18:28:00.205+0900][gc,cpu      ] GC(28) User=0.06s Sys=0.02s Real=0.02s
[2022-11-07T18:34:20.486+0900][gc,start    ] GC(29) Pause Young (Normal) (G1 Evacuation Pause)
[2022-11-07T18:34:20.487+0900][gc,task     ] GC(29) Using 8 workers of 8 for evacuation
[2022-11-07T18:34:20.521+0900][gc,mmu      ] GC(29) MMU target violated: 21.0ms (20.0ms/21.0ms)
[2022-11-07T18:34:20.521+0900][gc,phases   ] GC(29)   Pre Evacuate Collection Set: 0.9ms
[2022-11-07T18:34:20.521+0900][gc,phases   ] GC(29)   Merge Heap Roots: 0.2ms
[2022-11-07T18:34:20.521+0900][gc,phases   ] GC(29)   Evacuate Collection Set: 30.6ms
[2022-11-07T18:34:20.521+0900][gc,phases   ] GC(29)   Post Evacuate Collection Set: 1.5ms
[2022-11-07T18:34:20.521+0900][gc,phases   ] GC(29)   Other: 2.0ms
[2022-11-07T18:34:20.521+0900][gc,heap     ] GC(29) Eden regions: 46->0(45)
[2022-11-07T18:34:20.521+0900][gc,heap     ] GC(29) Survivor regions: 5->6(7)
[2022-11-07T18:34:20.521+0900][gc,heap     ] GC(29) Old regions: 99->103
[2022-11-07T18:34:20.521+0900][gc,heap     ] GC(29) Archive regions: 2->2
[2022-11-07T18:34:20.521+0900][gc,heap     ] GC(29) Humongous regions: 129->129
[2022-11-07T18:34:20.521+0900][gc,metaspace] GC(29) Metaspace: 39272K(39744K)->39272K(39744K) NonClass: 34478K(34752K)->34478K(34752K) Class: 4794K(4992K)->4794K(4992K)
[2022-11-07T18:34:20.521+0900][gc          ] GC(29) Pause Young (Normal) (G1 Evacuation Pause) 279M->238M(1024M) 35.413ms
[2022-11-07T18:34:20.521+0900][gc,cpu      ] GC(29) User=0.06s Sys=0.05s Real=0.04s
[2022-11-07T18:40:32.298+0900][gc,start    ] GC(30) Pause Young (Normal) (G1 Evacuation Pause)
[2022-11-07T18:40:32.299+0900][gc,task     ] GC(30) Using 8 workers of 8 for evacuation
[2022-11-07T18:40:32.335+0900][gc,mmu      ] GC(30) MMU target violated: 21.0ms (20.0ms/21.0ms)
[2022-11-07T18:40:32.336+0900][gc,phases   ] GC(30)   Pre Evacuate Collection Set: 1.1ms
[2022-11-07T18:40:32.336+0900][gc,phases   ] GC(30)   Merge Heap Roots: 0.3ms
[2022-11-07T18:40:32.336+0900][gc,phases   ] GC(30)   Evacuate Collection Set: 32.8ms
[2022-11-07T18:40:32.336+0900][gc,phases   ] GC(30)   Post Evacuate Collection Set: 1.6ms
[2022-11-07T18:40:32.336+0900][gc,phases   ] GC(30)   Other: 2.2ms
[2022-11-07T18:40:32.336+0900][gc,heap     ] GC(30) Eden regions: 45->0(46)
[2022-11-07T18:40:32.336+0900][gc,heap     ] GC(30) Survivor regions: 6->5(7)
[2022-11-07T18:40:32.336+0900][gc,heap     ] GC(30) Old regions: 103->108
[2022-11-07T18:40:32.336+0900][gc,heap     ] GC(30) Archive regions: 2->2
[2022-11-07T18:40:32.336+0900][gc,heap     ] GC(30) Humongous regions: 129->129
[2022-11-07T18:40:32.336+0900][gc,metaspace] GC(30) Metaspace: 39274K(39744K)->39274K(39744K) NonClass: 34480K(34752K)->34480K(34752K) Class: 4794K(4992K)->4794K(4992K)
[2022-11-07T18:40:32.336+0900][gc          ] GC(30) Pause Young (Normal) (G1 Evacuation Pause) 283M->242M(1024M) 38.090ms
[2022-11-07T18:40:32.336+0900][gc,cpu      ] GC(30) User=0.06s Sys=0.04s Real=0.04s
[2022-11-07T18:46:36.860+0900][gc,start    ] GC(13) Pause Young (Normal) (G1 Evacuation Pause)
[2022-11-07T18:46:36.861+0900][gc,task     ] GC(13) Using 8 workers of 8 for evacuation
[2022-11-07T18:46:36.895+0900][gc,mmu      ] GC(13) MMU target violated: 21.0ms (20.0ms/21.0ms)
[2022-11-07T18:46:36.895+0900][gc,phases   ] GC(13)   Pre Evacuate Collection Set: 1.2ms
[2022-11-07T18:46:36.895+0900][gc,phases   ] GC(13)   Merge Heap Roots: 0.3ms
[2022-11-07T18:46:36.895+0900][gc,phases   ] GC(13)   Evacuate Collection Set: 31.0ms
[2022-11-07T18:46:36.895+0900][gc,phases   ] GC(13)   Post Evacuate Collection Set: 0.9ms
[2022-11-07T18:46:36.895+0900][gc,phases   ] GC(13)   Other: 2.4ms
[2022-11-07T18:46:36.896+0900][gc,heap     ] GC(13) Eden regions: 58->0(266)
[2022-11-07T18:46:36.896+0900][gc,heap     ] GC(13) Survivor regions: 4->4(8)
[2022-11-07T18:46:36.896+0900][gc,heap     ] GC(13) Old regions: 13->13
[2022-11-07T18:46:36.896+0900][gc,heap     ] GC(13) Archive regions: 2->2
[2022-11-07T18:46:36.896+0900][gc,heap     ] GC(13) Humongous regions: 129->129
[2022-11-07T18:46:36.896+0900][gc,metaspace] GC(13) Metaspace: 42016K(42624K)->42016K(42624K) NonClass: 36602K(36928K)->36602K(36928K) Class: 5413K(5696K)->5413K(5696K)
[2022-11-07T18:46:36.896+0900][gc          ] GC(13) Pause Young (Normal) (G1 Evacuation Pause) 203M->145M(1024M) 35.751ms
[2022-11-07T18:46:36.896+0900][gc,cpu      ] GC(13) User=0.03s Sys=0.06s Real=0.03s
[2022-11-07T18:46:58.284+0900][gc,start    ] GC(31) Pause Young (Normal) (G1 Evacuation Pause)
[2022-11-07T18:46:58.285+0900][gc,task     ] GC(31) Using 8 workers of 8 for evacuation
[2022-11-07T18:46:58.319+0900][gc,mmu      ] GC(31) MMU target violated: 21.0ms (20.0ms/21.0ms)
[2022-11-07T18:46:58.319+0900][gc,phases   ] GC(31)   Pre Evacuate Collection Set: 0.5ms
[2022-11-07T18:46:58.319+0900][gc,phases   ] GC(31)   Merge Heap Roots: 0.3ms
[2022-11-07T18:46:58.319+0900][gc,phases   ] GC(31)   Evacuate Collection Set: 32.7ms
[2022-11-07T18:46:58.319+0900][gc,phases   ] GC(31)   Post Evacuate Collection Set: 0.6ms
[2022-11-07T18:46:58.319+0900][gc,phases   ] GC(31)   Other: 0.9ms
[2022-11-07T18:46:58.319+0900][gc,heap     ] GC(31) Eden regions: 46->0(45)
[2022-11-07T18:46:58.319+0900][gc,heap     ] GC(31) Survivor regions: 5->6(7)
[2022-11-07T18:46:58.319+0900][gc,heap     ] GC(31) Old regions: 108->113
[2022-11-07T18:46:58.319+0900][gc,heap     ] GC(31) Archive regions: 2->2
[2022-11-07T18:46:58.319+0900][gc,heap     ] GC(31) Humongous regions: 129->129
[2022-11-07T18:46:58.319+0900][gc,metaspace] GC(31) Metaspace: 39275K(39744K)->39275K(39744K) NonClass: 34481K(34752K)->34481K(34752K) Class: 4794K(4992K)->4794K(4992K)
[2022-11-07T18:46:58.319+0900][gc          ] GC(31) Pause Young (Normal) (G1 Evacuation Pause) 288M->247M(1024M) 35.170ms
[2022-11-07T18:46:58.319+0900][gc,cpu      ] GC(31) User=0.06s Sys=0.03s Real=0.03s
[2022-11-07T18:53:07.768+0900][gc,start    ] GC(32) Pause Young (Normal) (G1 Evacuation Pause)
[2022-11-07T18:53:07.769+0900][gc,task     ] GC(32) Using 8 workers of 8 for evacuation
[2022-11-07T18:53:07.809+0900][gc,mmu      ] GC(32) MMU target violated: 21.0ms (20.0ms/21.0ms)
[2022-11-07T18:53:07.809+0900][gc,phases   ] GC(32)   Pre Evacuate Collection Set: 1.0ms
[2022-11-07T18:53:07.809+0900][gc,phases   ] GC(32)   Merge Heap Roots: 0.4ms
[2022-11-07T18:53:07.809+0900][gc,phases   ] GC(32)   Evacuate Collection Set: 36.7ms
[2022-11-07T18:53:07.809+0900][gc,phases   ] GC(32)   Post Evacuate Collection Set: 0.9ms
[2022-11-07T18:53:07.809+0900][gc,phases   ] GC(32)   Other: 2.3ms
[2022-11-07T18:53:07.809+0900][gc,heap     ] GC(32) Eden regions: 45->0(46)
[2022-11-07T18:53:07.809+0900][gc,heap     ] GC(32) Survivor regions: 6->5(7)
[2022-11-07T18:53:07.809+0900][gc,heap     ] GC(32) Old regions: 113->117
[2022-11-07T18:53:07.809+0900][gc,heap     ] GC(32) Archive regions: 2->2
[2022-11-07T18:53:07.809+0900][gc,heap     ] GC(32) Humongous regions: 129->129
[2022-11-07T18:53:07.809+0900][gc,metaspace] GC(32) Metaspace: 39282K(39744K)->39282K(39744K) NonClass: 34488K(34752K)->34488K(34752K) Class: 4794K(4992K)->4794K(4992K)
[2022-11-07T18:53:07.809+0900][gc          ] GC(32) Pause Young (Normal) (G1 Evacuation Pause) 292M->251M(1024M) 41.193ms
[2022-11-07T18:53:07.809+0900][gc,cpu      ] GC(32) User=0.07s Sys=0.04s Real=0.04s
