[2022-11-01T22:38:52.159+0900][gc] Using G1
[2022-11-01T22:38:52.166+0900][gc,init] Version: 17.0.2+8-86 (release)
[2022-11-01T22:38:52.167+0900][gc,init] CPUs: 8 total, 8 available
[2022-11-01T22:38:52.167+0900][gc,init] Memory: 16384M
[2022-11-01T22:38:52.167+0900][gc,init] Large Page Support: Disabled
[2022-11-01T22:38:52.167+0900][gc,init] NUMA Support: Disabled
[2022-11-01T22:38:52.167+0900][gc,init] Compressed Oops: Enabled (Zero based)
[2022-11-01T22:38:52.167+0900][gc,init] Heap Region Size: 1M
[2022-11-01T22:38:52.167+0900][gc,init] Heap Min Capacity: 1G
[2022-11-01T22:38:52.167+0900][gc,init] Heap Initial Capacity: 1G
[2022-11-01T22:38:52.167+0900][gc,init] Heap Max Capacity: 1G
[2022-11-01T22:38:52.167+0900][gc,init] Pre-touch: Disabled
[2022-11-01T22:38:52.167+0900][gc,init] Parallel Workers: 8
[2022-11-01T22:38:52.167+0900][gc,init] Concurrent Workers: 2
[2022-11-01T22:38:52.167+0900][gc,init] Concurrent Refinement Workers: 8
[2022-11-01T22:38:52.167+0900][gc,init] Periodic GC: Disabled
[2022-11-01T22:38:52.167+0900][gc,metaspace] CDS archive(s) mapped at: [0x0000000800000000-0x0000000800bd4000-0x0000000800bd4000), size 12402688, SharedBaseAddress: 0x0000000800000000, ArchiveRelocationMode: 0.
[2022-11-01T22:38:52.167+0900][gc,metaspace] Compressed class space mapped at: 0x0000000800c00000-0x0000000840c00000, reserved size: 1073741824
[2022-11-01T22:38:52.167+0900][gc,metaspace] Narrow klass base: 0x0000000800000000, Narrow klass shift: 0, Narrow klass range: 0x100000000
[2022-11-01T22:38:55.414+0900][gc,start    ] GC(0) Pause Young (Normal) (G1 Evacuation Pause)
[2022-11-01T22:38:55.414+0900][gc,task     ] GC(0) Using 8 workers of 8 for evacuation
[2022-11-01T22:38:55.424+0900][gc,phases   ] GC(0)   Pre Evacuate Collection Set: 0.1ms
[2022-11-01T22:38:55.424+0900][gc,phases   ] GC(0)   Merge Heap Roots: 0.0ms
[2022-11-01T22:38:55.424+0900][gc,phases   ] GC(0)   Evacuate Collection Set: 9.7ms
[2022-11-01T22:38:55.424+0900][gc,phases   ] GC(0)   Post Evacuate Collection Set: 0.4ms
[2022-11-01T22:38:55.424+0900][gc,phases   ] GC(0)   Other: 0.6ms
[2022-11-01T22:38:55.424+0900][gc,heap     ] GC(0) Eden regions: 51->0(44)
[2022-11-01T22:38:55.424+0900][gc,heap     ] GC(0) Survivor regions: 0->7(7)
[2022-11-01T22:38:55.424+0900][gc,heap     ] GC(0) Old regions: 0->1
[2022-11-01T22:38:55.424+0900][gc,heap     ] GC(0) Archive regions: 2->2
[2022-11-01T22:38:55.424+0900][gc,heap     ] GC(0) Humongous regions: 0->0
[2022-11-01T22:38:55.424+0900][gc,metaspace] GC(0) Metaspace: 18973K(19200K)->18973K(19200K) NonClass: 16446K(16576K)->16446K(16576K) Class: 2527K(2624K)->2527K(2624K)
[2022-11-01T22:38:55.424+0900][gc          ] GC(0) Pause Young (Normal) (G1 Evacuation Pause) 51M->8M(1024M) 10.964ms
[2022-11-01T22:38:55.424+0900][gc,cpu      ] GC(0) User=0.02s Sys=0.01s Real=0.01s
[2022-11-01T22:38:55.763+0900][gc,start    ] GC(1) Pause Young (Concurrent Start) (Metadata GC Threshold)
[2022-11-01T22:38:55.763+0900][gc,task     ] GC(1) Using 8 workers of 8 for evacuation
[2022-11-01T22:38:55.772+0900][gc,phases   ] GC(1)   Pre Evacuate Collection Set: 0.1ms
[2022-11-01T22:38:55.772+0900][gc,phases   ] GC(1)   Merge Heap Roots: 0.0ms
[2022-11-01T22:38:55.772+0900][gc,phases   ] GC(1)   Evacuate Collection Set: 8.6ms
[2022-11-01T22:38:55.772+0900][gc,phases   ] GC(1)   Post Evacuate Collection Set: 0.3ms
[2022-11-01T22:38:55.772+0900][gc,phases   ] GC(1)   Other: 0.2ms
[2022-11-01T22:38:55.772+0900][gc,heap     ] GC(1) Eden regions: 10->0(49)
[2022-11-01T22:38:55.772+0900][gc,heap     ] GC(1) Survivor regions: 7->2(7)
[2022-11-01T22:38:55.772+0900][gc,heap     ] GC(1) Old regions: 1->7
[2022-11-01T22:38:55.772+0900][gc,heap     ] GC(1) Archive regions: 2->2
[2022-11-01T22:38:55.772+0900][gc,heap     ] GC(1) Humongous regions: 129->129
[2022-11-01T22:38:55.772+0900][gc,metaspace] GC(1) Metaspace: 21276K(21504K)->21276K(21504K) NonClass: 18413K(18496K)->18413K(18496K) Class: 2862K(3008K)->2862K(3008K)
[2022-11-01T22:38:55.772+0900][gc          ] GC(1) Pause Young (Concurrent Start) (Metadata GC Threshold) 146M->138M(1024M) 9.435ms
[2022-11-01T22:38:55.772+0900][gc,cpu      ] GC(1) User=0.02s Sys=0.01s Real=0.01s
[2022-11-01T22:38:55.772+0900][gc          ] GC(2) Concurrent Mark Cycle
[2022-11-01T22:38:55.772+0900][gc,marking  ] GC(2) Concurrent Clear Claimed Marks
[2022-11-01T22:38:55.772+0900][gc,marking  ] GC(2) Concurrent Clear Claimed Marks 0.019ms
[2022-11-01T22:38:55.772+0900][gc,marking  ] GC(2) Concurrent Scan Root Regions
[2022-11-01T22:38:55.775+0900][gc,marking  ] GC(2) Concurrent Scan Root Regions 2.440ms
[2022-11-01T22:38:55.778+0900][gc,marking  ] GC(2) Concurrent Mark
[2022-11-01T22:38:55.778+0900][gc,marking  ] GC(2) Concurrent Mark From Roots
[2022-11-01T22:38:55.778+0900][gc,task     ] GC(2) Using 2 workers of 2 for marking
[2022-11-01T22:38:55.779+0900][gc,marking  ] GC(2) Concurrent Mark From Roots 1.001ms
[2022-11-01T22:38:55.779+0900][gc,marking  ] GC(2) Concurrent Preclean
[2022-11-01T22:38:55.779+0900][gc,marking  ] GC(2) Concurrent Preclean 0.028ms
[2022-11-01T22:38:55.779+0900][gc,start    ] GC(2) Pause Remark
[2022-11-01T22:38:55.788+0900][gc          ] GC(2) Pause Remark 139M->139M(1024M) 8.652ms
[2022-11-01T22:38:55.788+0900][gc,cpu      ] GC(2) User=0.01s Sys=0.01s Real=0.01s
[2022-11-01T22:38:55.793+0900][gc,marking  ] GC(2) Concurrent Mark 15.420ms
[2022-11-01T22:38:55.794+0900][gc,marking  ] GC(2) Concurrent Rebuild Remembered Sets
[2022-11-01T22:38:55.794+0900][gc,marking  ] GC(2) Concurrent Rebuild Remembered Sets 0.009ms
[2022-11-01T22:38:55.794+0900][gc,start    ] GC(2) Pause Cleanup
[2022-11-01T22:38:55.794+0900][gc          ] GC(2) Pause Cleanup 139M->139M(1024M) 0.020ms
[2022-11-01T22:38:55.794+0900][gc,cpu      ] GC(2) User=0.00s Sys=0.00s Real=0.00s
[2022-11-01T22:38:55.794+0900][gc,marking  ] GC(2) Concurrent Cleanup for Next Mark
[2022-11-01T22:38:55.798+0900][gc,marking  ] GC(2) Concurrent Cleanup for Next Mark 4.254ms
[2022-11-01T22:38:55.799+0900][gc          ] GC(2) Concurrent Mark Cycle 26.242ms
[2022-11-01T22:38:56.814+0900][gc,start    ] GC(3) Pause Young (Normal) (G1 Evacuation Pause)
[2022-11-01T22:38:56.814+0900][gc,task     ] GC(3) Using 8 workers of 8 for evacuation
[2022-11-01T22:38:56.818+0900][gc,phases   ] GC(3)   Pre Evacuate Collection Set: 0.2ms
[2022-11-01T22:38:56.818+0900][gc,phases   ] GC(3)   Merge Heap Roots: 0.0ms
[2022-11-01T22:38:56.818+0900][gc,phases   ] GC(3)   Evacuate Collection Set: 3.8ms
[2022-11-01T22:38:56.818+0900][gc,phases   ] GC(3)   Post Evacuate Collection Set: 0.5ms
[2022-11-01T22:38:56.818+0900][gc,phases   ] GC(3)   Other: 0.1ms
[2022-11-01T22:38:56.818+0900][gc,heap     ] GC(3) Eden regions: 49->0(45)
[2022-11-01T22:38:56.818+0900][gc,heap     ] GC(3) Survivor regions: 2->6(7)
[2022-11-01T22:38:56.818+0900][gc,heap     ] GC(3) Old regions: 7->7
[2022-11-01T22:38:56.818+0900][gc,heap     ] GC(3) Archive regions: 2->2
[2022-11-01T22:38:56.818+0900][gc,heap     ] GC(3) Humongous regions: 129->129
[2022-11-01T22:38:56.818+0900][gc,metaspace] GC(3) Metaspace: 32960K(33216K)->32960K(33216K) NonClass: 28924K(29056K)->28924K(29056K) Class: 4036K(4160K)->4036K(4160K)
[2022-11-01T22:38:56.818+0900][gc          ] GC(3) Pause Young (Normal) (G1 Evacuation Pause) 187M->142M(1024M) 4.684ms
[2022-11-01T22:38:56.818+0900][gc,cpu      ] GC(3) User=0.01s Sys=0.00s Real=0.00s
[2022-11-01T22:38:57.728+0900][gc,start    ] GC(4) Pause Young (Concurrent Start) (Metadata GC Threshold)
[2022-11-01T22:38:57.728+0900][gc,task     ] GC(4) Using 8 workers of 8 for evacuation
[2022-11-01T22:38:57.732+0900][gc,phases   ] GC(4)   Pre Evacuate Collection Set: 0.1ms
[2022-11-01T22:38:57.732+0900][gc,phases   ] GC(4)   Merge Heap Roots: 0.0ms
[2022-11-01T22:38:57.732+0900][gc,phases   ] GC(4)   Evacuate Collection Set: 3.9ms
[2022-11-01T22:38:57.732+0900][gc,phases   ] GC(4)   Post Evacuate Collection Set: 0.3ms
[2022-11-01T22:38:57.732+0900][gc,phases   ] GC(4)   Other: 0.1ms
[2022-11-01T22:38:57.732+0900][gc,heap     ] GC(4) Eden regions: 15->0(49)
[2022-11-01T22:38:57.732+0900][gc,heap     ] GC(4) Survivor regions: 6->2(7)
[2022-11-01T22:38:57.732+0900][gc,heap     ] GC(4) Old regions: 7->13
[2022-11-01T22:38:57.732+0900][gc,heap     ] GC(4) Archive regions: 2->2
[2022-11-01T22:38:57.732+0900][gc,heap     ] GC(4) Humongous regions: 129->129
[2022-11-01T22:38:57.732+0900][gc,metaspace] GC(4) Metaspace: 35654K(35968K)->35654K(35968K) NonClass: 31054K(31232K)->31054K(31232K) Class: 4600K(4736K)->4600K(4736K)
[2022-11-01T22:38:57.732+0900][gc          ] GC(4) Pause Young (Concurrent Start) (Metadata GC Threshold) 157M->143M(1024M) 4.682ms
[2022-11-01T22:38:57.732+0900][gc,cpu      ] GC(4) User=0.02s Sys=0.01s Real=0.01s
[2022-11-01T22:38:57.732+0900][gc          ] GC(5) Concurrent Mark Cycle
[2022-11-01T22:38:57.732+0900][gc,marking  ] GC(5) Concurrent Clear Claimed Marks
[2022-11-01T22:38:57.732+0900][gc,marking  ] GC(5) Concurrent Clear Claimed Marks 0.021ms
[2022-11-01T22:38:57.732+0900][gc,marking  ] GC(5) Concurrent Scan Root Regions
[2022-11-01T22:38:57.735+0900][gc,marking  ] GC(5) Concurrent Scan Root Regions 2.269ms
[2022-11-01T22:38:57.735+0900][gc,marking  ] GC(5) Concurrent Mark
[2022-11-01T22:38:57.735+0900][gc,marking  ] GC(5) Concurrent Mark From Roots
[2022-11-01T22:38:57.735+0900][gc,task     ] GC(5) Using 2 workers of 2 for marking
[2022-11-01T22:38:57.738+0900][gc,marking  ] GC(5) Concurrent Mark From Roots 3.383ms
[2022-11-01T22:38:57.738+0900][gc,marking  ] GC(5) Concurrent Preclean
[2022-11-01T22:38:57.738+0900][gc,marking  ] GC(5) Concurrent Preclean 0.061ms
[2022-11-01T22:38:57.739+0900][gc,start    ] GC(5) Pause Remark
[2022-11-01T22:38:57.751+0900][gc          ] GC(5) Pause Remark 143M->143M(1024M) 12.406ms
[2022-11-01T22:38:57.751+0900][gc,cpu      ] GC(5) User=0.01s Sys=0.02s Real=0.02s
[2022-11-01T22:38:57.751+0900][gc,marking  ] GC(5) Concurrent Mark 16.308ms
[2022-11-01T22:38:57.751+0900][gc,marking  ] GC(5) Concurrent Rebuild Remembered Sets
[2022-11-01T22:38:57.755+0900][gc,marking  ] GC(5) Concurrent Rebuild Remembered Sets 3.889ms
[2022-11-01T22:38:57.755+0900][gc,start    ] GC(5) Pause Cleanup
[2022-11-01T22:38:57.755+0900][gc          ] GC(5) Pause Cleanup 143M->143M(1024M) 0.106ms
[2022-11-01T22:38:57.755+0900][gc,cpu      ] GC(5) User=0.00s Sys=0.00s Real=0.00s
[2022-11-01T22:38:57.755+0900][gc,marking  ] GC(5) Concurrent Cleanup for Next Mark
[2022-11-01T22:38:57.759+0900][gc,marking  ] GC(5) Concurrent Cleanup for Next Mark 3.462ms
[2022-11-01T22:38:57.759+0900][gc          ] GC(5) Concurrent Mark Cycle 26.485ms
[2022-11-01T22:43:16.760+0900][gc,start    ] GC(6) Pause Young (Normal) (G1 Evacuation Pause)
[2022-11-01T22:43:16.762+0900][gc,task     ] GC(6) Using 8 workers of 8 for evacuation
[2022-11-01T22:43:16.796+0900][gc,mmu      ] GC(6) MMU target violated: 21.0ms (20.0ms/21.0ms)
[2022-11-01T22:43:16.796+0900][gc,phases   ] GC(6)   Pre Evacuate Collection Set: 0.8ms
[2022-11-01T22:43:16.796+0900][gc,phases   ] GC(6)   Merge Heap Roots: 0.1ms
[2022-11-01T22:43:16.796+0900][gc,phases   ] GC(6)   Evacuate Collection Set: 32.1ms
[2022-11-01T22:43:16.796+0900][gc,phases   ] GC(6)   Post Evacuate Collection Set: 1.0ms
[2022-11-01T22:43:16.796+0900][gc,phases   ] GC(6)   Other: 2.0ms
[2022-11-01T22:43:16.796+0900][gc,heap     ] GC(6) Eden regions: 49->0(46)
[2022-11-01T22:43:16.796+0900][gc,heap     ] GC(6) Survivor regions: 2->5(7)
[2022-11-01T22:43:16.796+0900][gc,heap     ] GC(6) Old regions: 13->13
[2022-11-01T22:43:16.796+0900][gc,heap     ] GC(6) Archive regions: 2->2
[2022-11-01T22:43:16.796+0900][gc,heap     ] GC(6) Humongous regions: 129->129
[2022-11-01T22:43:16.797+0900][gc,metaspace] GC(6) Metaspace: 41927K(42560K)->41927K(42560K) NonClass: 36497K(36864K)->36497K(36864K) Class: 5429K(5696K)->5429K(5696K)
[2022-11-01T22:43:16.797+0900][gc          ] GC(6) Pause Young (Normal) (G1 Evacuation Pause) 192M->146M(1024M) 36.153ms
[2022-11-01T22:43:16.797+0900][gc,cpu      ] GC(6) User=0.05s Sys=0.06s Real=0.03s
[2022-11-01T22:51:03.071+0900][gc,start    ] GC(7) Pause Young (Normal) (G1 Evacuation Pause)
[2022-11-01T22:51:03.071+0900][gc,task     ] GC(7) Using 8 workers of 8 for evacuation
[2022-11-01T22:51:03.111+0900][gc,mmu      ] GC(7) MMU target violated: 21.0ms (20.0ms/21.0ms)
[2022-11-01T22:51:03.111+0900][gc,phases   ] GC(7)   Pre Evacuate Collection Set: 0.8ms
[2022-11-01T22:51:03.111+0900][gc,phases   ] GC(7)   Merge Heap Roots: 0.2ms
[2022-11-01T22:51:03.111+0900][gc,phases   ] GC(7)   Evacuate Collection Set: 37.3ms
[2022-11-01T22:51:03.111+0900][gc,phases   ] GC(7)   Post Evacuate Collection Set: 0.8ms
[2022-11-01T22:51:03.111+0900][gc,phases   ] GC(7)   Other: 1.5ms
[2022-11-01T22:51:03.111+0900][gc,heap     ] GC(7) Eden regions: 46->0(48)
[2022-11-01T22:51:03.111+0900][gc,heap     ] GC(7) Survivor regions: 5->3(7)
[2022-11-01T22:51:03.111+0900][gc,heap     ] GC(7) Old regions: 13->16
[2022-11-01T22:51:03.111+0900][gc,heap     ] GC(7) Archive regions: 2->2
[2022-11-01T22:51:03.111+0900][gc,heap     ] GC(7) Humongous regions: 129->129
[2022-11-01T22:51:03.111+0900][gc,metaspace] GC(7) Metaspace: 42221K(42880K)->42221K(42880K) NonClass: 36772K(37120K)->36772K(37120K) Class: 5449K(5760K)->5449K(5760K)
[2022-11-01T22:51:03.111+0900][gc          ] GC(7) Pause Young (Normal) (G1 Evacuation Pause) 192M->147M(1024M) 40.598ms
[2022-11-01T22:51:03.111+0900][gc,cpu      ] GC(7) User=0.08s Sys=0.05s Real=0.04s
[2022-11-01T23:00:10.018+0900][gc,start    ] GC(8) Pause Young (Normal) (G1 Evacuation Pause)
[2022-11-01T23:00:10.019+0900][gc,task     ] GC(8) Using 8 workers of 8 for evacuation
[2022-11-01T23:00:10.045+0900][gc,mmu      ] GC(8) MMU target violated: 21.0ms (20.0ms/21.0ms)
[2022-11-01T23:00:10.045+0900][gc,phases   ] GC(8)   Pre Evacuate Collection Set: 0.7ms
[2022-11-01T23:00:10.045+0900][gc,phases   ] GC(8)   Merge Heap Roots: 0.2ms
[2022-11-01T23:00:10.045+0900][gc,phases   ] GC(8)   Evacuate Collection Set: 23.9ms
[2022-11-01T23:00:10.045+0900][gc,phases   ] GC(8)   Post Evacuate Collection Set: 0.5ms
[2022-11-01T23:00:10.045+0900][gc,phases   ] GC(8)   Other: 1.9ms
[2022-11-01T23:00:10.045+0900][gc,heap     ] GC(8) Eden regions: 48->0(44)
[2022-11-01T23:00:10.045+0900][gc,heap     ] GC(8) Survivor regions: 3->7(7)
[2022-11-01T23:00:10.045+0900][gc,heap     ] GC(8) Old regions: 16->16
[2022-11-01T23:00:10.045+0900][gc,heap     ] GC(8) Archive regions: 2->2
[2022-11-01T23:00:10.045+0900][gc,heap     ] GC(8) Humongous regions: 129->129
[2022-11-01T23:00:10.045+0900][gc,metaspace] GC(8) Metaspace: 42296K(42944K)->42296K(42944K) NonClass: 36847K(37184K)->36847K(37184K) Class: 5449K(5760K)->5449K(5760K)
[2022-11-01T23:00:10.045+0900][gc          ] GC(8) Pause Young (Normal) (G1 Evacuation Pause) 195M->151M(1024M) 27.374ms
[2022-11-01T23:00:10.045+0900][gc,cpu      ] GC(8) User=0.04s Sys=0.02s Real=0.03s
[2022-11-01T23:08:58.398+0900][gc,start    ] GC(9) Pause Young (Normal) (G1 Evacuation Pause)
[2022-11-01T23:08:58.400+0900][gc,task     ] GC(9) Using 8 workers of 8 for evacuation
[2022-11-01T23:08:58.428+0900][gc,mmu      ] GC(9) MMU target violated: 21.0ms (20.0ms/21.0ms)
[2022-11-01T23:08:58.429+0900][gc,phases   ] GC(9)   Pre Evacuate Collection Set: 1.1ms
[2022-11-01T23:08:58.429+0900][gc,phases   ] GC(9)   Merge Heap Roots: 0.2ms
[2022-11-01T23:08:58.429+0900][gc,phases   ] GC(9)   Evacuate Collection Set: 26.3ms
[2022-11-01T23:08:58.429+0900][gc,phases   ] GC(9)   Post Evacuate Collection Set: 0.8ms
[2022-11-01T23:08:58.429+0900][gc,phases   ] GC(9)   Other: 2.0ms
[2022-11-01T23:08:58.429+0900][gc,heap     ] GC(9) Eden regions: 44->0(46)
[2022-11-01T23:08:58.429+0900][gc,heap     ] GC(9) Survivor regions: 7->5(7)
[2022-11-01T23:08:58.429+0900][gc,heap     ] GC(9) Old regions: 16->20
[2022-11-01T23:08:58.429+0900][gc,heap     ] GC(9) Archive regions: 2->2
[2022-11-01T23:08:58.429+0900][gc,heap     ] GC(9) Humongous regions: 129->129
[2022-11-01T23:08:58.429+0900][gc,metaspace] GC(9) Metaspace: 42321K(42944K)->42321K(42944K) NonClass: 36872K(37184K)->36872K(37184K) Class: 5449K(5760K)->5449K(5760K)
[2022-11-01T23:08:58.429+0900][gc          ] GC(9) Pause Young (Normal) (G1 Evacuation Pause) 195M->154M(1024M) 30.504ms
[2022-11-01T23:08:58.429+0900][gc,cpu      ] GC(9) User=0.05s Sys=0.04s Real=0.03s
[2022-11-01T23:18:24.284+0900][gc,start    ] GC(10) Pause Young (Normal) (G1 Evacuation Pause)
[2022-11-01T23:18:24.285+0900][gc,task     ] GC(10) Using 8 workers of 8 for evacuation
[2022-11-01T23:18:24.323+0900][gc,mmu      ] GC(10) MMU target violated: 21.0ms (20.0ms/21.0ms)
[2022-11-01T23:18:24.323+0900][gc,phases   ] GC(10)   Pre Evacuate Collection Set: 1.0ms
[2022-11-01T23:18:24.323+0900][gc,phases   ] GC(10)   Merge Heap Roots: 0.3ms
[2022-11-01T23:18:24.323+0900][gc,phases   ] GC(10)   Evacuate Collection Set: 34.7ms
[2022-11-01T23:18:24.323+0900][gc,phases   ] GC(10)   Post Evacuate Collection Set: 1.2ms
[2022-11-01T23:18:24.323+0900][gc,phases   ] GC(10)   Other: 1.8ms
[2022-11-01T23:18:24.323+0900][gc,heap     ] GC(10) Eden regions: 46->0(45)
[2022-11-01T23:18:24.323+0900][gc,heap     ] GC(10) Survivor regions: 5->6(7)
[2022-11-01T23:18:24.323+0900][gc,heap     ] GC(10) Old regions: 20->24
[2022-11-01T23:18:24.323+0900][gc,heap     ] GC(10) Archive regions: 2->2
[2022-11-01T23:18:24.323+0900][gc,heap     ] GC(10) Humongous regions: 129->129
[2022-11-01T23:18:24.323+0900][gc,metaspace] GC(10) Metaspace: 42335K(42944K)->42335K(42944K) NonClass: 36886K(37184K)->36886K(37184K) Class: 5449K(5760K)->5449K(5760K)
[2022-11-01T23:18:24.323+0900][gc          ] GC(10) Pause Young (Normal) (G1 Evacuation Pause) 200M->158M(1024M) 38.960ms
[2022-11-01T23:18:24.323+0900][gc,cpu      ] GC(10) User=0.07s Sys=0.04s Real=0.04s
[2022-11-01T23:27:36.434+0900][gc,start    ] GC(11) Pause Young (Normal) (G1 Evacuation Pause)
[2022-11-01T23:27:36.435+0900][gc,task     ] GC(11) Using 8 workers of 8 for evacuation
[2022-11-01T23:27:36.465+0900][gc,mmu      ] GC(11) MMU target violated: 21.0ms (20.0ms/21.0ms)
[2022-11-01T23:27:36.465+0900][gc,phases   ] GC(11)   Pre Evacuate Collection Set: 1.0ms
[2022-11-01T23:27:36.465+0900][gc,phases   ] GC(11)   Merge Heap Roots: 0.3ms
[2022-11-01T23:27:36.465+0900][gc,phases   ] GC(11)   Evacuate Collection Set: 27.2ms
[2022-11-01T23:27:36.465+0900][gc,phases   ] GC(11)   Post Evacuate Collection Set: 0.6ms
[2022-11-01T23:27:36.465+0900][gc,phases   ] GC(11)   Other: 2.0ms
[2022-11-01T23:27:36.465+0900][gc,heap     ] GC(11) Eden regions: 45->0(46)
[2022-11-01T23:27:36.465+0900][gc,heap     ] GC(11) Survivor regions: 6->5(7)
[2022-11-01T23:27:36.465+0900][gc,heap     ] GC(11) Old regions: 24->28
[2022-11-01T23:27:36.465+0900][gc,heap     ] GC(11) Archive regions: 2->2
[2022-11-01T23:27:36.465+0900][gc,heap     ] GC(11) Humongous regions: 129->129
[2022-11-01T23:27:36.465+0900][gc,metaspace] GC(11) Metaspace: 42368K(43008K)->42368K(43008K) NonClass: 36919K(37248K)->36919K(37248K) Class: 5449K(5760K)->5449K(5760K)
[2022-11-01T23:27:36.465+0900][gc          ] GC(11) Pause Young (Normal) (G1 Evacuation Pause) 203M->161M(1024M) 31.405ms
[2022-11-01T23:27:36.465+0900][gc,cpu      ] GC(11) User=0.06s Sys=0.04s Real=0.03s
[2022-11-01T23:36:12.780+0900][gc,start    ] GC(12) Pause Young (Normal) (G1 Evacuation Pause)
[2022-11-01T23:36:12.781+0900][gc,task     ] GC(12) Using 8 workers of 8 for evacuation
[2022-11-01T23:36:12.801+0900][gc,phases   ] GC(12)   Pre Evacuate Collection Set: 0.7ms
[2022-11-01T23:36:12.801+0900][gc,phases   ] GC(12)   Merge Heap Roots: 0.3ms
[2022-11-01T23:36:12.801+0900][gc,phases   ] GC(12)   Evacuate Collection Set: 17.8ms
[2022-11-01T23:36:12.801+0900][gc,phases   ] GC(12)   Post Evacuate Collection Set: 0.7ms
[2022-11-01T23:36:12.801+0900][gc,phases   ] GC(12)   Other: 1.7ms
[2022-11-01T23:36:12.801+0900][gc,heap     ] GC(12) Eden regions: 46->0(46)
[2022-11-01T23:36:12.801+0900][gc,heap     ] GC(12) Survivor regions: 5->5(7)
[2022-11-01T23:36:12.801+0900][gc,heap     ] GC(12) Old regions: 28->32
[2022-11-01T23:36:12.801+0900][gc,heap     ] GC(12) Archive regions: 2->2
[2022-11-01T23:36:12.801+0900][gc,heap     ] GC(12) Humongous regions: 129->129
[2022-11-01T23:36:12.801+0900][gc,metaspace] GC(12) Metaspace: 42895K(43520K)->42895K(43520K) NonClass: 37345K(37696K)->37345K(37696K) Class: 5549K(5824K)->5549K(5824K)
[2022-11-01T23:36:12.802+0900][gc          ] GC(12) Pause Young (Normal) (G1 Evacuation Pause) 207M->165M(1024M) 21.422ms
[2022-11-01T23:36:12.802+0900][gc,cpu      ] GC(12) User=0.05s Sys=0.04s Real=0.02s
[2022-11-01T23:44:15.611+0900][gc,start    ] GC(13) Pause Young (Normal) (G1 Evacuation Pause)
[2022-11-01T23:44:15.612+0900][gc,task     ] GC(13) Using 8 workers of 8 for evacuation
[2022-11-01T23:44:15.643+0900][gc,mmu      ] GC(13) MMU target violated: 21.0ms (20.0ms/21.0ms)
[2022-11-01T23:44:15.643+0900][gc,phases   ] GC(13)   Pre Evacuate Collection Set: 1.1ms
[2022-11-01T23:44:15.643+0900][gc,phases   ] GC(13)   Merge Heap Roots: 0.4ms
[2022-11-01T23:44:15.643+0900][gc,phases   ] GC(13)   Evacuate Collection Set: 26.8ms
[2022-11-01T23:44:15.643+0900][gc,phases   ] GC(13)   Post Evacuate Collection Set: 2.2ms
[2022-11-01T23:44:15.643+0900][gc,phases   ] GC(13)   Other: 1.9ms
[2022-11-01T23:44:15.643+0900][gc,heap     ] GC(13) Eden regions: 46->0(46)
[2022-11-01T23:44:15.643+0900][gc,heap     ] GC(13) Survivor regions: 5->5(7)
[2022-11-01T23:44:15.643+0900][gc,heap     ] GC(13) Old regions: 32->35
[2022-11-01T23:44:15.643+0900][gc,heap     ] GC(13) Archive regions: 2->2
[2022-11-01T23:44:15.643+0900][gc,heap     ] GC(13) Humongous regions: 129->129
[2022-11-01T23:44:15.643+0900][gc,metaspace] GC(13) Metaspace: 42955K(43520K)->42955K(43520K) NonClass: 37399K(37696K)->37399K(37696K) Class: 5556K(5824K)->5556K(5824K)
[2022-11-01T23:44:15.643+0900][gc          ] GC(13) Pause Young (Normal) (G1 Evacuation Pause) 211M->169M(1024M) 32.476ms
[2022-11-01T23:44:15.643+0900][gc,cpu      ] GC(13) User=0.06s Sys=0.06s Real=0.03s
[2022-11-01T23:53:22.825+0900][gc,start    ] GC(14) Pause Young (Normal) (G1 Evacuation Pause)
[2022-11-01T23:53:22.826+0900][gc,task     ] GC(14) Using 8 workers of 8 for evacuation
[2022-11-01T23:53:22.842+0900][gc,phases   ] GC(14)   Pre Evacuate Collection Set: 0.3ms
[2022-11-01T23:53:22.842+0900][gc,phases   ] GC(14)   Merge Heap Roots: 0.1ms
[2022-11-01T23:53:22.842+0900][gc,phases   ] GC(14)   Evacuate Collection Set: 14.6ms
[2022-11-01T23:53:22.842+0900][gc,phases   ] GC(14)   Post Evacuate Collection Set: 0.5ms
[2022-11-01T23:53:22.842+0900][gc,phases   ] GC(14)   Other: 1.6ms
[2022-11-01T23:53:22.842+0900][gc,heap     ] GC(14) Eden regions: 46->0(66)
[2022-11-01T23:53:22.842+0900][gc,heap     ] GC(14) Survivor regions: 5->3(7)
[2022-11-01T23:53:22.842+0900][gc,heap     ] GC(14) Old regions: 35->38
[2022-11-01T23:53:22.842+0900][gc,heap     ] GC(14) Archive regions: 2->2
[2022-11-01T23:53:22.842+0900][gc,heap     ] GC(14) Humongous regions: 129->129
[2022-11-01T23:53:22.842+0900][gc,metaspace] GC(14) Metaspace: 42957K(43520K)->42957K(43520K) NonClass: 37401K(37696K)->37401K(37696K) Class: 5556K(5824K)->5556K(5824K)
[2022-11-01T23:53:22.842+0900][gc          ] GC(14) Pause Young (Normal) (G1 Evacuation Pause) 215M->169M(1024M) 17.377ms
[2022-11-01T23:53:22.842+0900][gc,cpu      ] GC(14) User=0.04s Sys=0.02s Real=0.02s
