[2022-11-05T13:44:24.574+0900][gc] Using G1
[2022-11-05T13:44:24.585+0900][gc,init] Version: 17.0.2+8-86 (release)
[2022-11-05T13:44:24.585+0900][gc,init] CPUs: 8 total, 8 available
[2022-11-05T13:44:24.585+0900][gc,init] Memory: 16384M
[2022-11-05T13:44:24.585+0900][gc,init] Large Page Support: Disabled
[2022-11-05T13:44:24.585+0900][gc,init] NUMA Support: Disabled
[2022-11-05T13:44:24.585+0900][gc,init] Compressed Oops: Enabled (Zero based)
[2022-11-05T13:44:24.585+0900][gc,init] Heap Region Size: 1M
[2022-11-05T13:44:24.585+0900][gc,init] Heap Min Capacity: 1G
[2022-11-05T13:44:24.585+0900][gc,init] Heap Initial Capacity: 1G
[2022-11-05T13:44:24.585+0900][gc,init] Heap Max Capacity: 1G
[2022-11-05T13:44:24.585+0900][gc,init] Pre-touch: Disabled
[2022-11-05T13:44:24.585+0900][gc,init] Parallel Workers: 8
[2022-11-05T13:44:24.585+0900][gc,init] Concurrent Workers: 2
[2022-11-05T13:44:24.585+0900][gc,init] Concurrent Refinement Workers: 8
[2022-11-05T13:44:24.585+0900][gc,init] Periodic GC: Disabled
[2022-11-05T13:44:24.585+0900][gc,metaspace] CDS archive(s) mapped at: [0x0000000800000000-0x0000000800bd4000-0x0000000800bd4000), size 12402688, SharedBaseAddress: 0x0000000800000000, ArchiveRelocationMode: 0.
[2022-11-05T13:44:24.585+0900][gc,metaspace] Compressed class space mapped at: 0x0000000800c00000-0x0000000840c00000, reserved size: 1073741824
[2022-11-05T13:44:24.586+0900][gc,metaspace] Narrow klass base: 0x0000000800000000, Narrow klass shift: 0, Narrow klass range: 0x100000000
[2022-11-05T13:44:49.638+0900][gc,start    ] GC(0) Pause Young (Normal) (G1 Evacuation Pause)
[2022-11-05T13:44:49.639+0900][gc,task     ] GC(0) Using 8 workers of 8 for evacuation
[2022-11-05T13:44:49.668+0900][gc,mmu      ] GC(0) MMU target violated: 21.0ms (20.0ms/21.0ms)
[2022-11-05T13:44:49.668+0900][gc,phases   ] GC(0)   Pre Evacuate Collection Set: 0.3ms
[2022-11-05T13:44:49.669+0900][gc,phases   ] GC(0)   Merge Heap Roots: 0.2ms
[2022-11-05T13:44:49.669+0900][gc,phases   ] GC(0)   Evacuate Collection Set: 27.7ms
[2022-11-05T13:44:49.669+0900][gc,phases   ] GC(0)   Post Evacuate Collection Set: 0.7ms
[2022-11-05T13:44:49.669+0900][gc,phases   ] GC(0)   Other: 1.9ms
[2022-11-05T13:44:49.669+0900][gc,heap     ] GC(0) Eden regions: 51->0(44)
[2022-11-05T13:44:49.669+0900][gc,heap     ] GC(0) Survivor regions: 0->7(7)
[2022-11-05T13:44:49.669+0900][gc,heap     ] GC(0) Old regions: 0->1
[2022-11-05T13:44:49.669+0900][gc,heap     ] GC(0) Archive regions: 2->2
[2022-11-05T13:44:49.669+0900][gc,heap     ] GC(0) Humongous regions: 0->0
[2022-11-05T13:44:49.669+0900][gc,metaspace] GC(0) Metaspace: 18986K(19200K)->18986K(19200K) NonClass: 16521K(16640K)->16521K(16640K) Class: 2464K(2560K)->2464K(2560K)
[2022-11-05T13:44:49.669+0900][gc          ] GC(0) Pause Young (Normal) (G1 Evacuation Pause) 51M->8M(1024M) 31.008ms
[2022-11-05T13:44:49.669+0900][gc,cpu      ] GC(0) User=0.03s Sys=0.03s Real=0.03s
[2022-11-05T13:44:50.154+0900][gc,start    ] GC(1) Pause Young (Concurrent Start) (Metadata GC Threshold)
[2022-11-05T13:44:50.154+0900][gc,task     ] GC(1) Using 8 workers of 8 for evacuation
[2022-11-05T13:44:50.177+0900][gc,mmu      ] GC(1) MMU target violated: 21.0ms (20.0ms/21.0ms)
[2022-11-05T13:44:50.177+0900][gc,phases   ] GC(1)   Pre Evacuate Collection Set: 0.2ms
[2022-11-05T13:44:50.177+0900][gc,phases   ] GC(1)   Merge Heap Roots: 0.1ms
[2022-11-05T13:44:50.177+0900][gc,phases   ] GC(1)   Evacuate Collection Set: 20.2ms
[2022-11-05T13:44:50.177+0900][gc,phases   ] GC(1)   Post Evacuate Collection Set: 1.6ms
[2022-11-05T13:44:50.177+0900][gc,phases   ] GC(1)   Other: 0.6ms
[2022-11-05T13:44:50.177+0900][gc,heap     ] GC(1) Eden regions: 10->0(50)
[2022-11-05T13:44:50.177+0900][gc,heap     ] GC(1) Survivor regions: 7->1(7)
[2022-11-05T13:44:50.177+0900][gc,heap     ] GC(1) Old regions: 1->7
[2022-11-05T13:44:50.177+0900][gc,heap     ] GC(1) Archive regions: 2->2
[2022-11-05T13:44:50.177+0900][gc,heap     ] GC(1) Humongous regions: 0->0
[2022-11-05T13:44:50.177+0900][gc,metaspace] GC(1) Metaspace: 21333K(21504K)->21333K(21504K) NonClass: 18449K(18560K)->18449K(18560K) Class: 2883K(2944K)->2883K(2944K)
[2022-11-05T13:44:50.177+0900][gc          ] GC(1) Pause Young (Concurrent Start) (Metadata GC Threshold) 17M->8M(1024M) 22.776ms
[2022-11-05T13:44:50.177+0900][gc,cpu      ] GC(1) User=0.02s Sys=0.02s Real=0.02s
[2022-11-05T13:44:50.178+0900][gc          ] GC(2) Concurrent Mark Cycle
[2022-11-05T13:44:50.178+0900][gc,marking  ] GC(2) Concurrent Clear Claimed Marks
[2022-11-05T13:44:50.178+0900][gc,marking  ] GC(2) Concurrent Clear Claimed Marks 0.032ms
[2022-11-05T13:44:50.178+0900][gc,marking  ] GC(2) Concurrent Scan Root Regions
[2022-11-05T13:44:50.183+0900][gc,marking  ] GC(2) Concurrent Scan Root Regions 4.651ms
[2022-11-05T13:44:50.183+0900][gc,marking  ] GC(2) Concurrent Mark
[2022-11-05T13:44:50.183+0900][gc,marking  ] GC(2) Concurrent Mark From Roots
[2022-11-05T13:44:50.184+0900][gc,task     ] GC(2) Using 2 workers of 2 for marking
[2022-11-05T13:44:50.188+0900][gc,marking  ] GC(2) Concurrent Mark From Roots 4.824ms
[2022-11-05T13:44:50.190+0900][gc,marking  ] GC(2) Concurrent Preclean
[2022-11-05T13:44:50.190+0900][gc,marking  ] GC(2) Concurrent Preclean 0.117ms
[2022-11-05T13:44:50.190+0900][gc,start    ] GC(2) Pause Remark
[2022-11-05T13:44:50.207+0900][gc          ] GC(2) Pause Remark 9M->9M(1024M) 16.627ms
[2022-11-05T13:44:50.207+0900][gc,cpu      ] GC(2) User=0.02s Sys=0.02s Real=0.01s
[2022-11-05T13:44:50.207+0900][gc,marking  ] GC(2) Concurrent Mark 23.591ms
[2022-11-05T13:44:50.207+0900][gc,marking  ] GC(2) Concurrent Rebuild Remembered Sets
[2022-11-05T13:44:50.207+0900][gc,marking  ] GC(2) Concurrent Rebuild Remembered Sets 0.006ms
[2022-11-05T13:44:50.207+0900][gc,start    ] GC(2) Pause Cleanup
[2022-11-05T13:44:50.207+0900][gc          ] GC(2) Pause Cleanup 9M->9M(1024M) 0.013ms
[2022-11-05T13:44:50.207+0900][gc,cpu      ] GC(2) User=0.00s Sys=0.00s Real=0.00s
[2022-11-05T13:44:50.207+0900][gc,marking  ] GC(2) Concurrent Cleanup for Next Mark
[2022-11-05T13:44:50.212+0900][gc,marking  ] GC(2) Concurrent Cleanup for Next Mark 5.254ms
[2022-11-05T13:44:50.213+0900][gc          ] GC(2) Concurrent Mark Cycle 34.859ms
[2022-11-05T13:44:51.573+0900][gc,start    ] GC(3) Pause Young (Normal) (G1 Evacuation Pause)
[2022-11-05T13:44:51.573+0900][gc,task     ] GC(3) Using 8 workers of 8 for evacuation
[2022-11-05T13:44:51.579+0900][gc,phases   ] GC(3)   Pre Evacuate Collection Set: 0.1ms
[2022-11-05T13:44:51.579+0900][gc,phases   ] GC(3)   Merge Heap Roots: 0.0ms
[2022-11-05T13:44:51.579+0900][gc,phases   ] GC(3)   Evacuate Collection Set: 4.8ms
[2022-11-05T13:44:51.579+0900][gc,phases   ] GC(3)   Post Evacuate Collection Set: 0.6ms
[2022-11-05T13:44:51.579+0900][gc,phases   ] GC(3)   Other: 0.1ms
[2022-11-05T13:44:51.579+0900][gc,heap     ] GC(3) Eden regions: 50->0(45)
[2022-11-05T13:44:51.579+0900][gc,heap     ] GC(3) Survivor regions: 1->6(7)
[2022-11-05T13:44:51.579+0900][gc,heap     ] GC(3) Old regions: 7->7
[2022-11-05T13:44:51.579+0900][gc,heap     ] GC(3) Archive regions: 2->2
[2022-11-05T13:44:51.579+0900][gc,heap     ] GC(3) Humongous regions: 129->129
[2022-11-05T13:44:51.579+0900][gc,metaspace] GC(3) Metaspace: 32914K(33216K)->32914K(33216K) NonClass: 28886K(29056K)->28886K(29056K) Class: 4028K(4160K)->4028K(4160K)
[2022-11-05T13:44:51.579+0900][gc          ] GC(3) Pause Young (Normal) (G1 Evacuation Pause) 187M->142M(1024M) 5.872ms
[2022-11-05T13:44:51.579+0900][gc,cpu      ] GC(3) User=0.02s Sys=0.00s Real=0.00s
[2022-11-05T13:44:52.393+0900][gc,start    ] GC(4) Pause Young (Concurrent Start) (Metadata GC Threshold)
[2022-11-05T13:44:52.393+0900][gc,task     ] GC(4) Using 8 workers of 8 for evacuation
[2022-11-05T13:44:52.401+0900][gc,phases   ] GC(4)   Pre Evacuate Collection Set: 0.2ms
[2022-11-05T13:44:52.401+0900][gc,phases   ] GC(4)   Merge Heap Roots: 0.1ms
[2022-11-05T13:44:52.401+0900][gc,phases   ] GC(4)   Evacuate Collection Set: 6.9ms
[2022-11-05T13:44:52.401+0900][gc,phases   ] GC(4)   Post Evacuate Collection Set: 0.6ms
[2022-11-05T13:44:52.401+0900][gc,phases   ] GC(4)   Other: 0.1ms
[2022-11-05T13:44:52.401+0900][gc,heap     ] GC(4) Eden regions: 15->0(49)
[2022-11-05T13:44:52.401+0900][gc,heap     ] GC(4) Survivor regions: 6->2(7)
[2022-11-05T13:44:52.401+0900][gc,heap     ] GC(4) Old regions: 7->13
[2022-11-05T13:44:52.401+0900][gc,heap     ] GC(4) Archive regions: 2->2
[2022-11-05T13:44:52.401+0900][gc,heap     ] GC(4) Humongous regions: 129->129
[2022-11-05T13:44:52.401+0900][gc,metaspace] GC(4) Metaspace: 35633K(35968K)->35633K(35968K) NonClass: 31058K(31232K)->31058K(31232K) Class: 4574K(4736K)->4574K(4736K)
[2022-11-05T13:44:52.401+0900][gc          ] GC(4) Pause Young (Concurrent Start) (Metadata GC Threshold) 156M->143M(1024M) 7.994ms
[2022-11-05T13:44:52.401+0900][gc,cpu      ] GC(4) User=0.02s Sys=0.00s Real=0.01s
[2022-11-05T13:44:52.401+0900][gc          ] GC(5) Concurrent Mark Cycle
[2022-11-05T13:44:52.401+0900][gc,marking  ] GC(5) Concurrent Clear Claimed Marks
[2022-11-05T13:44:52.401+0900][gc,marking  ] GC(5) Concurrent Clear Claimed Marks 0.024ms
[2022-11-05T13:44:52.402+0900][gc,marking  ] GC(5) Concurrent Scan Root Regions
[2022-11-05T13:44:52.404+0900][gc,marking  ] GC(5) Concurrent Scan Root Regions 2.496ms
[2022-11-05T13:44:52.404+0900][gc,marking  ] GC(5) Concurrent Mark
[2022-11-05T13:44:52.404+0900][gc,marking  ] GC(5) Concurrent Mark From Roots
[2022-11-05T13:44:52.404+0900][gc,task     ] GC(5) Using 2 workers of 2 for marking
[2022-11-05T13:44:52.410+0900][gc,marking  ] GC(5) Concurrent Mark From Roots 6.330ms
[2022-11-05T13:44:52.411+0900][gc,marking  ] GC(5) Concurrent Preclean
[2022-11-05T13:44:52.411+0900][gc,marking  ] GC(5) Concurrent Preclean 0.173ms
[2022-11-05T13:44:52.412+0900][gc,start    ] GC(5) Pause Remark
[2022-11-05T13:44:52.437+0900][gc,mmu      ] GC(5) MMU target violated: 21.0ms (20.0ms/21.0ms)
[2022-11-05T13:44:52.437+0900][gc          ] GC(5) Pause Remark 143M->143M(1024M) 24.753ms
[2022-11-05T13:44:52.437+0900][gc,cpu      ] GC(5) User=0.03s Sys=0.04s Real=0.02s
[2022-11-05T13:44:52.437+0900][gc,marking  ] GC(5) Concurrent Mark 33.178ms
[2022-11-05T13:44:52.437+0900][gc,marking  ] GC(5) Concurrent Rebuild Remembered Sets
[2022-11-05T13:44:52.441+0900][gc,marking  ] GC(5) Concurrent Rebuild Remembered Sets 3.584ms
[2022-11-05T13:44:52.444+0900][gc,start    ] GC(5) Pause Cleanup
[2022-11-05T13:44:52.444+0900][gc          ] GC(5) Pause Cleanup 143M->143M(1024M) 0.321ms
[2022-11-05T13:44:52.444+0900][gc,cpu      ] GC(5) User=0.00s Sys=0.00s Real=0.00s
[2022-11-05T13:44:52.445+0900][gc,marking  ] GC(5) Concurrent Cleanup for Next Mark
[2022-11-05T13:44:52.450+0900][gc,marking  ] GC(5) Concurrent Cleanup for Next Mark 4.939ms
[2022-11-05T13:44:52.450+0900][gc          ] GC(5) Concurrent Mark Cycle 48.703ms
[2022-11-05T13:48:22.824+0900][gc,start    ] GC(6) Pause Young (Normal) (G1 Evacuation Pause)
[2022-11-05T13:48:22.825+0900][gc,task     ] GC(6) Using 8 workers of 8 for evacuation
[2022-11-05T13:48:22.894+0900][gc,mmu      ] GC(6) MMU target violated: 21.0ms (20.0ms/21.0ms)
[2022-11-05T13:48:22.894+0900][gc,phases   ] GC(6)   Pre Evacuate Collection Set: 1.0ms
[2022-11-05T13:48:22.894+0900][gc,phases   ] GC(6)   Merge Heap Roots: 0.3ms
[2022-11-05T13:48:22.894+0900][gc,phases   ] GC(6)   Evacuate Collection Set: 65.7ms
[2022-11-05T13:48:22.894+0900][gc,phases   ] GC(6)   Post Evacuate Collection Set: 1.2ms
[2022-11-05T13:48:22.894+0900][gc,phases   ] GC(6)   Other: 2.0ms
[2022-11-05T13:48:22.894+0900][gc,heap     ] GC(6) Eden regions: 49->0(45)
[2022-11-05T13:48:22.894+0900][gc,heap     ] GC(6) Survivor regions: 2->6(7)
[2022-11-05T13:48:22.894+0900][gc,heap     ] GC(6) Old regions: 13->13
[2022-11-05T13:48:22.894+0900][gc,heap     ] GC(6) Archive regions: 2->2
[2022-11-05T13:48:22.894+0900][gc,heap     ] GC(6) Humongous regions: 129->129
[2022-11-05T13:48:22.894+0900][gc,metaspace] GC(6) Metaspace: 41538K(42176K)->41538K(42176K) NonClass: 36135K(36480K)->36135K(36480K) Class: 5402K(5696K)->5402K(5696K)
[2022-11-05T13:48:22.894+0900][gc          ] GC(6) Pause Young (Normal) (G1 Evacuation Pause) 192M->147M(1024M) 70.337ms
[2022-11-05T13:48:22.894+0900][gc,cpu      ] GC(6) User=0.06s Sys=0.09s Real=0.07s
[2022-11-05T13:57:26.143+0900][gc,start    ] GC(7) Pause Young (Normal) (G1 Evacuation Pause)
[2022-11-05T13:57:26.145+0900][gc,task     ] GC(7) Using 8 workers of 8 for evacuation
[2022-11-05T13:57:26.189+0900][gc,mmu      ] GC(7) MMU target violated: 21.0ms (20.0ms/21.0ms)
[2022-11-05T13:57:26.189+0900][gc,phases   ] GC(7)   Pre Evacuate Collection Set: 1.7ms
[2022-11-05T13:57:26.189+0900][gc,phases   ] GC(7)   Merge Heap Roots: 0.4ms
[2022-11-05T13:57:26.189+0900][gc,phases   ] GC(7)   Evacuate Collection Set: 41.4ms
[2022-11-05T13:57:26.189+0900][gc,phases   ] GC(7)   Post Evacuate Collection Set: 0.7ms
[2022-11-05T13:57:26.189+0900][gc,phases   ] GC(7)   Other: 1.8ms
[2022-11-05T13:57:26.189+0900][gc,heap     ] GC(7) Eden regions: 45->0(47)
[2022-11-05T13:57:26.189+0900][gc,heap     ] GC(7) Survivor regions: 6->4(7)
[2022-11-05T13:57:26.189+0900][gc,heap     ] GC(7) Old regions: 13->16
[2022-11-05T13:57:26.189+0900][gc,heap     ] GC(7) Archive regions: 2->2
[2022-11-05T13:57:26.189+0900][gc,heap     ] GC(7) Humongous regions: 129->129
[2022-11-05T13:57:26.189+0900][gc,metaspace] GC(7) Metaspace: 41778K(42432K)->41778K(42432K) NonClass: 36356K(36736K)->36356K(36736K) Class: 5422K(5696K)->5422K(5696K)
[2022-11-05T13:57:26.189+0900][gc          ] GC(7) Pause Young (Normal) (G1 Evacuation Pause) 192M->148M(1024M) 46.132ms
[2022-11-05T13:57:26.189+0900][gc,cpu      ] GC(7) User=0.06s Sys=0.08s Real=0.04s
[2022-11-05T14:08:09.782+0900][gc,start    ] GC(8) Pause Young (Normal) (G1 Evacuation Pause)
[2022-11-05T14:08:09.784+0900][gc,task     ] GC(8) Using 8 workers of 8 for evacuation
[2022-11-05T14:08:09.813+0900][gc,mmu      ] GC(8) MMU target violated: 21.0ms (20.0ms/21.0ms)
[2022-11-05T14:08:09.813+0900][gc,phases   ] GC(8)   Pre Evacuate Collection Set: 0.6ms
[2022-11-05T14:08:09.813+0900][gc,phases   ] GC(8)   Merge Heap Roots: 0.2ms
[2022-11-05T14:08:09.813+0900][gc,phases   ] GC(8)   Evacuate Collection Set: 27.8ms
[2022-11-05T14:08:09.813+0900][gc,phases   ] GC(8)   Post Evacuate Collection Set: 0.6ms
[2022-11-05T14:08:09.813+0900][gc,phases   ] GC(8)   Other: 1.7ms
[2022-11-05T14:08:09.813+0900][gc,heap     ] GC(8) Eden regions: 47->0(46)
[2022-11-05T14:08:09.813+0900][gc,heap     ] GC(8) Survivor regions: 4->5(7)
[2022-11-05T14:08:09.813+0900][gc,heap     ] GC(8) Old regions: 16->16
[2022-11-05T14:08:09.813+0900][gc,heap     ] GC(8) Archive regions: 2->2
[2022-11-05T14:08:09.813+0900][gc,heap     ] GC(8) Humongous regions: 129->129
[2022-11-05T14:08:09.813+0900][gc,metaspace] GC(8) Metaspace: 41846K(42432K)->41846K(42432K) NonClass: 36424K(36736K)->36424K(36736K) Class: 5422K(5696K)->5422K(5696K)
[2022-11-05T14:08:09.813+0900][gc          ] GC(8) Pause Young (Normal) (G1 Evacuation Pause) 195M->150M(1024M) 30.943ms
[2022-11-05T14:08:09.813+0900][gc,cpu      ] GC(8) User=0.04s Sys=0.04s Real=0.03s
[2022-11-05T14:19:09.303+0900][gc,start    ] GC(9) Pause Young (Normal) (G1 Evacuation Pause)
[2022-11-05T14:19:09.303+0900][gc,task     ] GC(9) Using 8 workers of 8 for evacuation
[2022-11-05T14:19:09.337+0900][gc,mmu      ] GC(9) MMU target violated: 21.0ms (20.0ms/21.0ms)
[2022-11-05T14:19:09.337+0900][gc,phases   ] GC(9)   Pre Evacuate Collection Set: 1.1ms
[2022-11-05T14:19:09.337+0900][gc,phases   ] GC(9)   Merge Heap Roots: 0.3ms
[2022-11-05T14:19:09.337+0900][gc,phases   ] GC(9)   Evacuate Collection Set: 31.4ms
[2022-11-05T14:19:09.337+0900][gc,phases   ] GC(9)   Post Evacuate Collection Set: 0.8ms
[2022-11-05T14:19:09.337+0900][gc,phases   ] GC(9)   Other: 1.1ms
[2022-11-05T14:19:09.337+0900][gc,heap     ] GC(9) Eden regions: 46->0(47)
[2022-11-05T14:19:09.337+0900][gc,heap     ] GC(9) Survivor regions: 5->4(7)
[2022-11-05T14:19:09.337+0900][gc,heap     ] GC(9) Old regions: 16->19
[2022-11-05T14:19:09.337+0900][gc,heap     ] GC(9) Archive regions: 2->2
[2022-11-05T14:19:09.337+0900][gc,heap     ] GC(9) Humongous regions: 129->129
[2022-11-05T14:19:09.337+0900][gc,metaspace] GC(9) Metaspace: 41903K(42560K)->41903K(42560K) NonClass: 36481K(36864K)->36481K(36864K) Class: 5422K(5696K)->5422K(5696K)
[2022-11-05T14:19:09.337+0900][gc          ] GC(9) Pause Young (Normal) (G1 Evacuation Pause) 196M->152M(1024M) 34.725ms
[2022-11-05T14:19:09.337+0900][gc,cpu      ] GC(9) User=0.04s Sys=0.04s Real=0.03s
[2022-11-05T14:30:29.988+0900][gc,start    ] GC(10) Pause Young (Normal) (G1 Evacuation Pause)
[2022-11-05T14:30:29.989+0900][gc,task     ] GC(10) Using 8 workers of 8 for evacuation
[2022-11-05T14:30:30.024+0900][gc,mmu      ] GC(10) MMU target violated: 21.0ms (20.0ms/21.0ms)
[2022-11-05T14:30:30.024+0900][gc,phases   ] GC(10)   Pre Evacuate Collection Set: 0.9ms
[2022-11-05T14:30:30.024+0900][gc,phases   ] GC(10)   Merge Heap Roots: 0.3ms
[2022-11-05T14:30:30.024+0900][gc,phases   ] GC(10)   Evacuate Collection Set: 32.3ms
[2022-11-05T14:30:30.024+0900][gc,phases   ] GC(10)   Post Evacuate Collection Set: 0.7ms
[2022-11-05T14:30:30.024+0900][gc,phases   ] GC(10)   Other: 2.2ms
[2022-11-05T14:30:30.024+0900][gc,heap     ] GC(10) Eden regions: 47->0(45)
[2022-11-05T14:30:30.024+0900][gc,heap     ] GC(10) Survivor regions: 4->6(7)
[2022-11-05T14:30:30.024+0900][gc,heap     ] GC(10) Old regions: 19->23
[2022-11-05T14:30:30.024+0900][gc,heap     ] GC(10) Archive regions: 2->2
[2022-11-05T14:30:30.024+0900][gc,heap     ] GC(10) Humongous regions: 129->129
[2022-11-05T14:30:30.024+0900][gc,metaspace] GC(10) Metaspace: 41940K(42624K)->41940K(42624K) NonClass: 36517K(36928K)->36517K(36928K) Class: 5422K(5696K)->5422K(5696K)
[2022-11-05T14:30:30.024+0900][gc          ] GC(10) Pause Young (Normal) (G1 Evacuation Pause) 199M->157M(1024M) 36.371ms
[2022-11-05T14:30:30.024+0900][gc,cpu      ] GC(10) User=0.05s Sys=0.05s Real=0.04s
[2022-11-05T14:41:11.823+0900][gc,start    ] GC(11) Pause Young (Normal) (G1 Evacuation Pause)
[2022-11-05T14:41:11.825+0900][gc,task     ] GC(11) Using 8 workers of 8 for evacuation
[2022-11-05T14:41:11.855+0900][gc,mmu      ] GC(11) MMU target violated: 21.0ms (20.0ms/21.0ms)
[2022-11-05T14:41:11.855+0900][gc,phases   ] GC(11)   Pre Evacuate Collection Set: 1.3ms
[2022-11-05T14:41:11.855+0900][gc,phases   ] GC(11)   Merge Heap Roots: 0.6ms
[2022-11-05T14:41:11.855+0900][gc,phases   ] GC(11)   Evacuate Collection Set: 27.5ms
[2022-11-05T14:41:11.855+0900][gc,phases   ] GC(11)   Post Evacuate Collection Set: 0.5ms
[2022-11-05T14:41:11.855+0900][gc,phases   ] GC(11)   Other: 2.0ms
[2022-11-05T14:41:11.855+0900][gc,heap     ] GC(11) Eden regions: 45->0(46)
[2022-11-05T14:41:11.855+0900][gc,heap     ] GC(11) Survivor regions: 6->5(7)
[2022-11-05T14:41:11.855+0900][gc,heap     ] GC(11) Old regions: 23->26
[2022-11-05T14:41:11.855+0900][gc,heap     ] GC(11) Archive regions: 2->2
[2022-11-05T14:41:11.855+0900][gc,heap     ] GC(11) Humongous regions: 129->129
[2022-11-05T14:41:11.855+0900][gc,metaspace] GC(11) Metaspace: 41999K(42624K)->41999K(42624K) NonClass: 36576K(36928K)->36576K(36928K) Class: 5422K(5696K)->5422K(5696K)
[2022-11-05T14:41:11.855+0900][gc          ] GC(11) Pause Young (Normal) (G1 Evacuation Pause) 202M->160M(1024M) 31.757ms
[2022-11-05T14:41:11.855+0900][gc,cpu      ] GC(11) User=0.04s Sys=0.06s Real=0.03s
[2022-11-05T14:51:31.374+0900][gc,start    ] GC(12) Pause Young (Normal) (G1 Evacuation Pause)
[2022-11-05T14:51:31.375+0900][gc,task     ] GC(12) Using 8 workers of 8 for evacuation
[2022-11-05T14:51:31.412+0900][gc,mmu      ] GC(12) MMU target violated: 21.0ms (20.0ms/21.0ms)
[2022-11-05T14:51:31.412+0900][gc,phases   ] GC(12)   Pre Evacuate Collection Set: 1.2ms
[2022-11-05T14:51:31.412+0900][gc,phases   ] GC(12)   Merge Heap Roots: 0.4ms
[2022-11-05T14:51:31.412+0900][gc,phases   ] GC(12)   Evacuate Collection Set: 34.5ms
[2022-11-05T14:51:31.412+0900][gc,phases   ] GC(12)   Post Evacuate Collection Set: 0.6ms
[2022-11-05T14:51:31.412+0900][gc,phases   ] GC(12)   Other: 2.2ms
[2022-11-05T14:51:31.412+0900][gc,heap     ] GC(12) Eden regions: 46->0(46)
[2022-11-05T14:51:31.412+0900][gc,heap     ] GC(12) Survivor regions: 5->5(7)
[2022-11-05T14:51:31.412+0900][gc,heap     ] GC(12) Old regions: 26->30
[2022-11-05T14:51:31.412+0900][gc,heap     ] GC(12) Archive regions: 2->2
[2022-11-05T14:51:31.412+0900][gc,heap     ] GC(12) Humongous regions: 129->129
[2022-11-05T14:51:31.412+0900][gc,metaspace] GC(12) Metaspace: 42045K(42752K)->42045K(42752K) NonClass: 36619K(36992K)->36619K(36992K) Class: 5425K(5760K)->5425K(5760K)
[2022-11-05T14:51:31.413+0900][gc          ] GC(12) Pause Young (Normal) (G1 Evacuation Pause) 206M->164M(1024M) 38.948ms
[2022-11-05T14:51:31.413+0900][gc,cpu      ] GC(12) User=0.04s Sys=0.05s Real=0.04s
[2022-11-05T15:04:40.724+0900][gc,start    ] GC(13) Pause Young (Normal) (G1 Evacuation Pause)
[2022-11-05T15:04:40.726+0900][gc,task     ] GC(13) Using 8 workers of 8 for evacuation
[2022-11-05T15:04:40.748+0900][gc,mmu      ] GC(13) MMU target violated: 21.0ms (20.0ms/21.0ms)
[2022-11-05T15:04:40.748+0900][gc,phases   ] GC(13)   Pre Evacuate Collection Set: 1.0ms
[2022-11-05T15:04:40.748+0900][gc,phases   ] GC(13)   Merge Heap Roots: 0.3ms
[2022-11-05T15:04:40.748+0900][gc,phases   ] GC(13)   Evacuate Collection Set: 19.6ms
[2022-11-05T15:04:40.748+0900][gc,phases   ] GC(13)   Post Evacuate Collection Set: 0.8ms
[2022-11-05T15:04:40.748+0900][gc,phases   ] GC(13)   Other: 2.2ms
[2022-11-05T15:04:40.748+0900][gc,heap     ] GC(13) Eden regions: 46->0(48)
[2022-11-05T15:04:40.748+0900][gc,heap     ] GC(13) Survivor regions: 5->3(7)
[2022-11-05T15:04:40.748+0900][gc,heap     ] GC(13) Old regions: 30->32
[2022-11-05T15:04:40.748+0900][gc,heap     ] GC(13) Archive regions: 2->2
[2022-11-05T15:04:40.748+0900][gc,heap     ] GC(13) Humongous regions: 129->129
[2022-11-05T15:04:40.748+0900][gc,metaspace] GC(13) Metaspace: 42137K(42816K)->42137K(42816K) NonClass: 36685K(37056K)->36685K(37056K) Class: 5452K(5760K)->5452K(5760K)
[2022-11-05T15:04:40.748+0900][gc          ] GC(13) Pause Young (Normal) (G1 Evacuation Pause) 210M->163M(1024M) 24.082ms
[2022-11-05T15:04:40.749+0900][gc,cpu      ] GC(13) User=0.05s Sys=0.03s Real=0.02s
[2022-11-05T15:32:01.455+0900][gc,start    ] GC(14) Pause Young (Normal) (G1 Evacuation Pause)
[2022-11-05T15:32:01.456+0900][gc,task     ] GC(14) Using 8 workers of 8 for evacuation
[2022-11-05T15:32:01.476+0900][gc,phases   ] GC(14)   Pre Evacuate Collection Set: 0.7ms
[2022-11-05T15:32:01.476+0900][gc,phases   ] GC(14)   Merge Heap Roots: 0.3ms
[2022-11-05T15:32:01.476+0900][gc,phases   ] GC(14)   Evacuate Collection Set: 18.2ms
[2022-11-05T15:32:01.476+0900][gc,phases   ] GC(14)   Post Evacuate Collection Set: 1.0ms
[2022-11-05T15:32:01.476+0900][gc,phases   ] GC(14)   Other: 1.8ms
[2022-11-05T15:32:01.476+0900][gc,heap     ] GC(14) Eden regions: 48->0(47)
[2022-11-05T15:32:01.476+0900][gc,heap     ] GC(14) Survivor regions: 3->4(7)
[2022-11-05T15:32:01.477+0900][gc,heap     ] GC(14) Old regions: 32->32
[2022-11-05T15:32:01.477+0900][gc,heap     ] GC(14) Archive regions: 2->2
[2022-11-05T15:32:01.477+0900][gc,heap     ] GC(14) Humongous regions: 129->129
[2022-11-05T15:32:01.477+0900][gc,metaspace] GC(14) Metaspace: 42328K(43072K)->42328K(43072K) NonClass: 36841K(37248K)->36841K(37248K) Class: 5487K(5824K)->5487K(5824K)
[2022-11-05T15:32:01.477+0900][gc          ] GC(14) Pause Young (Normal) (G1 Evacuation Pause) 211M->165M(1024M) 22.109ms
[2022-11-05T15:32:01.477+0900][gc,cpu      ] GC(14) User=0.04s Sys=0.03s Real=0.02s
[2022-11-05T15:42:52.574+0900][gc,start    ] GC(15) Pause Young (Normal) (G1 Evacuation Pause)
[2022-11-05T15:42:52.574+0900][gc,task     ] GC(15) Using 8 workers of 8 for evacuation
[2022-11-05T15:42:52.600+0900][gc,mmu      ] GC(15) MMU target violated: 21.0ms (20.0ms/21.0ms)
[2022-11-05T15:42:52.601+0900][gc,phases   ] GC(15)   Pre Evacuate Collection Set: 0.6ms
[2022-11-05T15:42:52.601+0900][gc,phases   ] GC(15)   Merge Heap Roots: 0.2ms
[2022-11-05T15:42:52.601+0900][gc,phases   ] GC(15)   Evacuate Collection Set: 22.9ms
[2022-11-05T15:42:52.601+0900][gc,phases   ] GC(15)   Post Evacuate Collection Set: 1.5ms
[2022-11-05T15:42:52.601+0900][gc,phases   ] GC(15)   Other: 1.9ms
[2022-11-05T15:42:52.601+0900][gc,heap     ] GC(15) Eden regions: 47->0(46)
[2022-11-05T15:42:52.601+0900][gc,heap     ] GC(15) Survivor regions: 4->5(7)
[2022-11-05T15:42:52.601+0900][gc,heap     ] GC(15) Old regions: 32->33
[2022-11-05T15:42:52.601+0900][gc,heap     ] GC(15) Archive regions: 2->2
[2022-11-05T15:42:52.601+0900][gc,heap     ] GC(15) Humongous regions: 129->129
[2022-11-05T15:42:52.601+0900][gc,metaspace] GC(15) Metaspace: 42333K(43072K)->42333K(43072K) NonClass: 36846K(37248K)->36846K(37248K) Class: 5487K(5824K)->5487K(5824K)
[2022-11-05T15:42:52.601+0900][gc          ] GC(15) Pause Young (Normal) (G1 Evacuation Pause) 212M->166M(1024M) 27.250ms
[2022-11-05T15:42:52.601+0900][gc,cpu      ] GC(15) User=0.03s Sys=0.04s Real=0.03s
[2022-11-05T15:53:38.476+0900][gc,start    ] GC(16) Pause Young (Normal) (G1 Evacuation Pause)
[2022-11-05T15:53:38.477+0900][gc,task     ] GC(16) Using 8 workers of 8 for evacuation
[2022-11-05T15:53:38.513+0900][gc,mmu      ] GC(16) MMU target violated: 21.0ms (20.0ms/21.0ms)
[2022-11-05T15:53:38.513+0900][gc,phases   ] GC(16)   Pre Evacuate Collection Set: 1.0ms
[2022-11-05T15:53:38.513+0900][gc,phases   ] GC(16)   Merge Heap Roots: 5.5ms
[2022-11-05T15:53:38.513+0900][gc,phases   ] GC(16)   Evacuate Collection Set: 28.8ms
[2022-11-05T15:53:38.513+0900][gc,phases   ] GC(16)   Post Evacuate Collection Set: 0.6ms
[2022-11-05T15:53:38.513+0900][gc,phases   ] GC(16)   Other: 1.7ms
[2022-11-05T15:53:38.513+0900][gc,heap     ] GC(16) Eden regions: 46->0(45)
[2022-11-05T15:53:38.513+0900][gc,heap     ] GC(16) Survivor regions: 5->6(7)
[2022-11-05T15:53:38.513+0900][gc,heap     ] GC(16) Old regions: 33->34
[2022-11-05T15:53:38.513+0900][gc,heap     ] GC(16) Archive regions: 2->2
[2022-11-05T15:53:38.513+0900][gc,heap     ] GC(16) Humongous regions: 129->129
[2022-11-05T15:53:38.513+0900][gc,metaspace] GC(16) Metaspace: 42334K(43072K)->42334K(43072K) NonClass: 36847K(37248K)->36847K(37248K) Class: 5487K(5824K)->5487K(5824K)
[2022-11-05T15:53:38.513+0900][gc          ] GC(16) Pause Young (Normal) (G1 Evacuation Pause) 212M->169M(1024M) 37.514ms
[2022-11-05T15:53:38.513+0900][gc,cpu      ] GC(16) User=0.04s Sys=0.04s Real=0.04s
[2022-11-05T16:03:33.250+0900][gc,start    ] GC(17) Pause Young (Normal) (G1 Evacuation Pause)
[2022-11-05T16:03:33.252+0900][gc,task     ] GC(17) Using 8 workers of 8 for evacuation
[2022-11-05T16:03:33.288+0900][gc,mmu      ] GC(17) MMU target violated: 21.0ms (20.0ms/21.0ms)
[2022-11-05T16:03:33.288+0900][gc,phases   ] GC(17)   Pre Evacuate Collection Set: 0.9ms
[2022-11-05T16:03:33.288+0900][gc,phases   ] GC(17)   Merge Heap Roots: 0.2ms
[2022-11-05T16:03:33.288+0900][gc,phases   ] GC(17)   Evacuate Collection Set: 34.4ms
[2022-11-05T16:03:33.288+0900][gc,phases   ] GC(17)   Post Evacuate Collection Set: 0.6ms
[2022-11-05T16:03:33.288+0900][gc,phases   ] GC(17)   Other: 2.0ms
[2022-11-05T16:03:33.288+0900][gc,heap     ] GC(17) Eden regions: 45->0(44)
[2022-11-05T16:03:33.288+0900][gc,heap     ] GC(17) Survivor regions: 6->7(7)
[2022-11-05T16:03:33.288+0900][gc,heap     ] GC(17) Old regions: 34->36
[2022-11-05T16:03:33.288+0900][gc,heap     ] GC(17) Archive regions: 2->2
[2022-11-05T16:03:33.288+0900][gc,heap     ] GC(17) Humongous regions: 129->129
[2022-11-05T16:03:33.288+0900][gc,metaspace] GC(17) Metaspace: 42353K(43072K)->42353K(43072K) NonClass: 36865K(37248K)->36865K(37248K) Class: 5487K(5824K)->5487K(5824K)
[2022-11-05T16:03:33.288+0900][gc          ] GC(17) Pause Young (Normal) (G1 Evacuation Pause) 214M->172M(1024M) 38.136ms
[2022-11-05T16:03:33.288+0900][gc,cpu      ] GC(17) User=0.04s Sys=0.05s Real=0.03s
