[2022-10-31T15:16:49.725+0900][gc] Using G1
[2022-10-31T15:16:49.731+0900][gc,init] Version: 17.0.2+8-86 (release)
[2022-10-31T15:16:49.731+0900][gc,init] CPUs: 8 total, 8 available
[2022-10-31T15:16:49.731+0900][gc,init] Memory: 16384M
[2022-10-31T15:16:49.731+0900][gc,init] Large Page Support: Disabled
[2022-10-31T15:16:49.731+0900][gc,init] NUMA Support: Disabled
[2022-10-31T15:16:49.731+0900][gc,init] Compressed Oops: Enabled (Zero based)
[2022-10-31T15:16:49.731+0900][gc,init] Heap Region Size: 1M
[2022-10-31T15:16:49.731+0900][gc,init] Heap Min Capacity: 1G
[2022-10-31T15:16:49.731+0900][gc,init] Heap Initial Capacity: 1G
[2022-10-31T15:16:49.731+0900][gc,init] Heap Max Capacity: 1G
[2022-10-31T15:16:49.731+0900][gc,init] Pre-touch: Disabled
[2022-10-31T15:16:49.731+0900][gc,init] Parallel Workers: 8
[2022-10-31T15:16:49.731+0900][gc,init] Concurrent Workers: 2
[2022-10-31T15:16:49.731+0900][gc,init] Concurrent Refinement Workers: 8
[2022-10-31T15:16:49.731+0900][gc,init] Periodic GC: Disabled
[2022-10-31T15:16:49.731+0900][gc,metaspace] CDS archive(s) mapped at: [0x0000000800000000-0x0000000800bd4000-0x0000000800bd4000), size 12402688, SharedBaseAddress: 0x0000000800000000, ArchiveRelocationMode: 0.
[2022-10-31T15:16:49.731+0900][gc,metaspace] Compressed class space mapped at: 0x0000000800c00000-0x0000000840c00000, reserved size: 1073741824
[2022-10-31T15:16:49.731+0900][gc,metaspace] Narrow klass base: 0x0000000800000000, Narrow klass shift: 0, Narrow klass range: 0x100000000
[2022-10-31T15:16:52.910+0900][gc,start    ] GC(0) Pause Young (Normal) (G1 Evacuation Pause)
[2022-10-31T15:16:52.910+0900][gc,task     ] GC(0) Using 8 workers of 8 for evacuation
[2022-10-31T15:16:52.922+0900][gc,phases   ] GC(0)   Pre Evacuate Collection Set: 0.1ms
[2022-10-31T15:16:52.922+0900][gc,phases   ] GC(0)   Merge Heap Roots: 0.0ms
[2022-10-31T15:16:52.922+0900][gc,phases   ] GC(0)   Evacuate Collection Set: 10.5ms
[2022-10-31T15:16:52.922+0900][gc,phases   ] GC(0)   Post Evacuate Collection Set: 0.5ms
[2022-10-31T15:16:52.922+0900][gc,phases   ] GC(0)   Other: 0.6ms
[2022-10-31T15:16:52.922+0900][gc,heap     ] GC(0) Eden regions: 51->0(44)
[2022-10-31T15:16:52.922+0900][gc,heap     ] GC(0) Survivor regions: 0->7(7)
[2022-10-31T15:16:52.922+0900][gc,heap     ] GC(0) Old regions: 0->1
[2022-10-31T15:16:52.922+0900][gc,heap     ] GC(0) Archive regions: 2->2
[2022-10-31T15:16:52.922+0900][gc,heap     ] GC(0) Humongous regions: 0->0
[2022-10-31T15:16:52.922+0900][gc,metaspace] GC(0) Metaspace: 19005K(19200K)->19005K(19200K) NonClass: 16533K(16640K)->16533K(16640K) Class: 2471K(2560K)->2471K(2560K)
[2022-10-31T15:16:52.922+0900][gc          ] GC(0) Pause Young (Normal) (G1 Evacuation Pause) 51M->8M(1024M) 12.011ms
[2022-10-31T15:16:52.922+0900][gc,cpu      ] GC(0) User=0.02s Sys=0.01s Real=0.01s
[2022-10-31T15:16:53.205+0900][gc,start    ] GC(1) Pause Young (Concurrent Start) (Metadata GC Threshold)
[2022-10-31T15:16:53.205+0900][gc,task     ] GC(1) Using 8 workers of 8 for evacuation
[2022-10-31T15:16:53.214+0900][gc,phases   ] GC(1)   Pre Evacuate Collection Set: 0.1ms
[2022-10-31T15:16:53.214+0900][gc,phases   ] GC(1)   Merge Heap Roots: 0.0ms
[2022-10-31T15:16:53.214+0900][gc,phases   ] GC(1)   Evacuate Collection Set: 8.3ms
[2022-10-31T15:16:53.214+0900][gc,phases   ] GC(1)   Post Evacuate Collection Set: 0.3ms
[2022-10-31T15:16:53.214+0900][gc,phases   ] GC(1)   Other: 0.4ms
[2022-10-31T15:16:53.214+0900][gc,heap     ] GC(1) Eden regions: 9->0(49)
[2022-10-31T15:16:53.214+0900][gc,heap     ] GC(1) Survivor regions: 7->2(7)
[2022-10-31T15:16:53.214+0900][gc,heap     ] GC(1) Old regions: 1->8
[2022-10-31T15:16:53.214+0900][gc,heap     ] GC(1) Archive regions: 2->2
[2022-10-31T15:16:53.214+0900][gc,heap     ] GC(1) Humongous regions: 0->0
[2022-10-31T15:16:53.214+0900][gc,metaspace] GC(1) Metaspace: 21275K(21504K)->21275K(21504K) NonClass: 18412K(18496K)->18412K(18496K) Class: 2862K(3008K)->2862K(3008K)
[2022-10-31T15:16:53.214+0900][gc          ] GC(1) Pause Young (Concurrent Start) (Metadata GC Threshold) 17M->9M(1024M) 9.222ms
[2022-10-31T15:16:53.214+0900][gc,cpu      ] GC(1) User=0.02s Sys=0.01s Real=0.01s
[2022-10-31T15:16:53.214+0900][gc          ] GC(2) Concurrent Mark Cycle
[2022-10-31T15:16:53.215+0900][gc,marking  ] GC(2) Concurrent Clear Claimed Marks
[2022-10-31T15:16:53.215+0900][gc,marking  ] GC(2) Concurrent Clear Claimed Marks 0.025ms
[2022-10-31T15:16:53.215+0900][gc,marking  ] GC(2) Concurrent Scan Root Regions
[2022-10-31T15:16:53.220+0900][gc,marking  ] GC(2) Concurrent Scan Root Regions 5.299ms
[2022-10-31T15:16:53.220+0900][gc,marking  ] GC(2) Concurrent Mark
[2022-10-31T15:16:53.220+0900][gc,marking  ] GC(2) Concurrent Mark From Roots
[2022-10-31T15:16:53.220+0900][gc,task     ] GC(2) Using 2 workers of 2 for marking
[2022-10-31T15:16:53.223+0900][gc,marking  ] GC(2) Concurrent Mark From Roots 2.752ms
[2022-10-31T15:16:53.223+0900][gc,marking  ] GC(2) Concurrent Preclean
[2022-10-31T15:16:53.223+0900][gc,marking  ] GC(2) Concurrent Preclean 0.034ms
[2022-10-31T15:16:53.223+0900][gc,start    ] GC(2) Pause Remark
[2022-10-31T15:16:53.231+0900][gc          ] GC(2) Pause Remark 9M->9M(1024M) 7.754ms
[2022-10-31T15:16:53.231+0900][gc,cpu      ] GC(2) User=0.01s Sys=0.00s Real=0.01s
[2022-10-31T15:16:53.231+0900][gc,marking  ] GC(2) Concurrent Mark 11.002ms
[2022-10-31T15:16:53.231+0900][gc,marking  ] GC(2) Concurrent Rebuild Remembered Sets
[2022-10-31T15:16:53.233+0900][gc,marking  ] GC(2) Concurrent Rebuild Remembered Sets 1.614ms
[2022-10-31T15:16:53.233+0900][gc,start    ] GC(2) Pause Cleanup
[2022-10-31T15:16:53.233+0900][gc          ] GC(2) Pause Cleanup 9M->9M(1024M) 0.095ms
[2022-10-31T15:16:53.233+0900][gc,cpu      ] GC(2) User=0.00s Sys=0.00s Real=0.00s
[2022-10-31T15:16:53.233+0900][gc,marking  ] GC(2) Concurrent Cleanup for Next Mark
[2022-10-31T15:16:53.237+0900][gc,marking  ] GC(2) Concurrent Cleanup for Next Mark 3.953ms
[2022-10-31T15:16:53.237+0900][gc          ] GC(2) Concurrent Mark Cycle 22.949ms
[2022-10-31T15:16:54.308+0900][gc,start    ] GC(3) Pause Young (Normal) (G1 Evacuation Pause)
[2022-10-31T15:16:54.308+0900][gc,task     ] GC(3) Using 8 workers of 8 for evacuation
[2022-10-31T15:16:54.314+0900][gc,phases   ] GC(3)   Pre Evacuate Collection Set: 0.2ms
[2022-10-31T15:16:54.314+0900][gc,phases   ] GC(3)   Merge Heap Roots: 0.1ms
[2022-10-31T15:16:54.314+0900][gc,phases   ] GC(3)   Evacuate Collection Set: 4.2ms
[2022-10-31T15:16:54.314+0900][gc,phases   ] GC(3)   Post Evacuate Collection Set: 0.6ms
[2022-10-31T15:16:54.314+0900][gc,phases   ] GC(3)   Other: 0.3ms
[2022-10-31T15:16:54.314+0900][gc,heap     ] GC(3) Eden regions: 49->0(45)
[2022-10-31T15:16:54.314+0900][gc,heap     ] GC(3) Survivor regions: 2->6(7)
[2022-10-31T15:16:54.314+0900][gc,heap     ] GC(3) Old regions: 8->8
[2022-10-31T15:16:54.314+0900][gc,heap     ] GC(3) Archive regions: 2->2
[2022-10-31T15:16:54.314+0900][gc,heap     ] GC(3) Humongous regions: 129->129
[2022-10-31T15:16:54.314+0900][gc,metaspace] GC(3) Metaspace: 32701K(32960K)->32701K(32960K) NonClass: 28718K(28864K)->28718K(28864K) Class: 3983K(4096K)->3983K(4096K)
[2022-10-31T15:16:54.314+0900][gc          ] GC(3) Pause Young (Normal) (G1 Evacuation Pause) 187M->142M(1024M) 5.439ms
[2022-10-31T15:16:54.314+0900][gc,cpu      ] GC(3) User=0.02s Sys=0.00s Real=0.01s
[2022-10-31T15:16:55.055+0900][gc,start    ] GC(4) Pause Young (Concurrent Start) (Metadata GC Threshold)
[2022-10-31T15:16:55.061+0900][gc,task     ] GC(4) Using 8 workers of 8 for evacuation
[2022-10-31T15:16:55.067+0900][gc,phases   ] GC(4)   Pre Evacuate Collection Set: 0.2ms
[2022-10-31T15:16:55.067+0900][gc,phases   ] GC(4)   Merge Heap Roots: 0.1ms
[2022-10-31T15:16:55.067+0900][gc,phases   ] GC(4)   Evacuate Collection Set: 4.9ms
[2022-10-31T15:16:55.067+0900][gc,phases   ] GC(4)   Post Evacuate Collection Set: 0.5ms
[2022-10-31T15:16:55.067+0900][gc,phases   ] GC(4)   Other: 6.4ms
[2022-10-31T15:16:55.067+0900][gc,heap     ] GC(4) Eden regions: 16->0(49)
[2022-10-31T15:16:55.067+0900][gc,heap     ] GC(4) Survivor regions: 6->2(7)
[2022-10-31T15:16:55.067+0900][gc,heap     ] GC(4) Old regions: 8->13
[2022-10-31T15:16:55.067+0900][gc,heap     ] GC(4) Archive regions: 2->2
[2022-10-31T15:16:55.067+0900][gc,heap     ] GC(4) Humongous regions: 129->129
[2022-10-31T15:16:55.067+0900][gc,metaspace] GC(4) Metaspace: 35787K(36096K)->35787K(36096K) NonClass: 31219K(31360K)->31219K(31360K) Class: 4567K(4736K)->4567K(4736K)
[2022-10-31T15:16:55.067+0900][gc          ] GC(4) Pause Young (Concurrent Start) (Metadata GC Threshold) 157M->143M(1024M) 12.118ms
[2022-10-31T15:16:55.067+0900][gc,cpu      ] GC(4) User=0.02s Sys=0.01s Real=0.01s
[2022-10-31T15:16:55.067+0900][gc          ] GC(5) Concurrent Mark Cycle
[2022-10-31T15:16:55.067+0900][gc,marking  ] GC(5) Concurrent Clear Claimed Marks
[2022-10-31T15:16:55.067+0900][gc,marking  ] GC(5) Concurrent Clear Claimed Marks 0.021ms
[2022-10-31T15:16:55.067+0900][gc,marking  ] GC(5) Concurrent Scan Root Regions
[2022-10-31T15:16:55.069+0900][gc,marking  ] GC(5) Concurrent Scan Root Regions 2.111ms
[2022-10-31T15:16:55.069+0900][gc,marking  ] GC(5) Concurrent Mark
[2022-10-31T15:16:55.069+0900][gc,marking  ] GC(5) Concurrent Mark From Roots
[2022-10-31T15:16:55.069+0900][gc,task     ] GC(5) Using 2 workers of 2 for marking
[2022-10-31T15:16:55.072+0900][gc,marking  ] GC(5) Concurrent Mark From Roots 3.220ms
[2022-10-31T15:16:55.072+0900][gc,marking  ] GC(5) Concurrent Preclean
[2022-10-31T15:16:55.072+0900][gc,marking  ] GC(5) Concurrent Preclean 0.054ms
[2022-10-31T15:16:55.073+0900][gc,start    ] GC(5) Pause Remark
[2022-10-31T15:16:55.087+0900][gc          ] GC(5) Pause Remark 143M->143M(1024M) 14.353ms
[2022-10-31T15:16:55.087+0900][gc,cpu      ] GC(5) User=0.03s Sys=0.03s Real=0.01s
[2022-10-31T15:16:55.087+0900][gc,marking  ] GC(5) Concurrent Mark 17.948ms
[2022-10-31T15:16:55.087+0900][gc,marking  ] GC(5) Concurrent Rebuild Remembered Sets
[2022-10-31T15:16:55.090+0900][gc,marking  ] GC(5) Concurrent Rebuild Remembered Sets 3.237ms
[2022-10-31T15:16:55.091+0900][gc,start    ] GC(5) Pause Cleanup
[2022-10-31T15:16:55.091+0900][gc          ] GC(5) Pause Cleanup 143M->143M(1024M) 0.100ms
[2022-10-31T15:16:55.091+0900][gc,cpu      ] GC(5) User=0.00s Sys=0.00s Real=0.00s
[2022-10-31T15:16:55.091+0900][gc,marking  ] GC(5) Concurrent Cleanup for Next Mark
[2022-10-31T15:16:55.095+0900][gc,marking  ] GC(5) Concurrent Cleanup for Next Mark 4.374ms
[2022-10-31T15:16:55.095+0900][gc          ] GC(5) Concurrent Mark Cycle 28.495ms
[2022-10-31T15:30:04.555+0900][gc,start    ] GC(6) Pause Young (Normal) (G1 Evacuation Pause)
[2022-10-31T15:30:04.556+0900][gc,task     ] GC(6) Using 8 workers of 8 for evacuation
[2022-10-31T15:30:04.594+0900][gc,mmu      ] GC(6) MMU target violated: 21.0ms (20.0ms/21.0ms)
[2022-10-31T15:30:04.594+0900][gc,phases   ] GC(6)   Pre Evacuate Collection Set: 0.9ms
[2022-10-31T15:30:04.594+0900][gc,phases   ] GC(6)   Merge Heap Roots: 0.3ms
[2022-10-31T15:30:04.594+0900][gc,phases   ] GC(6)   Evacuate Collection Set: 32.7ms
[2022-10-31T15:30:04.594+0900][gc,phases   ] GC(6)   Post Evacuate Collection Set: 4.2ms
[2022-10-31T15:30:04.595+0900][gc,phases   ] GC(6)   Other: 1.7ms
[2022-10-31T15:30:04.595+0900][gc,heap     ] GC(6) Eden regions: 49->0(48)
[2022-10-31T15:30:04.595+0900][gc,heap     ] GC(6) Survivor regions: 2->3(7)
[2022-10-31T15:30:04.595+0900][gc,heap     ] GC(6) Old regions: 13->13
[2022-10-31T15:30:04.595+0900][gc,heap     ] GC(6) Archive regions: 2->2
[2022-10-31T15:30:04.595+0900][gc,heap     ] GC(6) Humongous regions: 129->129
[2022-10-31T15:30:04.595+0900][gc,metaspace] GC(6) Metaspace: 39612K(40128K)->39612K(40128K) NonClass: 34552K(34816K)->34552K(34816K) Class: 5059K(5312K)->5059K(5312K)
[2022-10-31T15:30:04.595+0900][gc          ] GC(6) Pause Young (Normal) (G1 Evacuation Pause) 192M->144M(1024M) 39.870ms
[2022-10-31T15:30:04.595+0900][gc,cpu      ] GC(6) User=0.04s Sys=0.07s Real=0.04s
[2022-10-31T15:55:34.282+0900][gc,start    ] GC(7) Pause Young (Normal) (G1 Evacuation Pause)
[2022-10-31T15:55:34.284+0900][gc,task     ] GC(7) Using 8 workers of 8 for evacuation
[2022-10-31T15:55:34.320+0900][gc,mmu      ] GC(7) MMU target violated: 21.0ms (20.0ms/21.0ms)
[2022-10-31T15:55:34.324+0900][gc,phases   ] GC(7)   Pre Evacuate Collection Set: 1.0ms
[2022-10-31T15:55:34.324+0900][gc,phases   ] GC(7)   Merge Heap Roots: 0.2ms
[2022-10-31T15:55:34.324+0900][gc,phases   ] GC(7)   Evacuate Collection Set: 33.9ms
[2022-10-31T15:55:34.324+0900][gc,phases   ] GC(7)   Post Evacuate Collection Set: 1.3ms
[2022-10-31T15:55:34.324+0900][gc,phases   ] GC(7)   Other: 5.4ms
[2022-10-31T15:55:34.324+0900][gc,heap     ] GC(7) Eden regions: 48->0(48)
[2022-10-31T15:55:34.324+0900][gc,heap     ] GC(7) Survivor regions: 3->3(7)
[2022-10-31T15:55:34.324+0900][gc,heap     ] GC(7) Old regions: 13->13
[2022-10-31T15:55:34.324+0900][gc,heap     ] GC(7) Archive regions: 2->2
[2022-10-31T15:55:34.324+0900][gc,heap     ] GC(7) Humongous regions: 129->129
[2022-10-31T15:55:34.324+0900][gc,metaspace] GC(7) Metaspace: 39734K(40192K)->39734K(40192K) NonClass: 34673K(34880K)->34673K(34880K) Class: 5060K(5312K)->5060K(5312K)
[2022-10-31T15:55:34.324+0900][gc          ] GC(7) Pause Young (Normal) (G1 Evacuation Pause) 192M->144M(1024M) 41.935ms
[2022-10-31T15:55:34.324+0900][gc,cpu      ] GC(7) User=0.05s Sys=0.04s Real=0.04s
[2022-10-31T16:22:11.399+0900][gc,start    ] GC(8) Pause Young (Normal) (G1 Evacuation Pause)
[2022-10-31T16:22:11.401+0900][gc,task     ] GC(8) Using 8 workers of 8 for evacuation
[2022-10-31T16:22:11.431+0900][gc,mmu      ] GC(8) MMU target violated: 21.0ms (20.0ms/21.0ms)
[2022-10-31T16:22:11.431+0900][gc,phases   ] GC(8)   Pre Evacuate Collection Set: 0.7ms
[2022-10-31T16:22:11.431+0900][gc,phases   ] GC(8)   Merge Heap Roots: 0.1ms
[2022-10-31T16:22:11.431+0900][gc,phases   ] GC(8)   Evacuate Collection Set: 28.4ms
[2022-10-31T16:22:11.431+0900][gc,phases   ] GC(8)   Post Evacuate Collection Set: 1.0ms
[2022-10-31T16:22:11.431+0900][gc,phases   ] GC(8)   Other: 2.0ms
[2022-10-31T16:22:11.431+0900][gc,heap     ] GC(8) Eden regions: 48->0(48)
[2022-10-31T16:22:11.431+0900][gc,heap     ] GC(8) Survivor regions: 3->3(7)
[2022-10-31T16:22:11.431+0900][gc,heap     ] GC(8) Old regions: 13->13
[2022-10-31T16:22:11.431+0900][gc,heap     ] GC(8) Archive regions: 2->2
[2022-10-31T16:22:11.431+0900][gc,heap     ] GC(8) Humongous regions: 129->129
[2022-10-31T16:22:11.431+0900][gc,metaspace] GC(8) Metaspace: 39863K(40384K)->39863K(40384K) NonClass: 34796K(35072K)->34796K(35072K) Class: 5067K(5312K)->5067K(5312K)
[2022-10-31T16:22:11.431+0900][gc          ] GC(8) Pause Young (Normal) (G1 Evacuation Pause) 192M->144M(1024M) 32.149ms
[2022-10-31T16:22:11.431+0900][gc,cpu      ] GC(8) User=0.04s Sys=0.04s Real=0.04s
[2022-10-31T16:50:54.828+0900][gc,start    ] GC(9) Pause Young (Normal) (G1 Evacuation Pause)
[2022-10-31T16:50:54.830+0900][gc,task     ] GC(9) Using 8 workers of 8 for evacuation
[2022-10-31T16:50:54.854+0900][gc,mmu      ] GC(9) MMU target violated: 21.0ms (20.0ms/21.0ms)
[2022-10-31T16:50:54.854+0900][gc,phases   ] GC(9)   Pre Evacuate Collection Set: 0.6ms
[2022-10-31T16:50:54.854+0900][gc,phases   ] GC(9)   Merge Heap Roots: 0.2ms
[2022-10-31T16:50:54.854+0900][gc,phases   ] GC(9)   Evacuate Collection Set: 21.7ms
[2022-10-31T16:50:54.854+0900][gc,phases   ] GC(9)   Post Evacuate Collection Set: 1.2ms
[2022-10-31T16:50:54.854+0900][gc,phases   ] GC(9)   Other: 2.0ms
[2022-10-31T16:50:54.854+0900][gc,heap     ] GC(9) Eden regions: 48->0(48)
[2022-10-31T16:50:54.854+0900][gc,heap     ] GC(9) Survivor regions: 3->3(7)
[2022-10-31T16:50:54.854+0900][gc,heap     ] GC(9) Old regions: 13->13
[2022-10-31T16:50:54.854+0900][gc,heap     ] GC(9) Archive regions: 2->2
[2022-10-31T16:50:54.854+0900][gc,heap     ] GC(9) Humongous regions: 129->129
[2022-10-31T16:50:54.854+0900][gc,metaspace] GC(9) Metaspace: 39911K(40384K)->39911K(40384K) NonClass: 34843K(35072K)->34843K(35072K) Class: 5067K(5312K)->5067K(5312K)
[2022-10-31T16:50:54.854+0900][gc          ] GC(9) Pause Young (Normal) (G1 Evacuation Pause) 192M->144M(1024M) 25.736ms
[2022-10-31T16:50:54.854+0900][gc,cpu      ] GC(9) User=0.03s Sys=0.03s Real=0.03s
[2022-10-31T17:17:55.887+0900][gc,start    ] GC(10) Pause Young (Normal) (G1 Evacuation Pause)
[2022-10-31T17:17:55.887+0900][gc,task     ] GC(10) Using 8 workers of 8 for evacuation
[2022-10-31T17:17:55.917+0900][gc,mmu      ] GC(10) MMU target violated: 21.0ms (20.0ms/21.0ms)
[2022-10-31T17:17:55.917+0900][gc,phases   ] GC(10)   Pre Evacuate Collection Set: 0.7ms
[2022-10-31T17:17:55.917+0900][gc,phases   ] GC(10)   Merge Heap Roots: 0.2ms
[2022-10-31T17:17:55.917+0900][gc,phases   ] GC(10)   Evacuate Collection Set: 27.3ms
[2022-10-31T17:17:55.917+0900][gc,phases   ] GC(10)   Post Evacuate Collection Set: 1.0ms
[2022-10-31T17:17:55.917+0900][gc,phases   ] GC(10)   Other: 1.0ms
[2022-10-31T17:17:55.917+0900][gc,heap     ] GC(10) Eden regions: 48->0(64)
[2022-10-31T17:17:55.917+0900][gc,heap     ] GC(10) Survivor regions: 3->3(7)
[2022-10-31T17:17:55.917+0900][gc,heap     ] GC(10) Old regions: 13->13
[2022-10-31T17:17:55.917+0900][gc,heap     ] GC(10) Archive regions: 2->2
[2022-10-31T17:17:55.917+0900][gc,heap     ] GC(10) Humongous regions: 129->129
[2022-10-31T17:17:55.917+0900][gc,metaspace] GC(10) Metaspace: 39937K(40384K)->39937K(40384K) NonClass: 34870K(35072K)->34870K(35072K) Class: 5067K(5312K)->5067K(5312K)
[2022-10-31T17:17:55.917+0900][gc          ] GC(10) Pause Young (Normal) (G1 Evacuation Pause) 192M->144M(1024M) 30.185ms
[2022-10-31T17:17:55.917+0900][gc,cpu      ] GC(10) User=0.03s Sys=0.04s Real=0.03s
[2022-10-31T17:58:34.845+0900][gc,start    ] GC(11) Pause Young (Normal) (G1 Evacuation Pause)
[2022-10-31T17:58:34.846+0900][gc,task     ] GC(11) Using 8 workers of 8 for evacuation
[2022-10-31T17:58:34.892+0900][gc,mmu      ] GC(11) MMU target violated: 21.0ms (20.0ms/21.0ms)
[2022-10-31T17:58:34.892+0900][gc,phases   ] GC(11)   Pre Evacuate Collection Set: 1.1ms
[2022-10-31T17:58:34.892+0900][gc,phases   ] GC(11)   Merge Heap Roots: 0.2ms
[2022-10-31T17:58:34.892+0900][gc,phases   ] GC(11)   Evacuate Collection Set: 39.8ms
[2022-10-31T17:58:34.892+0900][gc,phases   ] GC(11)   Post Evacuate Collection Set: 3.9ms
[2022-10-31T17:58:34.892+0900][gc,phases   ] GC(11)   Other: 1.9ms
[2022-10-31T17:58:34.892+0900][gc,heap     ] GC(11) Eden regions: 64->0(394)
[2022-10-31T17:58:34.892+0900][gc,heap     ] GC(11) Survivor regions: 3->3(9)
[2022-10-31T17:58:34.892+0900][gc,heap     ] GC(11) Old regions: 13->13
[2022-10-31T17:58:34.892+0900][gc,heap     ] GC(11) Archive regions: 2->2
[2022-10-31T17:58:34.892+0900][gc,heap     ] GC(11) Humongous regions: 129->129
[2022-10-31T17:58:34.892+0900][gc,metaspace] GC(11) Metaspace: 39970K(40448K)->39970K(40448K) NonClass: 34902K(35136K)->34902K(35136K) Class: 5067K(5312K)->5067K(5312K)
[2022-10-31T17:58:34.892+0900][gc          ] GC(11) Pause Young (Normal) (G1 Evacuation Pause) 208M->144M(1024M) 46.929ms
[2022-10-31T17:58:34.892+0900][gc,cpu      ] GC(11) User=0.05s Sys=0.06s Real=0.05s
