[2022-11-02T09:32:07.364+0900][gc] Using G1
[2022-11-02T09:32:07.370+0900][gc,init] Version: 17.0.2+8-86 (release)
[2022-11-02T09:32:07.370+0900][gc,init] CPUs: 8 total, 8 available
[2022-11-02T09:32:07.370+0900][gc,init] Memory: 16384M
[2022-11-02T09:32:07.370+0900][gc,init] Large Page Support: Disabled
[2022-11-02T09:32:07.370+0900][gc,init] NUMA Support: Disabled
[2022-11-02T09:32:07.370+0900][gc,init] Compressed Oops: Enabled (Zero based)
[2022-11-02T09:32:07.370+0900][gc,init] Heap Region Size: 1M
[2022-11-02T09:32:07.370+0900][gc,init] Heap Min Capacity: 1G
[2022-11-02T09:32:07.370+0900][gc,init] Heap Initial Capacity: 1G
[2022-11-02T09:32:07.370+0900][gc,init] Heap Max Capacity: 1G
[2022-11-02T09:32:07.370+0900][gc,init] Pre-touch: Disabled
[2022-11-02T09:32:07.370+0900][gc,init] Parallel Workers: 8
[2022-11-02T09:32:07.370+0900][gc,init] Concurrent Workers: 2
[2022-11-02T09:32:07.370+0900][gc,init] Concurrent Refinement Workers: 8
[2022-11-02T09:32:07.370+0900][gc,init] Periodic GC: Disabled
[2022-11-02T09:32:07.370+0900][gc,metaspace] CDS archive(s) mapped at: [0x0000000800000000-0x0000000800bd4000-0x0000000800bd4000), size 12402688, SharedBaseAddress: 0x0000000800000000, ArchiveRelocationMode: 0.
[2022-11-02T09:32:07.370+0900][gc,metaspace] Compressed class space mapped at: 0x0000000800c00000-0x0000000840c00000, reserved size: 1073741824
[2022-11-02T09:32:07.370+0900][gc,metaspace] Narrow klass base: 0x0000000800000000, Narrow klass shift: 0, Narrow klass range: 0x100000000
[2022-11-02T09:32:10.790+0900][gc,start    ] GC(0) Pause Young (Normal) (G1 Evacuation Pause)
[2022-11-02T09:32:10.791+0900][gc,task     ] GC(0) Using 8 workers of 8 for evacuation
[2022-11-02T09:32:10.804+0900][gc,phases   ] GC(0)   Pre Evacuate Collection Set: 0.1ms
[2022-11-02T09:32:10.804+0900][gc,phases   ] GC(0)   Merge Heap Roots: 0.0ms
[2022-11-02T09:32:10.804+0900][gc,phases   ] GC(0)   Evacuate Collection Set: 12.4ms
[2022-11-02T09:32:10.804+0900][gc,phases   ] GC(0)   Post Evacuate Collection Set: 0.7ms
[2022-11-02T09:32:10.804+0900][gc,phases   ] GC(0)   Other: 0.7ms
[2022-11-02T09:32:10.804+0900][gc,heap     ] GC(0) Eden regions: 51->0(44)
[2022-11-02T09:32:10.804+0900][gc,heap     ] GC(0) Survivor regions: 0->7(7)
[2022-11-02T09:32:10.804+0900][gc,heap     ] GC(0) Old regions: 0->1
[2022-11-02T09:32:10.804+0900][gc,heap     ] GC(0) Archive regions: 2->2
[2022-11-02T09:32:10.804+0900][gc,heap     ] GC(0) Humongous regions: 0->0
[2022-11-02T09:32:10.804+0900][gc,metaspace] GC(0) Metaspace: 18880K(19072K)->18880K(19072K) NonClass: 16429K(16512K)->16429K(16512K) Class: 2451K(2560K)->2451K(2560K)
[2022-11-02T09:32:10.804+0900][gc          ] GC(0) Pause Young (Normal) (G1 Evacuation Pause) 51M->8M(1024M) 14.075ms
[2022-11-02T09:32:10.804+0900][gc,cpu      ] GC(0) User=0.03s Sys=0.01s Real=0.01s
[2022-11-02T09:32:11.187+0900][gc,start    ] GC(1) Pause Young (Concurrent Start) (Metadata GC Threshold)
[2022-11-02T09:32:11.187+0900][gc,task     ] GC(1) Using 8 workers of 8 for evacuation
[2022-11-02T09:32:11.208+0900][gc,mmu      ] GC(1) MMU target violated: 21.0ms (20.0ms/21.0ms)
[2022-11-02T09:32:11.208+0900][gc,phases   ] GC(1)   Pre Evacuate Collection Set: 0.2ms
[2022-11-02T09:32:11.208+0900][gc,phases   ] GC(1)   Merge Heap Roots: 0.2ms
[2022-11-02T09:32:11.208+0900][gc,phases   ] GC(1)   Evacuate Collection Set: 17.0ms
[2022-11-02T09:32:11.208+0900][gc,phases   ] GC(1)   Post Evacuate Collection Set: 1.2ms
[2022-11-02T09:32:11.208+0900][gc,phases   ] GC(1)   Other: 2.6ms
[2022-11-02T09:32:11.208+0900][gc,heap     ] GC(1) Eden regions: 10->0(50)
[2022-11-02T09:32:11.208+0900][gc,heap     ] GC(1) Survivor regions: 7->1(7)
[2022-11-02T09:32:11.208+0900][gc,heap     ] GC(1) Old regions: 1->7
[2022-11-02T09:32:11.208+0900][gc,heap     ] GC(1) Archive regions: 2->2
[2022-11-02T09:32:11.208+0900][gc,heap     ] GC(1) Humongous regions: 0->0
[2022-11-02T09:32:11.208+0900][gc,metaspace] GC(1) Metaspace: 21275K(21504K)->21275K(21504K) NonClass: 18413K(18496K)->18413K(18496K) Class: 2862K(3008K)->2862K(3008K)
[2022-11-02T09:32:11.208+0900][gc          ] GC(1) Pause Young (Concurrent Start) (Metadata GC Threshold) 17M->8M(1024M) 21.318ms
[2022-11-02T09:32:11.208+0900][gc,cpu      ] GC(1) User=0.02s Sys=0.01s Real=0.02s
[2022-11-02T09:32:11.209+0900][gc          ] GC(2) Concurrent Mark Cycle
[2022-11-02T09:32:11.211+0900][gc,marking  ] GC(2) Concurrent Clear Claimed Marks
[2022-11-02T09:32:11.211+0900][gc,marking  ] GC(2) Concurrent Clear Claimed Marks 1.291ms
[2022-11-02T09:32:11.211+0900][gc,marking  ] GC(2) Concurrent Scan Root Regions
[2022-11-02T09:32:11.215+0900][gc,marking  ] GC(2) Concurrent Scan Root Regions 3.993ms
[2022-11-02T09:32:11.216+0900][gc,marking  ] GC(2) Concurrent Mark
[2022-11-02T09:32:11.216+0900][gc,marking  ] GC(2) Concurrent Mark From Roots
[2022-11-02T09:32:11.216+0900][gc,task     ] GC(2) Using 2 workers of 2 for marking
[2022-11-02T09:32:11.217+0900][gc,marking  ] GC(2) Concurrent Mark From Roots 1.147ms
[2022-11-02T09:32:11.217+0900][gc,marking  ] GC(2) Concurrent Preclean
[2022-11-02T09:32:11.217+0900][gc,marking  ] GC(2) Concurrent Preclean 0.028ms
[2022-11-02T09:32:11.217+0900][gc,start    ] GC(2) Pause Remark
[2022-11-02T09:32:11.229+0900][gc          ] GC(2) Pause Remark 9M->9M(1024M) 11.777ms
[2022-11-02T09:32:11.229+0900][gc,cpu      ] GC(2) User=0.01s Sys=0.01s Real=0.01s
[2022-11-02T09:32:11.229+0900][gc,marking  ] GC(2) Concurrent Mark 13.815ms
[2022-11-02T09:32:11.229+0900][gc,marking  ] GC(2) Concurrent Rebuild Remembered Sets
[2022-11-02T09:32:11.229+0900][gc,marking  ] GC(2) Concurrent Rebuild Remembered Sets 0.007ms
[2022-11-02T09:32:11.230+0900][gc,start    ] GC(2) Pause Cleanup
[2022-11-02T09:32:11.230+0900][gc          ] GC(2) Pause Cleanup 9M->9M(1024M) 0.063ms
[2022-11-02T09:32:11.230+0900][gc,cpu      ] GC(2) User=0.00s Sys=0.00s Real=0.00s
[2022-11-02T09:32:11.230+0900][gc,marking  ] GC(2) Concurrent Cleanup for Next Mark
[2022-11-02T09:32:11.235+0900][gc,marking  ] GC(2) Concurrent Cleanup for Next Mark 5.339ms
[2022-11-02T09:32:11.235+0900][gc          ] GC(2) Concurrent Mark Cycle 26.741ms
[2022-11-02T09:32:12.548+0900][gc,start    ] GC(3) Pause Young (Normal) (GCLocker Initiated GC)
[2022-11-02T09:32:12.548+0900][gc,task     ] GC(3) Using 8 workers of 8 for evacuation
[2022-11-02T09:32:12.566+0900][gc,phases   ] GC(3)   Pre Evacuate Collection Set: 0.1ms
[2022-11-02T09:32:12.566+0900][gc,phases   ] GC(3)   Merge Heap Roots: 0.0ms
[2022-11-02T09:32:12.566+0900][gc,phases   ] GC(3)   Evacuate Collection Set: 16.8ms
[2022-11-02T09:32:12.566+0900][gc,phases   ] GC(3)   Post Evacuate Collection Set: 0.5ms
[2022-11-02T09:32:12.566+0900][gc,phases   ] GC(3)   Other: 0.1ms
[2022-11-02T09:32:12.566+0900][gc,heap     ] GC(3) Eden regions: 50->0(45)
[2022-11-02T09:32:12.566+0900][gc,heap     ] GC(3) Survivor regions: 1->6(7)
[2022-11-02T09:32:12.566+0900][gc,heap     ] GC(3) Old regions: 7->7
[2022-11-02T09:32:12.566+0900][gc,heap     ] GC(3) Archive regions: 2->2
[2022-11-02T09:32:12.566+0900][gc,heap     ] GC(3) Humongous regions: 129->129
[2022-11-02T09:32:12.566+0900][gc,metaspace] GC(3) Metaspace: 32806K(33088K)->32806K(33088K) NonClass: 28799K(28928K)->28799K(28928K) Class: 4006K(4160K)->4006K(4160K)
[2022-11-02T09:32:12.566+0900][gc          ] GC(3) Pause Young (Normal) (GCLocker Initiated GC) 187M->142M(1024M) 17.727ms
[2022-11-02T09:32:12.566+0900][gc,cpu      ] GC(3) User=0.01s Sys=0.00s Real=0.02s
[2022-11-02T09:32:13.318+0900][gc,start    ] GC(4) Pause Young (Concurrent Start) (Metadata GC Threshold)
[2022-11-02T09:32:13.318+0900][gc,task     ] GC(4) Using 8 workers of 8 for evacuation
[2022-11-02T09:32:13.333+0900][gc,phases   ] GC(4)   Pre Evacuate Collection Set: 0.1ms
[2022-11-02T09:32:13.333+0900][gc,phases   ] GC(4)   Merge Heap Roots: 0.1ms
[2022-11-02T09:32:13.333+0900][gc,phases   ] GC(4)   Evacuate Collection Set: 14.1ms
[2022-11-02T09:32:13.333+0900][gc,phases   ] GC(4)   Post Evacuate Collection Set: 0.4ms
[2022-11-02T09:32:13.333+0900][gc,phases   ] GC(4)   Other: 0.1ms
[2022-11-02T09:32:13.333+0900][gc,heap     ] GC(4) Eden regions: 16->0(49)
[2022-11-02T09:32:13.333+0900][gc,heap     ] GC(4) Survivor regions: 6->2(7)
[2022-11-02T09:32:13.333+0900][gc,heap     ] GC(4) Old regions: 7->13
[2022-11-02T09:32:13.333+0900][gc,heap     ] GC(4) Archive regions: 2->2
[2022-11-02T09:32:13.333+0900][gc,heap     ] GC(4) Humongous regions: 129->129
[2022-11-02T09:32:13.333+0900][gc,metaspace] GC(4) Metaspace: 35625K(35968K)->35625K(35968K) NonClass: 31022K(31232K)->31022K(31232K) Class: 4603K(4736K)->4603K(4736K)
[2022-11-02T09:32:13.333+0900][gc          ] GC(4) Pause Young (Concurrent Start) (Metadata GC Threshold) 157M->143M(1024M) 14.937ms
[2022-11-02T09:32:13.333+0900][gc,cpu      ] GC(4) User=0.01s Sys=0.00s Real=0.02s
[2022-11-02T09:32:13.333+0900][gc          ] GC(5) Concurrent Mark Cycle
[2022-11-02T09:32:13.333+0900][gc,marking  ] GC(5) Concurrent Clear Claimed Marks
[2022-11-02T09:32:13.333+0900][gc,marking  ] GC(5) Concurrent Clear Claimed Marks 0.023ms
[2022-11-02T09:32:13.333+0900][gc,marking  ] GC(5) Concurrent Scan Root Regions
[2022-11-02T09:32:13.335+0900][gc,marking  ] GC(5) Concurrent Scan Root Regions 1.857ms
[2022-11-02T09:32:13.335+0900][gc,marking  ] GC(5) Concurrent Mark
[2022-11-02T09:32:13.335+0900][gc,marking  ] GC(5) Concurrent Mark From Roots
[2022-11-02T09:32:13.335+0900][gc,task     ] GC(5) Using 2 workers of 2 for marking
[2022-11-02T09:32:13.355+0900][gc,marking  ] GC(5) Concurrent Mark From Roots 19.897ms
[2022-11-02T09:32:13.355+0900][gc,marking  ] GC(5) Concurrent Preclean
[2022-11-02T09:32:13.355+0900][gc,marking  ] GC(5) Concurrent Preclean 0.089ms
[2022-11-02T09:32:13.355+0900][gc,start    ] GC(5) Pause Remark
[2022-11-02T09:32:13.378+0900][gc,mmu      ] GC(5) MMU target violated: 21.0ms (20.0ms/21.0ms)
[2022-11-02T09:32:13.378+0900][gc          ] GC(5) Pause Remark 144M->144M(1024M) 22.844ms
[2022-11-02T09:32:13.378+0900][gc,cpu      ] GC(5) User=0.02s Sys=0.02s Real=0.02s
[2022-11-02T09:32:13.378+0900][gc,marking  ] GC(5) Concurrent Mark 43.100ms
[2022-11-02T09:32:13.378+0900][gc,marking  ] GC(5) Concurrent Rebuild Remembered Sets
[2022-11-02T09:32:13.381+0900][gc,marking  ] GC(5) Concurrent Rebuild Remembered Sets 3.413ms
[2022-11-02T09:32:13.382+0900][gc,start    ] GC(5) Pause Cleanup
[2022-11-02T09:32:13.382+0900][gc          ] GC(5) Pause Cleanup 144M->144M(1024M) 0.129ms
[2022-11-02T09:32:13.382+0900][gc,cpu      ] GC(5) User=0.00s Sys=0.00s Real=0.00s
[2022-11-02T09:32:13.392+0900][gc,marking  ] GC(5) Concurrent Cleanup for Next Mark
[2022-11-02T09:32:13.395+0900][gc,marking  ] GC(5) Concurrent Cleanup for Next Mark 3.244ms
[2022-11-02T09:32:13.395+0900][gc          ] GC(5) Concurrent Mark Cycle 62.235ms
[2022-11-02T09:42:10.326+0900][gc,start    ] GC(6) Pause Young (Normal) (G1 Evacuation Pause)
[2022-11-02T09:42:10.328+0900][gc,task     ] GC(6) Using 8 workers of 8 for evacuation
[2022-11-02T09:42:10.376+0900][gc,mmu      ] GC(6) MMU target violated: 21.0ms (20.0ms/21.0ms)
[2022-11-02T09:42:10.376+0900][gc,phases   ] GC(6)   Pre Evacuate Collection Set: 0.7ms
[2022-11-02T09:42:10.376+0900][gc,phases   ] GC(6)   Merge Heap Roots: 0.2ms
[2022-11-02T09:42:10.376+0900][gc,phases   ] GC(6)   Evacuate Collection Set: 46.0ms
[2022-11-02T09:42:10.376+0900][gc,phases   ] GC(6)   Post Evacuate Collection Set: 1.3ms
[2022-11-02T09:42:10.376+0900][gc,phases   ] GC(6)   Other: 1.7ms
[2022-11-02T09:42:10.376+0900][gc,heap     ] GC(6) Eden regions: 49->0(48)
[2022-11-02T09:42:10.376+0900][gc,heap     ] GC(6) Survivor regions: 2->3(7)
[2022-11-02T09:42:10.376+0900][gc,heap     ] GC(6) Old regions: 13->13
[2022-11-02T09:42:10.376+0900][gc,heap     ] GC(6) Archive regions: 2->2
[2022-11-02T09:42:10.376+0900][gc,heap     ] GC(6) Humongous regions: 129->129
[2022-11-02T09:42:10.376+0900][gc,metaspace] GC(6) Metaspace: 40914K(41472K)->40914K(41472K) NonClass: 35592K(35904K)->35592K(35904K) Class: 5321K(5568K)->5321K(5568K)
[2022-11-02T09:42:10.377+0900][gc          ] GC(6) Pause Young (Normal) (G1 Evacuation Pause) 192M->145M(1024M) 50.057ms
[2022-11-02T09:42:10.377+0900][gc,cpu      ] GC(6) User=0.04s Sys=0.06s Real=0.05s
[2022-11-02T10:02:08.648+0900][gc,start    ] GC(7) Pause Young (Normal) (G1 Evacuation Pause)
[2022-11-02T10:02:08.649+0900][gc,task     ] GC(7) Using 8 workers of 8 for evacuation
[2022-11-02T10:02:08.687+0900][gc,mmu      ] GC(7) MMU target violated: 21.0ms (20.0ms/21.0ms)
[2022-11-02T10:02:08.688+0900][gc,phases   ] GC(7)   Pre Evacuate Collection Set: 0.9ms
[2022-11-02T10:02:08.688+0900][gc,phases   ] GC(7)   Merge Heap Roots: 0.2ms
[2022-11-02T10:02:08.688+0900][gc,phases   ] GC(7)   Evacuate Collection Set: 35.5ms
[2022-11-02T10:02:08.688+0900][gc,phases   ] GC(7)   Post Evacuate Collection Set: 1.4ms
[2022-11-02T10:02:08.688+0900][gc,phases   ] GC(7)   Other: 1.5ms
[2022-11-02T10:02:08.688+0900][gc,heap     ] GC(7) Eden regions: 48->0(47)
[2022-11-02T10:02:08.688+0900][gc,heap     ] GC(7) Survivor regions: 3->4(7)
[2022-11-02T10:02:08.688+0900][gc,heap     ] GC(7) Old regions: 13->13
[2022-11-02T10:02:08.688+0900][gc,heap     ] GC(7) Archive regions: 2->2
[2022-11-02T10:02:08.688+0900][gc,heap     ] GC(7) Humongous regions: 129->129
[2022-11-02T10:02:08.688+0900][gc,metaspace] GC(7) Metaspace: 41914K(42560K)->41914K(42560K) NonClass: 36462K(36800K)->36462K(36800K) Class: 5452K(5760K)->5452K(5760K)
[2022-11-02T10:02:08.688+0900][gc          ] GC(7) Pause Young (Normal) (G1 Evacuation Pause) 193M->145M(1024M) 39.538ms
[2022-11-02T10:02:08.688+0900][gc,cpu      ] GC(7) User=0.05s Sys=0.05s Real=0.04s
[2022-11-02T10:22:17.983+0900][gc,start    ] GC(8) Pause Young (Normal) (G1 Evacuation Pause)
[2022-11-02T10:22:17.984+0900][gc,task     ] GC(8) Using 8 workers of 8 for evacuation
[2022-11-02T10:22:18.027+0900][gc,mmu      ] GC(8) MMU target violated: 21.0ms (20.0ms/21.0ms)
[2022-11-02T10:22:18.027+0900][gc,phases   ] GC(8)   Pre Evacuate Collection Set: 0.7ms
[2022-11-02T10:22:18.027+0900][gc,phases   ] GC(8)   Merge Heap Roots: 0.2ms
[2022-11-02T10:22:18.027+0900][gc,phases   ] GC(8)   Evacuate Collection Set: 40.1ms
[2022-11-02T10:22:18.027+0900][gc,phases   ] GC(8)   Post Evacuate Collection Set: 1.9ms
[2022-11-02T10:22:18.027+0900][gc,phases   ] GC(8)   Other: 1.2ms
[2022-11-02T10:22:18.027+0900][gc,heap     ] GC(8) Eden regions: 47->0(47)
[2022-11-02T10:22:18.027+0900][gc,heap     ] GC(8) Survivor regions: 4->4(7)
[2022-11-02T10:22:18.027+0900][gc,heap     ] GC(8) Old regions: 13->13
[2022-11-02T10:22:18.027+0900][gc,heap     ] GC(8) Archive regions: 2->2
[2022-11-02T10:22:18.027+0900][gc,heap     ] GC(8) Humongous regions: 129->129
[2022-11-02T10:22:18.027+0900][gc,metaspace] GC(8) Metaspace: 42009K(42624K)->42009K(42624K) NonClass: 36552K(36864K)->36552K(36864K) Class: 5456K(5760K)->5456K(5760K)
[2022-11-02T10:22:18.027+0900][gc          ] GC(8) Pause Young (Normal) (G1 Evacuation Pause) 192M->146M(1024M) 44.021ms
[2022-11-02T10:22:18.027+0900][gc,cpu      ] GC(8) User=0.06s Sys=0.07s Real=0.04s
[2022-11-02T10:41:47.555+0900][gc,start    ] GC(9) Pause Young (Normal) (G1 Evacuation Pause)
[2022-11-02T10:41:47.556+0900][gc,task     ] GC(9) Using 8 workers of 8 for evacuation
[2022-11-02T10:41:47.597+0900][gc,mmu      ] GC(9) MMU target violated: 21.0ms (20.0ms/21.0ms)
[2022-11-02T10:41:47.597+0900][gc,phases   ] GC(9)   Pre Evacuate Collection Set: 1.0ms
[2022-11-02T10:41:47.597+0900][gc,phases   ] GC(9)   Merge Heap Roots: 0.2ms
[2022-11-02T10:41:47.597+0900][gc,phases   ] GC(9)   Evacuate Collection Set: 37.4ms
[2022-11-02T10:41:47.597+0900][gc,phases   ] GC(9)   Post Evacuate Collection Set: 1.5ms
[2022-11-02T10:41:47.597+0900][gc,phases   ] GC(9)   Other: 2.7ms
[2022-11-02T10:41:47.597+0900][gc,heap     ] GC(9) Eden regions: 47->0(47)
[2022-11-02T10:41:47.597+0900][gc,heap     ] GC(9) Survivor regions: 4->4(7)
[2022-11-02T10:41:47.597+0900][gc,heap     ] GC(9) Old regions: 13->13
[2022-11-02T10:41:47.597+0900][gc,heap     ] GC(9) Archive regions: 2->2
[2022-11-02T10:41:47.597+0900][gc,heap     ] GC(9) Humongous regions: 129->129
[2022-11-02T10:41:47.597+0900][gc,metaspace] GC(9) Metaspace: 42174K(42816K)->42174K(42816K) NonClass: 36703K(37056K)->36703K(37056K) Class: 5471K(5760K)->5471K(5760K)
[2022-11-02T10:41:47.598+0900][gc          ] GC(9) Pause Young (Normal) (G1 Evacuation Pause) 193M->145M(1024M) 42.781ms
[2022-11-02T10:41:47.598+0900][gc,cpu      ] GC(9) User=0.06s Sys=0.07s Real=0.04s
[2022-11-02T11:02:04.022+0900][gc,start    ] GC(10) Pause Young (Normal) (G1 Evacuation Pause)
[2022-11-02T11:02:04.023+0900][gc,task     ] GC(10) Using 8 workers of 8 for evacuation
[2022-11-02T11:02:04.061+0900][gc,mmu      ] GC(10) MMU target violated: 21.0ms (20.0ms/21.0ms)
[2022-11-02T11:02:04.061+0900][gc,phases   ] GC(10)   Pre Evacuate Collection Set: 1.2ms
[2022-11-02T11:02:04.061+0900][gc,phases   ] GC(10)   Merge Heap Roots: 0.3ms
[2022-11-02T11:02:04.061+0900][gc,phases   ] GC(10)   Evacuate Collection Set: 34.9ms
[2022-11-02T11:02:04.061+0900][gc,phases   ] GC(10)   Post Evacuate Collection Set: 1.7ms
[2022-11-02T11:02:04.062+0900][gc,phases   ] GC(10)   Other: 1.9ms
[2022-11-02T11:02:04.062+0900][gc,heap     ] GC(10) Eden regions: 47->0(47)
[2022-11-02T11:02:04.062+0900][gc,heap     ] GC(10) Survivor regions: 4->4(7)
[2022-11-02T11:02:04.062+0900][gc,heap     ] GC(10) Old regions: 13->13
[2022-11-02T11:02:04.062+0900][gc,heap     ] GC(10) Archive regions: 2->2
[2022-11-02T11:02:04.062+0900][gc,heap     ] GC(10) Humongous regions: 129->129
[2022-11-02T11:02:04.062+0900][gc,metaspace] GC(10) Metaspace: 42197K(42816K)->42197K(42816K) NonClass: 36725K(37056K)->36725K(37056K) Class: 5471K(5760K)->5471K(5760K)
[2022-11-02T11:02:04.062+0900][gc          ] GC(10) Pause Young (Normal) (G1 Evacuation Pause) 192M->146M(1024M) 39.867ms
[2022-11-02T11:02:04.062+0900][gc,cpu      ] GC(10) User=0.04s Sys=0.05s Real=0.04s
[2022-11-02T11:22:49.502+0900][gc,start    ] GC(11) Pause Young (Normal) (G1 Evacuation Pause)
[2022-11-02T11:22:49.504+0900][gc,task     ] GC(11) Using 8 workers of 8 for evacuation
[2022-11-02T11:22:49.540+0900][gc,mmu      ] GC(11) MMU target violated: 21.0ms (20.0ms/21.0ms)
[2022-11-02T11:22:49.540+0900][gc,phases   ] GC(11)   Pre Evacuate Collection Set: 0.8ms
[2022-11-02T11:22:49.540+0900][gc,phases   ] GC(11)   Merge Heap Roots: 0.3ms
[2022-11-02T11:22:49.540+0900][gc,phases   ] GC(11)   Evacuate Collection Set: 33.6ms
[2022-11-02T11:22:49.540+0900][gc,phases   ] GC(11)   Post Evacuate Collection Set: 1.5ms
[2022-11-02T11:22:49.540+0900][gc,phases   ] GC(11)   Other: 1.9ms
[2022-11-02T11:22:49.540+0900][gc,heap     ] GC(11) Eden regions: 47->0(47)
[2022-11-02T11:22:49.540+0900][gc,heap     ] GC(11) Survivor regions: 4->4(7)
[2022-11-02T11:22:49.540+0900][gc,heap     ] GC(11) Old regions: 13->13
[2022-11-02T11:22:49.540+0900][gc,heap     ] GC(11) Archive regions: 2->2
[2022-11-02T11:22:49.540+0900][gc,heap     ] GC(11) Humongous regions: 129->129
[2022-11-02T11:22:49.540+0900][gc,metaspace] GC(11) Metaspace: 42212K(42816K)->42212K(42816K) NonClass: 36741K(37056K)->36741K(37056K) Class: 5471K(5760K)->5471K(5760K)
[2022-11-02T11:22:49.540+0900][gc          ] GC(11) Pause Young (Normal) (G1 Evacuation Pause) 193M->145M(1024M) 38.211ms
[2022-11-02T11:22:49.541+0900][gc,cpu      ] GC(11) User=0.05s Sys=0.06s Real=0.04s
[2022-11-02T11:43:18.491+0900][gc,start    ] GC(12) Pause Young (Normal) (G1 Evacuation Pause)
[2022-11-02T11:43:18.492+0900][gc,task     ] GC(12) Using 8 workers of 8 for evacuation
[2022-11-02T11:43:18.534+0900][gc,mmu      ] GC(12) MMU target violated: 21.0ms (20.0ms/21.0ms)
[2022-11-02T11:43:18.534+0900][gc,phases   ] GC(12)   Pre Evacuate Collection Set: 0.5ms
[2022-11-02T11:43:18.534+0900][gc,phases   ] GC(12)   Merge Heap Roots: 0.2ms
[2022-11-02T11:43:18.534+0900][gc,phases   ] GC(12)   Evacuate Collection Set: 36.0ms
[2022-11-02T11:43:18.534+0900][gc,phases   ] GC(12)   Post Evacuate Collection Set: 5.1ms
[2022-11-02T11:43:18.534+0900][gc,phases   ] GC(12)   Other: 1.3ms
[2022-11-02T11:43:18.534+0900][gc,heap     ] GC(12) Eden regions: 47->0(47)
[2022-11-02T11:43:18.534+0900][gc,heap     ] GC(12) Survivor regions: 4->4(7)
[2022-11-02T11:43:18.534+0900][gc,heap     ] GC(12) Old regions: 13->13
[2022-11-02T11:43:18.534+0900][gc,heap     ] GC(12) Archive regions: 2->2
[2022-11-02T11:43:18.534+0900][gc,heap     ] GC(12) Humongous regions: 129->129
[2022-11-02T11:43:18.534+0900][gc,metaspace] GC(12) Metaspace: 42229K(42880K)->42229K(42880K) NonClass: 36758K(37120K)->36758K(37120K) Class: 5471K(5760K)->5471K(5760K)
[2022-11-02T11:43:18.535+0900][gc          ] GC(12) Pause Young (Normal) (G1 Evacuation Pause) 192M->146M(1024M) 43.255ms
[2022-11-02T11:43:18.535+0900][gc,cpu      ] GC(12) User=0.03s Sys=0.06s Real=0.04s
