[2022-10-31T15:16:49.728+0900][gc] Using G1
[2022-10-31T15:16:49.732+0900][gc,init] Version: 17.0.2+8-86 (release)
[2022-10-31T15:16:49.733+0900][gc,init] CPUs: 8 total, 8 available
[2022-10-31T15:16:49.733+0900][gc,init] Memory: 16384M
[2022-10-31T15:16:49.733+0900][gc,init] Large Page Support: Disabled
[2022-10-31T15:16:49.733+0900][gc,init] NUMA Support: Disabled
[2022-10-31T15:16:49.733+0900][gc,init] Compressed Oops: Enabled (Zero based)
[2022-10-31T15:16:49.733+0900][gc,init] Heap Region Size: 1M
[2022-10-31T15:16:49.733+0900][gc,init] Heap Min Capacity: 512M
[2022-10-31T15:16:49.733+0900][gc,init] Heap Initial Capacity: 512M
[2022-10-31T15:16:49.733+0900][gc,init] Heap Max Capacity: 512M
[2022-10-31T15:16:49.733+0900][gc,init] Pre-touch: Disabled
[2022-10-31T15:16:49.733+0900][gc,init] Parallel Workers: 8
[2022-10-31T15:16:49.733+0900][gc,init] Concurrent Workers: 2
[2022-10-31T15:16:49.733+0900][gc,init] Concurrent Refinement Workers: 8
[2022-10-31T15:16:49.733+0900][gc,init] Periodic GC: Disabled
[2022-10-31T15:16:49.734+0900][gc,metaspace] CDS archive(s) mapped at: [0x0000000800000000-0x0000000800bd4000-0x0000000800bd4000), size 12402688, SharedBaseAddress: 0x0000000800000000, ArchiveRelocationMode: 0.
[2022-10-31T15:16:49.734+0900][gc,metaspace] Compressed class space mapped at: 0x0000000800c00000-0x0000000840c00000, reserved size: 1073741824
[2022-10-31T15:16:49.734+0900][gc,metaspace] Narrow klass base: 0x0000000800000000, Narrow klass shift: 0, Narrow klass range: 0x100000000
[2022-10-31T15:16:51.834+0900][gc,start    ] GC(0) Pause Young (Normal) (G1 Evacuation Pause)
[2022-10-31T15:16:51.850+0900][gc,task     ] GC(0) Using 8 workers of 8 for evacuation
[2022-10-31T15:16:51.860+0900][gc,phases   ] GC(0)   Pre Evacuate Collection Set: 0.1ms
[2022-10-31T15:16:51.860+0900][gc,phases   ] GC(0)   Merge Heap Roots: 0.1ms
[2022-10-31T15:16:51.860+0900][gc,phases   ] GC(0)   Evacuate Collection Set: 8.3ms
[2022-10-31T15:16:51.860+0900][gc,phases   ] GC(0)   Post Evacuate Collection Set: 0.3ms
[2022-10-31T15:16:51.860+0900][gc,phases   ] GC(0)   Other: 17.1ms
[2022-10-31T15:16:51.860+0900][gc,heap     ] GC(0) Eden regions: 25->0(21)
[2022-10-31T15:16:51.860+0900][gc,heap     ] GC(0) Survivor regions: 0->4(4)
[2022-10-31T15:16:51.860+0900][gc,heap     ] GC(0) Old regions: 0->4
[2022-10-31T15:16:51.860+0900][gc,heap     ] GC(0) Archive regions: 2->2
[2022-10-31T15:16:51.860+0900][gc,heap     ] GC(0) Humongous regions: 0->0
[2022-10-31T15:16:51.860+0900][gc,metaspace] GC(0) Metaspace: 7799K(7936K)->7799K(7936K) NonClass: 6916K(6976K)->6916K(6976K) Class: 883K(960K)->883K(960K)
[2022-10-31T15:16:51.860+0900][gc          ] GC(0) Pause Young (Normal) (G1 Evacuation Pause) 25M->8M(512M) 25.582ms
[2022-10-31T15:16:51.860+0900][gc,cpu      ] GC(0) User=0.01s Sys=0.01s Real=0.03s
[2022-10-31T17:41:51.418+0900][gc,start    ] GC(1) Pause Young (Normal) (G1 Evacuation Pause)
[2022-10-31T17:41:51.418+0900][gc,task     ] GC(1) Using 8 workers of 8 for evacuation
[2022-10-31T17:41:51.461+0900][gc,mmu      ] GC(1) MMU target violated: 21.0ms (20.0ms/21.0ms)
[2022-10-31T17:41:51.462+0900][gc,phases   ] GC(1)   Pre Evacuate Collection Set: 1.1ms
[2022-10-31T17:41:51.462+0900][gc,phases   ] GC(1)   Merge Heap Roots: 0.2ms
[2022-10-31T17:41:51.462+0900][gc,phases   ] GC(1)   Evacuate Collection Set: 40.9ms
[2022-10-31T17:41:51.462+0900][gc,phases   ] GC(1)   Post Evacuate Collection Set: 0.6ms
[2022-10-31T17:41:51.462+0900][gc,phases   ] GC(1)   Other: 0.8ms
[2022-10-31T17:41:51.462+0900][gc,heap     ] GC(1) Eden regions: 21->0(24)
[2022-10-31T17:41:51.462+0900][gc,heap     ] GC(1) Survivor regions: 4->1(4)
[2022-10-31T17:41:51.462+0900][gc,heap     ] GC(1) Old regions: 4->8
[2022-10-31T17:41:51.462+0900][gc,heap     ] GC(1) Archive regions: 2->2
[2022-10-31T17:41:51.462+0900][gc,heap     ] GC(1) Humongous regions: 0->0
[2022-10-31T17:41:51.462+0900][gc,metaspace] GC(1) Metaspace: 8526K(8704K)->8526K(8704K) NonClass: 7620K(7680K)->7620K(7680K) Class: 906K(1024K)->906K(1024K)
[2022-10-31T17:41:51.462+0900][gc          ] GC(1) Pause Young (Normal) (G1 Evacuation Pause) 29M->8M(512M) 43.607ms
[2022-10-31T17:41:51.462+0900][gc,cpu      ] GC(1) User=0.02s Sys=0.05s Real=0.05s
[2022-10-31T18:01:16.451+0900][gc,heap,exit] Heap
[2022-10-31T18:01:16.453+0900][gc,heap,exit]  garbage-first heap   total 524288K, used 13946K [0x00000007e0000000, 0x0000000800000000)
[2022-10-31T18:01:16.453+0900][gc,heap,exit]   region size 1024K, 6 young (6144K), 1 survivors (1024K)
[2022-10-31T18:01:16.454+0900][gc,heap,exit]  Metaspace       used 8529K, committed 8704K, reserved 1064960K
[2022-10-31T18:01:16.454+0900][gc,heap,exit]   class space    used 906K, committed 1024K, reserved 1048576K
