[2022-11-02T15:03:55.033+0900][gc] Using G1
[2022-11-02T15:03:55.036+0900][gc,init] Version: 17.0.2+8-86 (release)
[2022-11-02T15:03:55.036+0900][gc,init] CPUs: 8 total, 8 available
[2022-11-02T15:03:55.036+0900][gc,init] Memory: 16384M
[2022-11-02T15:03:55.036+0900][gc,init] Large Page Support: Disabled
[2022-11-02T15:03:55.036+0900][gc,init] NUMA Support: Disabled
[2022-11-02T15:03:55.036+0900][gc,init] Compressed Oops: Enabled (Zero based)
[2022-11-02T15:03:55.036+0900][gc,init] Heap Region Size: 1M
[2022-11-02T15:03:55.036+0900][gc,init] Heap Min Capacity: 512M
[2022-11-02T15:03:55.036+0900][gc,init] Heap Initial Capacity: 512M
[2022-11-02T15:03:55.036+0900][gc,init] Heap Max Capacity: 512M
[2022-11-02T15:03:55.036+0900][gc,init] Pre-touch: Disabled
[2022-11-02T15:03:55.036+0900][gc,init] Parallel Workers: 8
[2022-11-02T15:03:55.036+0900][gc,init] Concurrent Workers: 2
[2022-11-02T15:03:55.036+0900][gc,init] Concurrent Refinement Workers: 8
[2022-11-02T15:03:55.036+0900][gc,init] Periodic GC: Disabled
[2022-11-02T15:03:55.036+0900][gc,metaspace] CDS archive(s) mapped at: [0x0000000800000000-0x0000000800bd4000-0x0000000800bd4000), size 12402688, SharedBaseAddress: 0x0000000800000000, ArchiveRelocationMode: 0.
[2022-11-02T15:03:55.036+0900][gc,metaspace] Compressed class space mapped at: 0x0000000800c00000-0x0000000840c00000, reserved size: 1073741824
[2022-11-02T15:03:55.036+0900][gc,metaspace] Narrow klass base: 0x0000000800000000, Narrow klass shift: 0, Narrow klass range: 0x100000000
[2022-11-02T15:03:57.023+0900][gc,start    ] GC(0) Pause Young (Normal) (G1 Evacuation Pause)
[2022-11-02T15:03:57.034+0900][gc,task     ] GC(0) Using 8 workers of 8 for evacuation
[2022-11-02T15:03:57.044+0900][gc,phases   ] GC(0)   Pre Evacuate Collection Set: 0.1ms
[2022-11-02T15:03:57.044+0900][gc,phases   ] GC(0)   Merge Heap Roots: 0.1ms
[2022-11-02T15:03:57.044+0900][gc,phases   ] GC(0)   Evacuate Collection Set: 9.4ms
[2022-11-02T15:03:57.044+0900][gc,phases   ] GC(0)   Post Evacuate Collection Set: 0.3ms
[2022-11-02T15:03:57.044+0900][gc,phases   ] GC(0)   Other: 11.2ms
[2022-11-02T15:03:57.044+0900][gc,heap     ] GC(0) Eden regions: 25->0(21)
[2022-11-02T15:03:57.044+0900][gc,heap     ] GC(0) Survivor regions: 0->4(4)
[2022-11-02T15:03:57.044+0900][gc,heap     ] GC(0) Old regions: 0->4
[2022-11-02T15:03:57.044+0900][gc,heap     ] GC(0) Archive regions: 2->2
[2022-11-02T15:03:57.044+0900][gc,heap     ] GC(0) Humongous regions: 0->0
[2022-11-02T15:03:57.044+0900][gc,metaspace] GC(0) Metaspace: 7801K(7936K)->7801K(7936K) NonClass: 6917K(6976K)->6917K(6976K) Class: 883K(960K)->883K(960K)
[2022-11-02T15:03:57.044+0900][gc          ] GC(0) Pause Young (Normal) (G1 Evacuation Pause) 25M->8M(512M) 21.156ms
[2022-11-02T15:03:57.045+0900][gc,cpu      ] GC(0) User=0.01s Sys=0.01s Real=0.02s
[2022-11-02T17:44:04.150+0900][gc,start    ] GC(1) Pause Young (Normal) (G1 Evacuation Pause)
[2022-11-02T17:44:04.151+0900][gc,task     ] GC(1) Using 8 workers of 8 for evacuation
[2022-11-02T17:44:04.200+0900][gc,mmu      ] GC(1) MMU target violated: 21.0ms (20.0ms/21.0ms)
[2022-11-02T17:44:04.200+0900][gc,phases   ] GC(1)   Pre Evacuate Collection Set: 0.7ms
[2022-11-02T17:44:04.200+0900][gc,phases   ] GC(1)   Merge Heap Roots: 0.2ms
[2022-11-02T17:44:04.200+0900][gc,phases   ] GC(1)   Evacuate Collection Set: 47.2ms
[2022-11-02T17:44:04.200+0900][gc,phases   ] GC(1)   Post Evacuate Collection Set: 0.6ms
[2022-11-02T17:44:04.200+0900][gc,phases   ] GC(1)   Other: 1.7ms
[2022-11-02T17:44:04.200+0900][gc,heap     ] GC(1) Eden regions: 21->0(24)
[2022-11-02T17:44:04.200+0900][gc,heap     ] GC(1) Survivor regions: 4->1(4)
[2022-11-02T17:44:04.200+0900][gc,heap     ] GC(1) Old regions: 4->8
[2022-11-02T17:44:04.200+0900][gc,heap     ] GC(1) Archive regions: 2->2
[2022-11-02T17:44:04.200+0900][gc,heap     ] GC(1) Humongous regions: 0->0
[2022-11-02T17:44:04.200+0900][gc,metaspace] GC(1) Metaspace: 8579K(8832K)->8579K(8832K) NonClass: 7673K(7808K)->7673K(7808K) Class: 906K(1024K)->906K(1024K)
[2022-11-02T17:44:04.200+0900][gc          ] GC(1) Pause Young (Normal) (G1 Evacuation Pause) 29M->8M(512M) 50.294ms
[2022-11-02T17:44:04.200+0900][gc,cpu      ] GC(1) User=0.06s Sys=0.06s Real=0.05s
[2022-11-02T17:49:03.345+0900][gc,heap,exit] Heap
[2022-11-02T17:49:03.347+0900][gc,heap,exit]  garbage-first heap   total 524288K, used 12073K [0x00000007e0000000, 0x0000000800000000)
[2022-11-02T17:49:03.347+0900][gc,heap,exit]   region size 1024K, 5 young (5120K), 1 survivors (1024K)
[2022-11-02T17:49:03.348+0900][gc,heap,exit]  Metaspace       used 8582K, committed 8832K, reserved 1064960K
[2022-11-02T17:49:03.348+0900][gc,heap,exit]   class space    used 906K, committed 1024K, reserved 1048576K
