[2022-11-03T18:46:40.375+0900][gc] Using G1
[2022-11-03T18:46:40.378+0900][gc,init] Version: 17.0.2+8-86 (release)
[2022-11-03T18:46:40.378+0900][gc,init] CPUs: 8 total, 8 available
[2022-11-03T18:46:40.378+0900][gc,init] Memory: 16384M
[2022-11-03T18:46:40.378+0900][gc,init] Large Page Support: Disabled
[2022-11-03T18:46:40.379+0900][gc,init] NUMA Support: Disabled
[2022-11-03T18:46:40.379+0900][gc,init] Compressed Oops: Enabled (Zero based)
[2022-11-03T18:46:40.379+0900][gc,init] Heap Region Size: 1M
[2022-11-03T18:46:40.379+0900][gc,init] Heap Min Capacity: 512M
[2022-11-03T18:46:40.379+0900][gc,init] Heap Initial Capacity: 512M
[2022-11-03T18:46:40.379+0900][gc,init] Heap Max Capacity: 512M
[2022-11-03T18:46:40.379+0900][gc,init] Pre-touch: Disabled
[2022-11-03T18:46:40.379+0900][gc,init] Parallel Workers: 8
[2022-11-03T18:46:40.379+0900][gc,init] Concurrent Workers: 2
[2022-11-03T18:46:40.379+0900][gc,init] Concurrent Refinement Workers: 8
[2022-11-03T18:46:40.379+0900][gc,init] Periodic GC: Disabled
[2022-11-03T18:46:40.379+0900][gc,metaspace] CDS archive(s) mapped at: [0x0000000800000000-0x0000000800bd4000-0x0000000800bd4000), size 12402688, SharedBaseAddress: 0x0000000800000000, ArchiveRelocationMode: 0.
[2022-11-03T18:46:40.379+0900][gc,metaspace] Compressed class space mapped at: 0x0000000800c00000-0x0000000840c00000, reserved size: 1073741824
[2022-11-03T18:46:40.379+0900][gc,metaspace] Narrow klass base: 0x0000000800000000, Narrow klass shift: 0, Narrow klass range: 0x100000000
[2022-11-03T18:46:42.445+0900][gc,start    ] GC(0) Pause Young (Normal) (G1 Evacuation Pause)
[2022-11-03T18:46:42.452+0900][gc,task     ] GC(0) Using 8 workers of 8 for evacuation
[2022-11-03T18:46:42.463+0900][gc,phases   ] GC(0)   Pre Evacuate Collection Set: 0.1ms
[2022-11-03T18:46:42.463+0900][gc,phases   ] GC(0)   Merge Heap Roots: 0.1ms
[2022-11-03T18:46:42.463+0900][gc,phases   ] GC(0)   Evacuate Collection Set: 10.4ms
[2022-11-03T18:46:42.463+0900][gc,phases   ] GC(0)   Post Evacuate Collection Set: 0.3ms
[2022-11-03T18:46:42.463+0900][gc,phases   ] GC(0)   Other: 8.0ms
[2022-11-03T18:46:42.463+0900][gc,heap     ] GC(0) Eden regions: 25->0(21)
[2022-11-03T18:46:42.463+0900][gc,heap     ] GC(0) Survivor regions: 0->4(4)
[2022-11-03T18:46:42.463+0900][gc,heap     ] GC(0) Old regions: 0->4
[2022-11-03T18:46:42.463+0900][gc,heap     ] GC(0) Archive regions: 2->2
[2022-11-03T18:46:42.463+0900][gc,heap     ] GC(0) Humongous regions: 0->0
[2022-11-03T18:46:42.463+0900][gc,metaspace] GC(0) Metaspace: 7796K(7936K)->7796K(7936K) NonClass: 6913K(6976K)->6913K(6976K) Class: 883K(960K)->883K(960K)
[2022-11-03T18:46:42.463+0900][gc          ] GC(0) Pause Young (Normal) (G1 Evacuation Pause) 25M->7M(512M) 18.589ms
[2022-11-03T18:46:42.463+0900][gc,cpu      ] GC(0) User=0.03s Sys=0.01s Real=0.02s
[2022-11-03T20:37:22.930+0900][gc,heap,exit] Heap
[2022-11-03T20:37:22.931+0900][gc,heap,exit]  garbage-first heap   total 524288K, used 27612K [0x00000007e0000000, 0x0000000800000000)
[2022-11-03T20:37:22.932+0900][gc,heap,exit]   region size 1024K, 23 young (23552K), 4 survivors (4096K)
[2022-11-03T20:37:22.932+0900][gc,heap,exit]  Metaspace       used 8573K, committed 8768K, reserved 1064960K
[2022-11-03T20:37:22.933+0900][gc,heap,exit]   class space    used 906K, committed 1024K, reserved 1048576K
